<?xml version="1.0" encoding="ISO-8859-1" ?>
<link_info>
   <banner>TI ARM Linker PC v18.12.1.LTS</banner>
   <copyright>Copyright (c) 1996-2018 Texas Instruments Incorporated</copyright>
   <link_time>0x5ca0384e</link_time>
   <link_errors>0x0</link_errors>
   <output_file>Lab4.out</output_file>
   <entry_point>
      <name>_c_int00_noargs</name>
      <address>0x10c11</address>
   </entry_point>
   <input_file_list>
      <input_file id="fl-2">
         <path>.\</path>
         <kind>object</kind>
         <file>LCDLib.obj</file>
         <name>LCDLib.obj</name>
      </input_file>
      <input_file id="fl-3">
         <path>.\</path>
         <kind>object</kind>
         <file>_ipc.obj</file>
         <name>_ipc.obj</name>
      </input_file>
      <input_file id="fl-4">
         <path>.\</path>
         <kind>object</kind>
         <file>_peripherals.obj</file>
         <name>_peripherals.obj</name>
      </input_file>
      <input_file id="fl-5">
         <path>.\</path>
         <kind>object</kind>
         <file>_semaphores.obj</file>
         <name>_semaphores.obj</name>
      </input_file>
      <input_file id="fl-6">
         <path>.\</path>
         <kind>object</kind>
         <file>_thread.obj</file>
         <name>_thread.obj</name>
      </input_file>
      <input_file id="fl-7">
         <path>.\</path>
         <kind>object</kind>
         <file>main.obj</file>
         <name>main.obj</name>
      </input_file>
      <input_file id="fl-8">
         <path>.\</path>
         <kind>object</kind>
         <file>os_context_switcher.obj</file>
         <name>os_context_switcher.obj</name>
      </input_file>
      <input_file id="fl-9">
         <path>.\</path>
         <kind>object</kind>
         <file>os_critical_section.obj</file>
         <name>os_critical_section.obj</name>
      </input_file>
      <input_file id="fl-a">
         <path>.\</path>
         <kind>object</kind>
         <file>os_init.obj</file>
         <name>os_init.obj</name>
      </input_file>
      <input_file id="fl-b">
         <path>.\</path>
         <kind>object</kind>
         <file>os_scheduler.obj</file>
         <name>os_scheduler.obj</name>
      </input_file>
      <input_file id="fl-c">
         <path>.\</path>
         <kind>object</kind>
         <file>startup_msp432p401r_ccs.obj</file>
         <name>startup_msp432p401r_ccs.obj</name>
      </input_file>
      <input_file id="fl-d">
         <path>.\</path>
         <kind>object</kind>
         <file>system_msp432p401r.obj</file>
         <name>system_msp432p401r.obj</name>
      </input_file>
      <input_file id="fl-e">
         <path>.\</path>
         <kind>object</kind>
         <file>threads.obj</file>
         <name>threads.obj</name>
      </input_file>
      <input_file id="fl-f">
         <path>.\BoardSupportPackage\inc\</path>
         <kind>object</kind>
         <file>RGBLeds.obj</file>
         <name>RGBLeds.obj</name>
      </input_file>
      <input_file id="fl-10">
         <path>.\BoardSupportPackage\src\</path>
         <kind>object</kind>
         <file>AsciiLib.obj</file>
         <name>AsciiLib.obj</name>
      </input_file>
      <input_file id="fl-11">
         <path>.\BoardSupportPackage\src\</path>
         <kind>object</kind>
         <file>BSP.obj</file>
         <name>BSP.obj</name>
      </input_file>
      <input_file id="fl-12">
         <path>.\BoardSupportPackage\src\</path>
         <kind>object</kind>
         <file>BackChannelUart.obj</file>
         <name>BackChannelUart.obj</name>
      </input_file>
      <input_file id="fl-13">
         <path>.\BoardSupportPackage\src\</path>
         <kind>object</kind>
         <file>ClockSys.obj</file>
         <name>ClockSys.obj</name>
      </input_file>
      <input_file id="fl-14">
         <path>.\BoardSupportPackage\src\</path>
         <kind>object</kind>
         <file>Joystick.obj</file>
         <name>Joystick.obj</name>
      </input_file>
      <input_file id="fl-15">
         <path>.\BoardSupportPackage\src\</path>
         <kind>object</kind>
         <file>bme280.obj</file>
         <name>bme280.obj</name>
      </input_file>
      <input_file id="fl-16">
         <path>.\BoardSupportPackage\src\</path>
         <kind>object</kind>
         <file>bme280_support.obj</file>
         <name>bme280_support.obj</name>
      </input_file>
      <input_file id="fl-17">
         <path>.\BoardSupportPackage\src\</path>
         <kind>object</kind>
         <file>bmi160.obj</file>
         <name>bmi160.obj</name>
      </input_file>
      <input_file id="fl-18">
         <path>.\BoardSupportPackage\src\</path>
         <kind>object</kind>
         <file>bmi160_support.obj</file>
         <name>bmi160_support.obj</name>
      </input_file>
      <input_file id="fl-19">
         <path>.\BoardSupportPackage\src\</path>
         <kind>object</kind>
         <file>demo_sysctl.obj</file>
         <name>demo_sysctl.obj</name>
      </input_file>
      <input_file id="fl-1a">
         <path>.\BoardSupportPackage\src\</path>
         <kind>object</kind>
         <file>i2c_driver.obj</file>
         <name>i2c_driver.obj</name>
      </input_file>
      <input_file id="fl-1b">
         <path>.\BoardSupportPackage\src\</path>
         <kind>object</kind>
         <file>opt3001.obj</file>
         <name>opt3001.obj</name>
      </input_file>
      <input_file id="fl-1c">
         <path>.\BoardSupportPackage\src\</path>
         <kind>object</kind>
         <file>tmp007.obj</file>
         <name>tmp007.obj</name>
      </input_file>
      <input_file id="fl-22">
         <kind>object</kind>
         <file>&lt;internal&gt;</file>
         <name>&lt;internal&gt;</name>
      </input_file>
      <input_file id="fl-23">
         <path>..\BoardSupportPackage\DriverLib\</path>
         <kind>archive</kind>
         <file>msp432p4xx_driverlib.lib</file>
         <name>cs.o</name>
      </input_file>
      <input_file id="fl-24">
         <path>..\BoardSupportPackage\DriverLib\</path>
         <kind>archive</kind>
         <file>msp432p4xx_driverlib.lib</file>
         <name>flash.o</name>
      </input_file>
      <input_file id="fl-25">
         <path>..\BoardSupportPackage\DriverLib\</path>
         <kind>archive</kind>
         <file>msp432p4xx_driverlib.lib</file>
         <name>gpio.o</name>
      </input_file>
      <input_file id="fl-26">
         <path>..\BoardSupportPackage\DriverLib\</path>
         <kind>archive</kind>
         <file>msp432p4xx_driverlib.lib</file>
         <name>i2c.o</name>
      </input_file>
      <input_file id="fl-27">
         <path>..\BoardSupportPackage\DriverLib\</path>
         <kind>archive</kind>
         <file>msp432p4xx_driverlib.lib</file>
         <name>interrupt.o</name>
      </input_file>
      <input_file id="fl-28">
         <path>..\BoardSupportPackage\DriverLib\</path>
         <kind>archive</kind>
         <file>msp432p4xx_driverlib.lib</file>
         <name>pcm.o</name>
      </input_file>
      <input_file id="fl-29">
         <path>..\BoardSupportPackage\DriverLib\</path>
         <kind>archive</kind>
         <file>msp432p4xx_driverlib.lib</file>
         <name>rtc_c.o</name>
      </input_file>
      <input_file id="fl-2a">
         <path>..\BoardSupportPackage\DriverLib\</path>
         <kind>archive</kind>
         <file>msp432p4xx_driverlib.lib</file>
         <name>sysctl.o</name>
      </input_file>
      <input_file id="fl-2b">
         <path>..\BoardSupportPackage\DriverLib\</path>
         <kind>archive</kind>
         <file>msp432p4xx_driverlib.lib</file>
         <name>systick.o</name>
      </input_file>
      <input_file id="fl-2c">
         <path>..\BoardSupportPackage\DriverLib\</path>
         <kind>archive</kind>
         <file>msp432p4xx_driverlib.lib</file>
         <name>uart.o</name>
      </input_file>
      <input_file id="fl-2d">
         <path>..\BoardSupportPackage\DriverLib\</path>
         <kind>archive</kind>
         <file>msp432p4xx_driverlib.lib</file>
         <name>wdt_a.o</name>
      </input_file>
      <input_file id="fl-2e">
         <path>..\BoardSupportPackage\DriverLib\</path>
         <kind>archive</kind>
         <file>msp432p4xx_driverlib.lib</file>
         <name>cpu.o</name>
      </input_file>
      <input_file id="fl-e4">
         <path>C:\ti\ccsv7\tools\compiler\ti-cgt-arm_18.12.1.LTS\lib\</path>
         <kind>archive</kind>
         <file>rtsv7M4_T_le_v4SPD16_eabi.lib</file>
         <name>snprintf.c.obj</name>
      </input_file>
      <input_file id="fl-e5">
         <path>C:\ti\ccsv7\tools\compiler\ti-cgt-arm_18.12.1.LTS\lib\</path>
         <kind>archive</kind>
         <file>rtsv7M4_T_le_v4SPD16_eabi.lib</file>
         <name>ll_div_t2.asm.obj</name>
      </input_file>
      <input_file id="fl-e6">
         <path>C:\ti\ccsv7\tools\compiler\ti-cgt-arm_18.12.1.LTS\lib\</path>
         <kind>archive</kind>
         <file>rtsv7M4_T_le_v4SPD16_eabi.lib</file>
         <name>ull_div_t2.asm.obj</name>
      </input_file>
      <input_file id="fl-e7">
         <path>C:\ti\ccsv7\tools\compiler\ti-cgt-arm_18.12.1.LTS\lib\</path>
         <kind>archive</kind>
         <file>rtsv7M4_T_le_v4SPD16_eabi.lib</file>
         <name>ll_mul_t2.asm.obj</name>
      </input_file>
      <input_file id="fl-e8">
         <path>C:\ti\ccsv7\tools\compiler\ti-cgt-arm_18.12.1.LTS\lib\</path>
         <kind>archive</kind>
         <file>rtsv7M4_T_le_v4SPD16_eabi.lib</file>
         <name>memcpy_t2.asm.obj</name>
      </input_file>
      <input_file id="fl-e9">
         <path>C:\ti\ccsv7\tools\compiler\ti-cgt-arm_18.12.1.LTS\lib\</path>
         <kind>archive</kind>
         <file>rtsv7M4_T_le_v4SPD16_eabi.lib</file>
         <name>memset_t2.asm.obj</name>
      </input_file>
      <input_file id="fl-ea">
         <path>C:\ti\ccsv7\tools\compiler\ti-cgt-arm_18.12.1.LTS\lib\</path>
         <kind>archive</kind>
         <file>rtsv7M4_T_le_v4SPD16_eabi.lib</file>
         <name>copy_zero_init.c.obj</name>
      </input_file>
      <input_file id="fl-eb">
         <path>C:\ti\ccsv7\tools\compiler\ti-cgt-arm_18.12.1.LTS\lib\</path>
         <kind>archive</kind>
         <file>rtsv7M4_T_le_v4SPD16_eabi.lib</file>
         <name>copy_decompress_none.c.obj</name>
      </input_file>
      <input_file id="fl-ec">
         <path>C:\ti\ccsv7\tools\compiler\ti-cgt-arm_18.12.1.LTS\lib\</path>
         <kind>archive</kind>
         <file>rtsv7M4_T_le_v4SPD16_eabi.lib</file>
         <name>copy_decompress_lzss.c.obj</name>
      </input_file>
      <input_file id="fl-ed">
         <path>C:\ti\ccsv7\tools\compiler\ti-cgt-arm_18.12.1.LTS\lib\</path>
         <kind>archive</kind>
         <file>rtsv7M4_T_le_v4SPD16_eabi.lib</file>
         <name>rand.c.obj</name>
      </input_file>
      <input_file id="fl-ee">
         <path>C:\ti\ccsv7\tools\compiler\ti-cgt-arm_18.12.1.LTS\lib\</path>
         <kind>archive</kind>
         <file>rtsv7M4_T_le_v4SPD16_eabi.lib</file>
         <name>strncpy.c.obj</name>
      </input_file>
      <input_file id="fl-ef">
         <path>C:\ti\ccsv7\tools\compiler\ti-cgt-arm_18.12.1.LTS\lib\</path>
         <kind>archive</kind>
         <file>rtsv7M4_T_le_v4SPD16_eabi.lib</file>
         <name>boot_cortex_m.c.obj</name>
      </input_file>
      <input_file id="fl-f0">
         <path>C:\ti\ccsv7\tools\compiler\ti-cgt-arm_18.12.1.LTS\lib\</path>
         <kind>archive</kind>
         <file>rtsv7M4_T_le_v4SPD16_eabi.lib</file>
         <name>_printfi.c.obj</name>
      </input_file>
      <input_file id="fl-f1">
         <path>C:\ti\ccsv7\tools\compiler\ti-cgt-arm_18.12.1.LTS\lib\</path>
         <kind>archive</kind>
         <file>rtsv7M4_T_le_v4SPD16_eabi.lib</file>
         <name>s_frexp.c.obj</name>
      </input_file>
      <input_file id="fl-f2">
         <path>C:\ti\ccsv7\tools\compiler\ti-cgt-arm_18.12.1.LTS\lib\</path>
         <kind>archive</kind>
         <file>rtsv7M4_T_le_v4SPD16_eabi.lib</file>
         <name>s_scalbn.c.obj</name>
      </input_file>
      <input_file id="fl-f3">
         <path>C:\ti\ccsv7\tools\compiler\ti-cgt-arm_18.12.1.LTS\lib\</path>
         <kind>archive</kind>
         <file>rtsv7M4_T_le_v4SPD16_eabi.lib</file>
         <name>s_copysign.c.obj</name>
      </input_file>
      <input_file id="fl-f4">
         <path>C:\ti\ccsv7\tools\compiler\ti-cgt-arm_18.12.1.LTS\lib\</path>
         <kind>archive</kind>
         <file>rtsv7M4_T_le_v4SPD16_eabi.lib</file>
         <name>div0.asm.obj</name>
      </input_file>
      <input_file id="fl-f5">
         <path>C:\ti\ccsv7\tools\compiler\ti-cgt-arm_18.12.1.LTS\lib\</path>
         <kind>archive</kind>
         <file>rtsv7M4_T_le_v4SPD16_eabi.lib</file>
         <name>fd_add_t2.asm.obj</name>
      </input_file>
      <input_file id="fl-f6">
         <path>C:\ti\ccsv7\tools\compiler\ti-cgt-arm_18.12.1.LTS\lib\</path>
         <kind>archive</kind>
         <file>rtsv7M4_T_le_v4SPD16_eabi.lib</file>
         <name>fd_cmp_t2.asm.obj</name>
      </input_file>
      <input_file id="fl-f7">
         <path>C:\ti\ccsv7\tools\compiler\ti-cgt-arm_18.12.1.LTS\lib\</path>
         <kind>archive</kind>
         <file>rtsv7M4_T_le_v4SPD16_eabi.lib</file>
         <name>fd_div_t2.asm.obj</name>
      </input_file>
      <input_file id="fl-f8">
         <path>C:\ti\ccsv7\tools\compiler\ti-cgt-arm_18.12.1.LTS\lib\</path>
         <kind>archive</kind>
         <file>rtsv7M4_T_le_v4SPD16_eabi.lib</file>
         <name>fd_mul_t2.asm.obj</name>
      </input_file>
      <input_file id="fl-f9">
         <path>C:\ti\ccsv7\tools\compiler\ti-cgt-arm_18.12.1.LTS\lib\</path>
         <kind>archive</kind>
         <file>rtsv7M4_T_le_v4SPD16_eabi.lib</file>
         <name>fd_toi_t2.asm.obj</name>
      </input_file>
      <input_file id="fl-fa">
         <path>C:\ti\ccsv7\tools\compiler\ti-cgt-arm_18.12.1.LTS\lib\</path>
         <kind>archive</kind>
         <file>rtsv7M4_T_le_v4SPD16_eabi.lib</file>
         <name>i_tofd_t2.asm.obj</name>
      </input_file>
      <input_file id="fl-fb">
         <path>C:\ti\ccsv7\tools\compiler\ti-cgt-arm_18.12.1.LTS\lib\</path>
         <kind>archive</kind>
         <file>rtsv7M4_T_le_v4SPD16_eabi.lib</file>
         <name>autoinit.c.obj</name>
      </input_file>
      <input_file id="fl-fc">
         <path>C:\ti\ccsv7\tools\compiler\ti-cgt-arm_18.12.1.LTS\lib\</path>
         <kind>archive</kind>
         <file>rtsv7M4_T_le_v4SPD16_eabi.lib</file>
         <name>pre_init.c.obj</name>
      </input_file>
      <input_file id="fl-fd">
         <path>C:\ti\ccsv7\tools\compiler\ti-cgt-arm_18.12.1.LTS\lib\</path>
         <kind>archive</kind>
         <file>rtsv7M4_T_le_v4SPD16_eabi.lib</file>
         <name>cpy_tbl.c.obj</name>
      </input_file>
      <input_file id="fl-fe">
         <path>C:\ti\ccsv7\tools\compiler\ti-cgt-arm_18.12.1.LTS\lib\</path>
         <kind>archive</kind>
         <file>rtsv7M4_T_le_v4SPD16_eabi.lib</file>
         <name>exit.c.obj</name>
      </input_file>
      <input_file id="fl-ff">
         <path>C:\ti\ccsv7\tools\compiler\ti-cgt-arm_18.12.1.LTS\lib\</path>
         <kind>archive</kind>
         <file>rtsv7M4_T_le_v4SPD16_eabi.lib</file>
         <name>_lock.c.obj</name>
      </input_file>
      <input_file id="fl-100">
         <path>C:\ti\ccsv7\tools\compiler\ti-cgt-arm_18.12.1.LTS\lib\</path>
         <kind>archive</kind>
         <file>rtsv7M4_T_le_v4SPD16_eabi.lib</file>
         <name>args_main.c.obj</name>
      </input_file>
      <input_file id="fl-101">
         <path>C:\ti\ccsv7\tools\compiler\ti-cgt-arm_18.12.1.LTS\lib\</path>
         <kind>archive</kind>
         <file>rtsv7M4_T_le_v4SPD16_eabi.lib</file>
         <name>atoi.c.obj</name>
      </input_file>
      <input_file id="fl-102">
         <path>C:\ti\ccsv7\tools\compiler\ti-cgt-arm_18.12.1.LTS\lib\</path>
         <kind>archive</kind>
         <file>rtsv7M4_T_le_v4SPD16_eabi.lib</file>
         <name>ctype.c.obj</name>
      </input_file>
      <input_file id="fl-103">
         <path>C:\ti\ccsv7\tools\compiler\ti-cgt-arm_18.12.1.LTS\lib\</path>
         <kind>archive</kind>
         <file>rtsv7M4_T_le_v4SPD16_eabi.lib</file>
         <name>ltoa.c.obj</name>
      </input_file>
      <input_file id="fl-104">
         <path>C:\ti\ccsv7\tools\compiler\ti-cgt-arm_18.12.1.LTS\lib\</path>
         <kind>archive</kind>
         <file>rtsv7M4_T_le_v4SPD16_eabi.lib</file>
         <name>memccpy.c.obj</name>
      </input_file>
      <input_file id="fl-105">
         <path>C:\ti\ccsv7\tools\compiler\ti-cgt-arm_18.12.1.LTS\lib\</path>
         <kind>archive</kind>
         <file>rtsv7M4_T_le_v4SPD16_eabi.lib</file>
         <name>strchr.c.obj</name>
      </input_file>
      <input_file id="fl-106">
         <path>C:\ti\ccsv7\tools\compiler\ti-cgt-arm_18.12.1.LTS\lib\</path>
         <kind>archive</kind>
         <file>rtsv7M4_T_le_v4SPD16_eabi.lib</file>
         <name>strlen.c.obj</name>
      </input_file>
      <input_file id="fl-107">
         <path>C:\ti\ccsv7\tools\compiler\ti-cgt-arm_18.12.1.LTS\lib\</path>
         <kind>archive</kind>
         <file>rtsv7M4_T_le_v4SPD16_eabi.lib</file>
         <name>errno.c.obj</name>
      </input_file>
      <input_file id="fl-108">
         <path>C:\ti\ccsv7\tools\compiler\ti-cgt-arm_18.12.1.LTS\lib\</path>
         <kind>archive</kind>
         <file>rtsv7M4_T_le_v4SPD16_eabi.lib</file>
         <name>wcslen.c.obj</name>
      </input_file>
   </input_file_list>
   <object_component_list>
      <object_component id="oc-23">
         <name>.intvecs:retain</name>
         <load_address>0x0</load_address>
         <run_address>0x0</run_address>
         <size>0xe4</size>
         <input_file_ref idref="fl-c"/>
      </object_component>
      <object_component id="oc-2f2">
         <name>.text</name>
         <load_address>0xe8</load_address>
         <run_address>0xe8</run_address>
         <size>0x9afc</size>
         <input_file_ref idref="fl-17"/>
      </object_component>
      <object_component id="oc-104">
         <name>.text:I2C_setSlaveAddress</name>
         <load_address>0x9be4</load_address>
         <run_address>0x9be4</run_address>
         <size>0x4</size>
         <input_file_ref idref="fl-26"/>
      </object_component>
      <object_component id="oc-3a3">
         <name>.text</name>
         <load_address>0x9be8</load_address>
         <run_address>0x9be8</run_address>
         <size>0x11bc</size>
         <input_file_ref idref="fl-15"/>
      </object_component>
      <object_component id="oc-9b">
         <name>.text:_system_pre_init</name>
         <load_address>0xada4</load_address>
         <run_address>0xada4</run_address>
         <size>0x4</size>
         <input_file_ref idref="fl-fc"/>
      </object_component>
      <object_component id="oc-18e">
         <name>.text</name>
         <load_address>0xada8</load_address>
         <run_address>0xada8</run_address>
         <size>0xc20</size>
         <input_file_ref idref="fl-2"/>
      </object_component>
      <object_component id="oc-49d">
         <name>.text:__TI_printfi</name>
         <load_address>0xb9c8</load_address>
         <run_address>0xb9c8</run_address>
         <size>0xa4e</size>
         <input_file_ref idref="fl-f0"/>
      </object_component>
      <object_component id="oc-428">
         <name>.text:_nop</name>
         <load_address>0xc416</load_address>
         <run_address>0xc416</run_address>
         <size>0x2</size>
         <input_file_ref idref="fl-ff"/>
      </object_component>
      <object_component id="oc-25c">
         <name>.text</name>
         <load_address>0xc418</load_address>
         <run_address>0xc418</run_address>
         <size>0x87c</size>
         <input_file_ref idref="fl-18"/>
      </object_component>
      <object_component id="oc-1a7">
         <name>.text:abort:abort</name>
         <load_address>0xcc94</load_address>
         <run_address>0xcc94</run_address>
         <size>0x4</size>
         <input_file_ref idref="fl-fe"/>
      </object_component>
      <object_component id="oc-1a0">
         <name>.text</name>
         <load_address>0xcc98</load_address>
         <run_address>0xcc98</run_address>
         <size>0x78c</size>
         <input_file_ref idref="fl-e"/>
      </object_component>
      <object_component id="oc-54f">
         <name>.text</name>
         <load_address>0xd424</load_address>
         <run_address>0xd424</run_address>
         <size>0x2</size>
         <input_file_ref idref="fl-f4"/>
      </object_component>
      <object_component id="oc-6f">
         <name>.text</name>
         <load_address>0xd428</load_address>
         <run_address>0xd428</run_address>
         <size>0x4e0</size>
         <input_file_ref idref="fl-b"/>
      </object_component>
      <object_component id="oc-26e">
         <name>.text</name>
         <load_address>0xd908</load_address>
         <run_address>0xd908</run_address>
         <size>0x340</size>
         <input_file_ref idref="fl-12"/>
      </object_component>
      <object_component id="oc-75">
         <name>.text</name>
         <load_address>0xdc48</load_address>
         <run_address>0xdc48</run_address>
         <size>0x300</size>
         <input_file_ref idref="fl-1a"/>
      </object_component>
      <object_component id="oc-b3">
         <name>.text</name>
         <load_address>0xdf48</load_address>
         <run_address>0xdf48</run_address>
         <size>0x2b4</size>
         <input_file_ref idref="fl-d"/>
      </object_component>
      <object_component id="oc-585">
         <name>.text:_pconv_a</name>
         <load_address>0xe1fc</load_address>
         <run_address>0xe1fc</run_address>
         <size>0x270</size>
         <input_file_ref idref="fl-f0"/>
      </object_component>
      <object_component id="oc-573">
         <name>.text:_pconv_g</name>
         <load_address>0xe46c</load_address>
         <run_address>0xe46c</run_address>
         <size>0x1d0</size>
         <input_file_ref idref="fl-f0"/>
      </object_component>
      <object_component id="oc-268">
         <name>.text</name>
         <load_address>0xe640</load_address>
         <run_address>0xe640</run_address>
         <size>0x1c8</size>
         <input_file_ref idref="fl-16"/>
      </object_component>
      <object_component id="oc-5f0">
         <name>.text</name>
         <load_address>0xe808</load_address>
         <run_address>0xe808</run_address>
         <size>0x1b6</size>
         <input_file_ref idref="fl-f5"/>
      </object_component>
      <object_component id="oc-256">
         <name>.text</name>
         <load_address>0xe9c0</load_address>
         <run_address>0xe9c0</run_address>
         <size>0x1ac</size>
         <input_file_ref idref="fl-1c"/>
      </object_component>
      <object_component id="oc-2e0">
         <name>.text</name>
         <load_address>0xeb70</load_address>
         <run_address>0xeb70</run_address>
         <size>0x194</size>
         <input_file_ref idref="fl-6"/>
      </object_component>
      <object_component id="oc-57f">
         <name>.text:_pconv_e</name>
         <load_address>0xed04</load_address>
         <run_address>0xed04</run_address>
         <size>0x13c</size>
         <input_file_ref idref="fl-f0"/>
      </object_component>
      <object_component id="oc-262">
         <name>.text</name>
         <load_address>0xee40</load_address>
         <run_address>0xee40</run_address>
         <size>0x138</size>
         <input_file_ref idref="fl-14"/>
      </object_component>
      <object_component id="oc-5d6">
         <name>.text</name>
         <load_address>0xef78</load_address>
         <run_address>0xef78</run_address>
         <size>0x136</size>
         <input_file_ref idref="fl-f7"/>
      </object_component>
      <object_component id="oc-2ba">
         <name>.text</name>
         <load_address>0xf0b0</load_address>
         <run_address>0xf0b0</run_address>
         <size>0x128</size>
         <input_file_ref idref="fl-f"/>
      </object_component>
      <object_component id="oc-602">
         <name>.text:fcvt</name>
         <load_address>0xf1d8</load_address>
         <run_address>0xf1d8</run_address>
         <size>0x124</size>
         <input_file_ref idref="fl-f0"/>
      </object_component>
      <object_component id="oc-616">
         <name>.text:scalbn</name>
         <load_address>0xf2fc</load_address>
         <run_address>0xf2fc</run_address>
         <size>0x110</size>
         <input_file_ref idref="fl-f2"/>
      </object_component>
      <object_component id="oc-343">
         <name>.text:CS_getDCOFrequency</name>
         <load_address>0xf40c</load_address>
         <run_address>0xf40c</run_address>
         <size>0x104</size>
         <input_file_ref idref="fl-23"/>
      </object_component>
      <object_component id="oc-5d1">
         <name>.text</name>
         <load_address>0xf510</load_address>
         <run_address>0xf510</run_address>
         <size>0xfc</size>
         <input_file_ref idref="fl-f8"/>
      </object_component>
      <object_component id="oc-2d3">
         <name>.text</name>
         <load_address>0xf610</load_address>
         <run_address>0xf610</run_address>
         <size>0xf4</size>
         <input_file_ref idref="fl-3"/>
      </object_component>
      <object_component id="oc-372">
         <name>.text:CS_initClockSignal</name>
         <load_address>0xf704</load_address>
         <run_address>0xf704</run_address>
         <size>0xe0</size>
         <input_file_ref idref="fl-23"/>
      </object_component>
      <object_component id="oc-5b9">
         <name>.text:__PCM_setPowerModeAdvanced</name>
         <load_address>0xf7e4</load_address>
         <run_address>0xf7e4</run_address>
         <size>0xdc</size>
         <input_file_ref idref="fl-28"/>
      </object_component>
      <object_component id="oc-29b">
         <name>.text:LCD_ReadData</name>
         <load_address>0xf8c0</load_address>
         <run_address>0xf8c0</run_address>
         <size>0xd8</size>
         <input_file_ref idref="fl-2"/>
      </object_component>
      <object_component id="oc-2b4">
         <name>.text</name>
         <load_address>0xf998</load_address>
         <run_address>0xf998</run_address>
         <size>0xd0</size>
         <input_file_ref idref="fl-5"/>
      </object_component>
      <object_component id="oc-250">
         <name>.text</name>
         <load_address>0xfa68</load_address>
         <run_address>0xfa68</run_address>
         <size>0xcc</size>
         <input_file_ref idref="fl-1b"/>
      </object_component>
      <object_component id="oc-a1">
         <name>.text</name>
         <load_address>0xfb38</load_address>
         <run_address>0xfb38</run_address>
         <size>0xb8</size>
         <input_file_ref idref="fl-7"/>
      </object_component>
      <object_component id="oc-568">
         <name>.text:_ltostr</name>
         <load_address>0xfbf0</load_address>
         <run_address>0xfbf0</run_address>
         <size>0xb1</size>
         <input_file_ref idref="fl-f0"/>
      </object_component>
      <object_component id="oc-45d">
         <name>.text:__PCM_setCoreVoltageLevelAdvanced</name>
         <load_address>0xfca4</load_address>
         <run_address>0xfca4</run_address>
         <size>0xb0</size>
         <input_file_ref idref="fl-28"/>
      </object_component>
      <object_component id="oc-467">
         <name>.text:CS_startHFXTWithTimeout</name>
         <load_address>0xfd54</load_address>
         <run_address>0xfd54</run_address>
         <size>0x9c</size>
         <input_file_ref idref="fl-23"/>
      </object_component>
      <object_component id="oc-21d">
         <name>.text:_CSComputeCLKFrequency</name>
         <load_address>0xfdf0</load_address>
         <run_address>0xfdf0</run_address>
         <size>0x9c</size>
         <input_file_ref idref="fl-23"/>
      </object_component>
      <object_component id="oc-6a">
         <name>.text</name>
         <load_address>0xfe8c</load_address>
         <run_address>0xfe8c</run_address>
         <size>0x9c</size>
         <input_file_ref idref="fl-8"/>
      </object_component>
      <object_component id="oc-34">
         <name>.text</name>
         <load_address>0xff28</load_address>
         <run_address>0xff28</run_address>
         <size>0x9c</size>
         <input_file_ref idref="fl-e8"/>
      </object_component>
      <object_component id="oc-554">
         <name>.text</name>
         <load_address>0xffc4</load_address>
         <run_address>0xffc4</run_address>
         <size>0x96</size>
         <input_file_ref idref="fl-e6"/>
      </object_component>
      <object_component id="oc-3c2">
         <name>.text:UART_initModule</name>
         <load_address>0x1005c</load_address>
         <run_address>0x1005c</run_address>
         <size>0x94</size>
         <input_file_ref idref="fl-2c"/>
      </object_component>
      <object_component id="oc-56e">
         <name>.text:__aeabi_cdcmple</name>
         <load_address>0x100f0</load_address>
         <run_address>0x100f0</run_address>
         <size>0x86</size>
         <input_file_ref idref="fl-f6"/>
      </object_component>
      <object_component id="oc-5db">
         <name>.text:__aeabi_cdrcmple</name>
         <load_address>0x10176</load_address>
         <run_address>0x10176</run_address>
         <size>0x86</size>
         <input_file_ref idref="fl-f6"/>
      </object_component>
      <object_component id="oc-24a">
         <name>.text</name>
         <load_address>0x10200</load_address>
         <run_address>0x10200</run_address>
         <size>0x7c</size>
         <input_file_ref idref="fl-13"/>
      </object_component>
      <object_component id="oc-287">
         <name>.text:LCD_WriteIndex</name>
         <load_address>0x10280</load_address>
         <run_address>0x10280</run_address>
         <size>0x7c</size>
         <input_file_ref idref="fl-2"/>
      </object_component>
      <object_component id="oc-95">
         <name>.text</name>
         <load_address>0x102fc</load_address>
         <run_address>0x102fc</run_address>
         <size>0x7a</size>
         <input_file_ref idref="fl-e9"/>
      </object_component>
      <object_component id="oc-19a">
         <name>.text</name>
         <load_address>0x10378</load_address>
         <run_address>0x10378</run_address>
         <size>0x78</size>
         <input_file_ref idref="fl-a"/>
      </object_component>
      <object_component id="oc-28e">
         <name>.text:LCD_WriteData</name>
         <load_address>0x103f0</load_address>
         <run_address>0x103f0</run_address>
         <size>0x74</size>
         <input_file_ref idref="fl-2"/>
      </object_component>
      <object_component id="oc-53d">
         <name>.text:_CSGetHFXTFrequency</name>
         <load_address>0x10464</load_address>
         <run_address>0x10464</run_address>
         <size>0x70</size>
         <input_file_ref idref="fl-23"/>
      </object_component>
      <object_component id="oc-5fb">
         <name>.text:_mcpy</name>
         <load_address>0x104d4</load_address>
         <run_address>0x104d4</run_address>
         <size>0x6e</size>
         <input_file_ref idref="fl-f0"/>
      </object_component>
      <object_component id="oc-48d">
         <name>.text</name>
         <load_address>0x10542</load_address>
         <run_address>0x10542</run_address>
         <size>0x6e</size>
         <input_file_ref idref="fl-e5"/>
      </object_component>
      <object_component id="oc-14">
         <name>.text:decompress:lzss:__TI_decompress_lzss</name>
         <load_address>0x105b0</load_address>
         <run_address>0x105b0</run_address>
         <size>0x68</size>
         <input_file_ref idref="fl-ec"/>
      </object_component>
      <object_component id="oc-128">
         <name>.text:Interrupt_disableInterrupt</name>
         <load_address>0x10618</load_address>
         <run_address>0x10618</run_address>
         <size>0x64</size>
         <input_file_ref idref="fl-27"/>
      </object_component>
      <object_component id="oc-11c">
         <name>.text:Interrupt_enableInterrupt</name>
         <load_address>0x1067c</load_address>
         <run_address>0x1067c</run_address>
         <size>0x64</size>
         <input_file_ref idref="fl-27"/>
      </object_component>
      <object_component id="oc-610">
         <name>.text:frexp</name>
         <load_address>0x106e0</load_address>
         <run_address>0x106e0</run_address>
         <size>0x64</size>
         <input_file_ref idref="fl-f1"/>
      </object_component>
      <object_component id="oc-579">
         <name>.text:_pconv_f</name>
         <load_address>0x10744</load_address>
         <run_address>0x10744</run_address>
         <size>0x56</size>
         <input_file_ref idref="fl-f0"/>
      </object_component>
      <object_component id="oc-5e5">
         <name>.text:ltoa</name>
         <load_address>0x1079a</load_address>
         <run_address>0x1079a</run_address>
         <size>0x54</size>
         <input_file_ref idref="fl-103"/>
      </object_component>
      <object_component id="oc-5f5">
         <name>.text:_ecpy</name>
         <load_address>0x107ee</load_address>
         <run_address>0x107ee</run_address>
         <size>0x52</size>
         <input_file_ref idref="fl-f0"/>
      </object_component>
      <object_component id="oc-44e">
         <name>.text:SysCtl_getTLVInfo</name>
         <load_address>0x10840</load_address>
         <run_address>0x10840</run_address>
         <size>0x50</size>
         <input_file_ref idref="fl-2a"/>
      </object_component>
      <object_component id="oc-140">
         <name>.text:GPIO_setAsPeripheralModuleFunctionOutputPin</name>
         <load_address>0x10890</load_address>
         <run_address>0x10890</run_address>
         <size>0x4c</size>
         <input_file_ref idref="fl-25"/>
      </object_component>
      <object_component id="oc-448">
         <name>.text:_CSGetDOCFrequency</name>
         <load_address>0x108dc</load_address>
         <run_address>0x108dc</run_address>
         <size>0x4c</size>
         <input_file_ref idref="fl-23"/>
      </object_component>
      <object_component id="oc-562">
         <name>.text:atoi</name>
         <load_address>0x10928</load_address>
         <run_address>0x10928</run_address>
         <size>0x4c</size>
         <input_file_ref idref="fl-101"/>
      </object_component>
      <object_component id="oc-3b0">
         <name>.text:snprintf</name>
         <load_address>0x10974</load_address>
         <run_address>0x10974</run_address>
         <size>0x4c</size>
         <input_file_ref idref="fl-e4"/>
      </object_component>
      <object_component id="oc-3bc">
         <name>.text:GPIO_setAsPeripheralModuleFunctionInputPin</name>
         <load_address>0x109c0</load_address>
         <run_address>0x109c0</run_address>
         <size>0x48</size>
         <input_file_ref idref="fl-25"/>
      </object_component>
      <object_component id="oc-33d">
         <name>.text:_CSGetDividerValue</name>
         <load_address>0x10a08</load_address>
         <run_address>0x10a08</run_address>
         <size>0x48</size>
         <input_file_ref idref="fl-23"/>
      </object_component>
      <object_component id="oc-194">
         <name>.text</name>
         <load_address>0x10a50</load_address>
         <run_address>0x10a50</run_address>
         <size>0x48</size>
         <input_file_ref idref="fl-4"/>
      </object_component>
      <object_component id="oc-5e0">
         <name>.text</name>
         <load_address>0x10a98</load_address>
         <run_address>0x10a98</run_address>
         <size>0x48</size>
         <input_file_ref idref="fl-f9"/>
      </object_component>
      <object_component id="oc-1b3">
         <name>.text:__TI_auto_init_nobinit_nopinit:__TI_auto_init_nobinit_nopinit</name>
         <load_address>0x10ae0</load_address>
         <run_address>0x10ae0</run_address>
         <size>0x44</size>
         <input_file_ref idref="fl-fb"/>
      </object_component>
      <object_component id="oc-fe">
         <name>.text:I2C_initMaster</name>
         <load_address>0x10b24</load_address>
         <run_address>0x10b24</run_address>
         <size>0x3e</size>
         <input_file_ref idref="fl-26"/>
      </object_component>
      <object_component id="oc-608">
         <name>.text:_fcpy</name>
         <load_address>0x10b62</load_address>
         <run_address>0x10b62</run_address>
         <size>0x3e</size>
         <input_file_ref idref="fl-f0"/>
      </object_component>
      <object_component id="oc-116">
         <name>.text:I2C_masterSendMultiByteStart</name>
         <load_address>0x10ba0</load_address>
         <run_address>0x10ba0</run_address>
         <size>0x38</size>
         <input_file_ref idref="fl-26"/>
      </object_component>
      <object_component id="oc-c9">
         <name>.text:strncpy</name>
         <load_address>0x10bd8</load_address>
         <run_address>0x10bd8</run_address>
         <size>0x36</size>
         <input_file_ref idref="fl-ee"/>
      </object_component>
      <object_component id="oc-52">
         <name>.text:_c_int00_noargs:_c_int00_noargs</name>
         <load_address>0x10c10</load_address>
         <run_address>0x10c10</run_address>
         <size>0x34</size>
         <input_file_ref idref="fl-ef"/>
      </object_component>
      <object_component id="oc-2e9">
         <name>.text:rand</name>
         <load_address>0x10c44</load_address>
         <run_address>0x10c44</run_address>
         <size>0x34</size>
         <input_file_ref idref="fl-ed"/>
      </object_component>
      <object_component id="oc-188">
         <name>.text</name>
         <load_address>0x10c78</load_address>
         <run_address>0x10c78</run_address>
         <size>0x30</size>
         <input_file_ref idref="fl-11"/>
      </object_component>
      <object_component id="oc-152">
         <name>.text:I2C_masterSendMultiByteStop</name>
         <load_address>0x10ca8</load_address>
         <run_address>0x10ca8</run_address>
         <size>0x30</size>
         <input_file_ref idref="fl-26"/>
      </object_component>
      <object_component id="oc-4a3">
         <name>.text:_outs</name>
         <load_address>0x10cd8</load_address>
         <run_address>0x10cd8</run_address>
         <size>0x30</size>
         <input_file_ref idref="fl-e4"/>
      </object_component>
      <object_component id="oc-5eb">
         <name>.text</name>
         <load_address>0x10d08</load_address>
         <run_address>0x10d08</run_address>
         <size>0x2e</size>
         <input_file_ref idref="fl-fa"/>
      </object_component>
      <object_component id="oc-295">
         <name>.text</name>
         <load_address>0x10d38</load_address>
         <run_address>0x10d38</run_address>
         <size>0x2c</size>
         <input_file_ref idref="fl-10"/>
      </object_component>
      <object_component id="oc-2a2">
         <name>.text:GPIO_setAsInputPin</name>
         <load_address>0x10d64</load_address>
         <run_address>0x10d64</run_address>
         <size>0x2c</size>
         <input_file_ref idref="fl-25"/>
      </object_component>
      <object_component id="oc-51b">
         <name>.text:PCM_getCoreVoltageLevel</name>
         <load_address>0x10d90</load_address>
         <run_address>0x10d90</run_address>
         <size>0x2c</size>
         <input_file_ref idref="fl-28"/>
      </object_component>
      <object_component id="oc-515">
         <name>.text:PCM_getPowerMode</name>
         <load_address>0x10dbc</load_address>
         <run_address>0x10dbc</run_address>
         <size>0x2a</size>
         <input_file_ref idref="fl-28"/>
      </object_component>
      <object_component id="oc-366">
         <name>.text:FlashCtl_setWaitState</name>
         <load_address>0x10de8</load_address>
         <run_address>0x10de8</run_address>
         <size>0x28</size>
         <input_file_ref idref="fl-24"/>
      </object_component>
      <object_component id="oc-349">
         <name>.text:CS_clearInterruptFlag</name>
         <load_address>0x10e10</load_address>
         <run_address>0x10e10</run_address>
         <size>0x24</size>
         <input_file_ref idref="fl-23"/>
      </object_component>
      <object_component id="oc-15e">
         <name>.text:I2C_masterSendMultiByteNext</name>
         <load_address>0x10e34</load_address>
         <run_address>0x10e34</run_address>
         <size>0x24</size>
         <input_file_ref idref="fl-26"/>
      </object_component>
      <object_component id="oc-399">
         <name>.text:Interrupt_setPriority</name>
         <load_address>0x10e58</load_address>
         <run_address>0x10e58</run_address>
         <size>0x24</size>
         <input_file_ref idref="fl-27"/>
      </object_component>
      <object_component id="oc-3b6">
         <name>.text:UART_transmitData</name>
         <load_address>0x10e7c</load_address>
         <run_address>0x10e7c</run_address>
         <size>0x24</size>
         <input_file_ref idref="fl-2c"/>
      </object_component>
      <object_component id="oc-2a8">
         <name>.text:GPIO_interruptEdgeSelect</name>
         <load_address>0x10ea0</load_address>
         <run_address>0x10ea0</run_address>
         <size>0x20</size>
         <input_file_ref idref="fl-25"/>
      </object_component>
      <object_component id="oc-386">
         <name>.text</name>
         <load_address>0x10ec0</load_address>
         <run_address>0x10ec0</run_address>
         <size>0x20</size>
         <input_file_ref idref="fl-19"/>
      </object_component>
      <object_component id="oc-58b">
         <name>.text:memccpy</name>
         <load_address>0x10ee0</load_address>
         <run_address>0x10ee0</run_address>
         <size>0x1c</size>
         <input_file_ref idref="fl-104"/>
      </object_component>
      <object_component id="oc-658">
         <name>.text:copysign</name>
         <load_address>0x10efc</load_address>
         <run_address>0x10efc</run_address>
         <size>0x1a</size>
         <input_file_ref idref="fl-f3"/>
      </object_component>
      <object_component id="oc-2d9">
         <name>.text:CS_getMCLK</name>
         <load_address>0x10f18</load_address>
         <run_address>0x10f18</run_address>
         <size>0x18</size>
         <input_file_ref idref="fl-23"/>
      </object_component>
      <object_component id="oc-13a">
         <name>.text:CS_getSMCLK</name>
         <load_address>0x10f30</load_address>
         <run_address>0x10f30</run_address>
         <size>0x18</size>
         <input_file_ref idref="fl-23"/>
      </object_component>
      <object_component id="oc-27b">
         <name>.text:GPIO_clearInterruptFlag</name>
         <load_address>0x10f48</load_address>
         <run_address>0x10f48</run_address>
         <size>0x18</size>
         <input_file_ref idref="fl-25"/>
      </object_component>
      <object_component id="oc-275">
         <name>.text:GPIO_disableInterrupt</name>
         <load_address>0x10f60</load_address>
         <run_address>0x10f60</run_address>
         <size>0x18</size>
         <input_file_ref idref="fl-25"/>
      </object_component>
      <object_component id="oc-23e">
         <name>.text:WDT_A_clearTimer</name>
         <load_address>0x10f78</load_address>
         <run_address>0x10f78</run_address>
         <size>0x18</size>
         <input_file_ref idref="fl-2d"/>
      </object_component>
      <object_component id="oc-244">
         <name>.text:WDT_A_holdTimer</name>
         <load_address>0x10f90</load_address>
         <run_address>0x10f90</run_address>
         <size>0x18</size>
         <input_file_ref idref="fl-2d"/>
      </object_component>
      <object_component id="oc-4a9">
         <name>.text:_outc</name>
         <load_address>0x10fa8</load_address>
         <run_address>0x10fa8</run_address>
         <size>0x18</size>
         <input_file_ref idref="fl-e4"/>
      </object_component>
      <object_component id="oc-488">
         <name>.text</name>
         <load_address>0x10fc0</load_address>
         <run_address>0x10fc0</run_address>
         <size>0x18</size>
         <input_file_ref idref="fl-e7"/>
      </object_component>
      <object_component id="oc-61c">
         <name>.text:strchr</name>
         <load_address>0x10fd8</load_address>
         <run_address>0x10fd8</run_address>
         <size>0x16</size>
         <input_file_ref idref="fl-105"/>
      </object_component>
      <object_component id="oc-360">
         <name>.text:CS_setExternalClockSourceFrequency</name>
         <load_address>0x10ff0</load_address>
         <run_address>0x10ff0</run_address>
         <size>0x14</size>
         <input_file_ref idref="fl-23"/>
      </object_component>
      <object_component id="oc-281">
         <name>.text:GPIO_enableInterrupt</name>
         <load_address>0x11004</load_address>
         <run_address>0x11004</run_address>
         <size>0x14</size>
         <input_file_ref idref="fl-25"/>
      </object_component>
      <object_component id="oc-f2">
         <name>.text:I2C_isBusBusy</name>
         <load_address>0x11018</load_address>
         <run_address>0x11018</run_address>
         <size>0x14</size>
         <input_file_ref idref="fl-26"/>
      </object_component>
      <object_component id="oc-2cd">
         <name>.text:SysTick_enableInterrupt</name>
         <load_address>0x1102c</load_address>
         <run_address>0x1102c</run_address>
         <size>0x14</size>
         <input_file_ref idref="fl-2b"/>
      </object_component>
      <object_component id="oc-55c">
         <name>.text:strlen</name>
         <load_address>0x11040</load_address>
         <run_address>0x11040</run_address>
         <size>0x14</size>
         <input_file_ref idref="fl-106"/>
      </object_component>
      <object_component id="oc-64">
         <name>.text</name>
         <load_address>0x11058</load_address>
         <run_address>0x11058</run_address>
         <size>0x12</size>
         <input_file_ref idref="fl-c"/>
      </object_component>
      <object_component id="oc-591">
         <name>.text:wcslen</name>
         <load_address>0x1106a</load_address>
         <run_address>0x1106a</run_address>
         <size>0x12</size>
         <input_file_ref idref="fl-108"/>
      </object_component>
      <object_component id="oc-134">
         <name>.text:I2C_masterReceiveStart</name>
         <load_address>0x1107c</load_address>
         <run_address>0x1107c</run_address>
         <size>0x10</size>
         <input_file_ref idref="fl-26"/>
      </object_component>
      <object_component id="oc-537">
         <name>.text:SysCtl_disableNMISource</name>
         <load_address>0x1108c</load_address>
         <run_address>0x1108c</run_address>
         <size>0x10</size>
         <input_file_ref idref="fl-2a"/>
      </object_component>
      <object_component id="oc-543">
         <name>.text:SysCtl_enableNMISource</name>
         <load_address>0x1109c</load_address>
         <run_address>0x1109c</run_address>
         <size>0x10</size>
         <input_file_ref idref="fl-2a"/>
      </object_component>
      <object_component id="oc-14c">
         <name>.text:I2C_clearInterruptFlag</name>
         <load_address>0x110ac</load_address>
         <run_address>0x110ac</run_address>
         <size>0xe</size>
         <input_file_ref idref="fl-26"/>
      </object_component>
      <object_component id="oc-122">
         <name>.text:I2C_disableInterrupt</name>
         <load_address>0x110ba</load_address>
         <run_address>0x110ba</run_address>
         <size>0xe</size>
         <input_file_ref idref="fl-26"/>
      </object_component>
      <object_component id="oc-1a">
         <name>.text:decompress:none:__TI_decompress_none</name>
         <load_address>0x110c8</load_address>
         <run_address>0x110c8</run_address>
         <size>0xe</size>
         <input_file_ref idref="fl-eb"/>
      </object_component>
      <object_component id="oc-c4">
         <name>.text</name>
         <load_address>0x110d6</load_address>
         <run_address>0x110d6</run_address>
         <size>0xe</size>
         <input_file_ref idref="fl-9"/>
      </object_component>
      <object_component id="oc-f8">
         <name>.text:I2C_disableModule</name>
         <load_address>0x110e4</load_address>
         <run_address>0x110e4</run_address>
         <size>0xc</size>
         <input_file_ref idref="fl-26"/>
      </object_component>
      <object_component id="oc-10a">
         <name>.text:I2C_enableModule</name>
         <load_address>0x110f0</load_address>
         <run_address>0x110f0</run_address>
         <size>0xc</size>
         <input_file_ref idref="fl-26"/>
      </object_component>
      <object_component id="oc-521">
         <name>.text:PCM_getPowerState</name>
         <load_address>0x110fc</load_address>
         <run_address>0x110fc</run_address>
         <size>0xc</size>
         <input_file_ref idref="fl-28"/>
      </object_component>
      <object_component id="oc-531">
         <name>.text:SysCtl_getNMISourceStatus</name>
         <load_address>0x11108</load_address>
         <run_address>0x11108</run_address>
         <size>0xc</size>
         <input_file_ref idref="fl-2a"/>
      </object_component>
      <object_component id="oc-3c8">
         <name>.text:UART_enableModule</name>
         <load_address>0x11114</load_address>
         <run_address>0x11114</run_address>
         <size>0xc</size>
         <input_file_ref idref="fl-2c"/>
      </object_component>
      <object_component id="oc-46">
         <name>.text:decompress:ZI:__TI_zero_init</name>
         <load_address>0x11120</load_address>
         <run_address>0x11120</run_address>
         <size>0xc</size>
         <input_file_ref idref="fl-ea"/>
      </object_component>
      <object_component id="oc-110">
         <name>.text:I2C_enableInterrupt</name>
         <load_address>0x1112c</load_address>
         <run_address>0x1112c</run_address>
         <size>0x8</size>
         <input_file_ref idref="fl-26"/>
      </object_component>
      <object_component id="oc-35a">
         <name>.text:PCM_setCoreVoltageLevel</name>
         <load_address>0x11134</load_address>
         <run_address>0x11134</run_address>
         <size>0x8</size>
         <input_file_ref idref="fl-28"/>
      </object_component>
      <object_component id="oc-527">
         <name>.text:PCM_setPowerMode</name>
         <load_address>0x1113c</load_address>
         <run_address>0x1113c</run_address>
         <size>0x8</size>
         <input_file_ref idref="fl-28"/>
      </object_component>
      <object_component id="oc-597">
         <name>.text:__aeabi_errno_addr</name>
         <load_address>0x11144</load_address>
         <run_address>0x11144</run_address>
         <size>0x8</size>
         <input_file_ref idref="fl-107"/>
      </object_component>
      <object_component id="oc-36c">
         <name>.text:CS_startHFXT</name>
         <load_address>0x1114c</load_address>
         <run_address>0x1114c</run_address>
         <size>0x6</size>
         <input_file_ref idref="fl-23"/>
      </object_component>
      <object_component id="oc-146">
         <name>.text:I2C_getEnabledInterruptStatus</name>
         <load_address>0x11152</load_address>
         <run_address>0x11152</run_address>
         <size>0x6</size>
         <input_file_ref idref="fl-26"/>
      </object_component>
      <object_component id="oc-12e">
         <name>.text:I2C_getInterruptStatus</name>
         <load_address>0x11158</load_address>
         <run_address>0x11158</run_address>
         <size>0x6</size>
         <input_file_ref idref="fl-26"/>
      </object_component>
      <object_component id="oc-158">
         <name>.text:I2C_masterReceiveMultiByteNext</name>
         <load_address>0x1115e</load_address>
         <run_address>0x1115e</run_address>
         <size>0x6</size>
         <input_file_ref idref="fl-26"/>
      </object_component>
      <object_component id="oc-47d">
         <name>.text:SysCtlDelay</name>
         <load_address>0x11164</load_address>
         <run_address>0x11164</run_address>
         <size>0x6</size>
         <input_file_ref idref="fl-19"/>
      </object_component>
      <object_component id="oc-3de">
         <name>.const:AsciiLib</name>
         <load_address>0x1116c</load_address>
         <run_address>0x1116c</run_address>
         <size>0x5f0</size>
         <input_file_ref idref="fl-10"/>
      </object_component>
      <object_component id="oc-5ca">
         <name>.const:.string:_ctypes_</name>
         <load_address>0x1175c</load_address>
         <run_address>0x1175c</run_address>
         <size>0x101</size>
         <input_file_ref idref="fl-102"/>
      </object_component>
      <object_component id="oc-41e">
         <name>.const:.string:INVALID_OFFSET</name>
         <load_address>0x1185d</load_address>
         <run_address>0x1185d</run_address>
         <size>0x3</size>
         <input_file_ref idref="fl-17"/>
      </object_component>
      <object_component id="oc-47f">
         <name>.const:g_pulRegs</name>
         <load_address>0x11860</load_address>
         <run_address>0x11860</run_address>
         <size>0x50</size>
         <input_file_ref idref="fl-27"/>
      </object_component>
      <object_component id="oc-214">
         <name>.const</name>
         <load_address>0x118b0</load_address>
         <run_address>0x118b0</run_address>
         <size>0x40</size>
         <input_file_ref idref="fl-27"/>
      </object_component>
      <object_component id="oc-3d1">
         <name>.const:backChannelUart115200Config</name>
         <load_address>0x118f0</load_address>
         <run_address>0x118f0</run_address>
         <size>0x24</size>
         <input_file_ref idref="fl-12"/>
      </object_component>
      <object_component id="oc-422">
         <name>.const:yas532_version_ac_coef</name>
         <load_address>0x11914</load_address>
         <run_address>0x11914</run_address>
         <size>0xc</size>
         <input_file_ref idref="fl-17"/>
      </object_component>
      <object_component id="oc-41d">
         <name>.const:v_calib_data$2</name>
         <load_address>0x11920</load_address>
         <run_address>0x11920</run_address>
         <size>0x8</size>
         <input_file_ref idref="fl-17"/>
      </object_component>
      <object_component id="oc-3ac">
         <name>.const:.string:$P$T0$1</name>
         <load_address>0x11928</load_address>
         <run_address>0x11928</run_address>
         <size>0x5</size>
         <input_file_ref idref="fl-16"/>
      </object_component>
      <object_component id="oc-421">
         <name>.const:.string:v_correct_u8$1</name>
         <load_address>0x1192d</load_address>
         <run_address>0x1192d</run_address>
         <size>0x5</size>
         <input_file_ref idref="fl-17"/>
      </object_component>
      <object_component id="oc-cf">
         <name>.const</name>
         <load_address>0x11932</load_address>
         <run_address>0x11932</run_address>
         <size>0x1</size>
         <input_file_ref idref="fl-b"/>
      </object_component>
      <object_component id="oc-6b3">
         <name>.cinit..data.load</name>
         <load_address>0x11938</load_address>
         <run_address>0x11938</run_address>
         <size>0x55</size>
      </object_component>
      <object_component id="oc-6b1">
         <name>__TI_handler_table</name>
         <load_address>0x11990</load_address>
         <run_address>0x11990</run_address>
         <size>0xc</size>
      </object_component>
      <object_component id="oc-6b4">
         <name>.cinit..bss.load</name>
         <load_address>0x119a0</load_address>
         <run_address>0x119a0</run_address>
         <size>0x8</size>
      </object_component>
      <object_component id="oc-6b2">
         <name>__TI_cinit_table</name>
         <load_address>0x119a8</load_address>
         <run_address>0x119a8</run_address>
         <size>0x10</size>
      </object_component>
      <object_component id="oc-686">
         <name>.binit</name>
         <load_address>0x0</load_address>
         <run_address>0x0</run_address>
         <size>0x0</size>
      </object_component>
      <object_component id="oc-bd">
         <name>.data</name>
         <load_address>0x2000e03c</load_address>
         <run_address>0x2000e03c</run_address>
         <size>0x4</size>
         <input_file_ref idref="fl-7"/>
      </object_component>
      <object_component id="oc-ba">
         <name>.data</name>
         <load_address>0x2000dfdc</load_address>
         <run_address>0x2000dfdc</run_address>
         <size>0x2a</size>
         <input_file_ref idref="fl-b"/>
      </object_component>
      <object_component id="oc-1e5">
         <name>.data</name>
         <load_address>0x2000e048</load_address>
         <run_address>0x2000e048</run_address>
         <size>0x4</size>
         <input_file_ref idref="fl-d"/>
      </object_component>
      <object_component id="oc-2e6">
         <name>.data</name>
         <load_address>0x2000e01c</load_address>
         <run_address>0x2000e01c</run_address>
         <size>0xe</size>
         <input_file_ref idref="fl-e"/>
      </object_component>
      <object_component id="oc-40c">
         <name>.data</name>
         <load_address>0x2000e034</load_address>
         <run_address>0x2000e034</run_address>
         <size>0x8</size>
         <input_file_ref idref="fl-17"/>
      </object_component>
      <object_component id="oc-412">
         <name>.data:v_fifo_data_u8</name>
         <load_address>0x2000dbac</load_address>
         <run_address>0x2000dbac</run_address>
         <size>0x400</size>
         <input_file_ref idref="fl-17"/>
      </object_component>
      <object_component id="oc-16c">
         <name>.data</name>
         <load_address>0x2000e006</load_address>
         <run_address>0x2000e006</run_address>
         <size>0x1</size>
         <input_file_ref idref="fl-1a"/>
      </object_component>
      <object_component id="oc-167">
         <name>.data:i2cConfig</name>
         <load_address>0x2000e008</load_address>
         <run_address>0x2000e008</run_address>
         <size>0x14</size>
         <input_file_ref idref="fl-1a"/>
      </object_component>
      <object_component id="oc-224">
         <name>.data:GPIO_PORT_TO_BASE</name>
         <load_address>0x2000dfac</load_address>
         <run_address>0x2000dfac</run_address>
         <size>0x30</size>
         <input_file_ref idref="fl-25"/>
      </object_component>
      <object_component id="oc-3ff">
         <name>.data</name>
         <load_address>0x2000e044</load_address>
         <run_address>0x2000e044</run_address>
         <size>0x4</size>
         <input_file_ref idref="fl-ed"/>
      </object_component>
      <object_component id="oc-2fd">
         <name>.data:$O1$$</name>
         <load_address>0x2000e02c</load_address>
         <run_address>0x2000e02c</run_address>
         <size>0x8</size>
         <input_file_ref idref="fl-ff"/>
      </object_component>
      <object_component id="oc-62c">
         <name>.data</name>
         <load_address>0x2000e040</load_address>
         <run_address>0x2000e040</run_address>
         <size>0x4</size>
         <input_file_ref idref="fl-107"/>
      </object_component>
      <object_component id="oc-3ee">
         <name>.bss:FIFOs</name>
         <uninitialized>true</uninitialized>
         <run_address>0x2000d9d4</run_address>
         <size>0x70</size>
         <input_file_ref idref="fl-3"/>
      </object_component>
      <object_component id="oc-3f1">
         <name>.bss:FIFO_buffers</name>
         <uninitialized>true</uninitialized>
         <run_address>0x2000d7d4</run_address>
         <size>0x100</size>
         <input_file_ref idref="fl-3"/>
      </object_component>
      <object_component id="oc-2c0">
         <name>.bss</name>
         <uninitialized>true</uninitialized>
         <run_address>0x2000db78</run_address>
         <size>0x4</size>
         <input_file_ref idref="fl-4"/>
      </object_component>
      <object_component id="oc-d5">
         <name>.bss:thread_stacks</name>
         <uninitialized>true</uninitialized>
         <run_address>0x20000000</run_address>
         <size>0xc800</size>
         <input_file_ref idref="fl-b"/>
      </object_component>
      <object_component id="oc-c1">
         <name>.bss:periodic_thread_control_blocks</name>
         <uninitialized>true</uninitialized>
         <run_address>0x2000db20</run_address>
         <size>0x28</size>
         <input_file_ref idref="fl-b"/>
      </object_component>
      <object_component id="oc-2ef">
         <name>.bss:b_array</name>
         <uninitialized>true</uninitialized>
         <run_address>0x2000d694</run_address>
         <size>0x140</size>
         <input_file_ref idref="fl-e"/>
      </object_component>
      <object_component id="oc-3ce">
         <name>.bss:backChannelStringBuff</name>
         <uninitialized>true</uninitialized>
         <run_address>0x2000d8d4</run_address>
         <size>0x100</size>
         <input_file_ref idref="fl-12"/>
      </object_component>
      <object_component id="oc-485">
         <name>.bss</name>
         <uninitialized>true</uninitialized>
         <run_address>0x2000db7c</run_address>
         <size>0x4</size>
         <input_file_ref idref="fl-15"/>
      </object_component>
      <object_component id="oc-406">
         <name>.bss</name>
         <uninitialized>true</uninitialized>
         <run_address>0x2000db80</run_address>
         <size>0x4</size>
         <input_file_ref idref="fl-17"/>
      </object_component>
      <object_component id="oc-40f">
         <name>.bss:mag_trim</name>
         <uninitialized>true</uninitialized>
         <run_address>0x2000db5c</run_address>
         <size>0x10</size>
         <input_file_ref idref="fl-17"/>
      </object_component>
      <object_component id="oc-409">
         <name>.bss:akm_asa_data</name>
         <uninitialized>true</uninitialized>
         <run_address>0x2000dba4</run_address>
         <size>0x3</size>
         <input_file_ref idref="fl-17"/>
      </object_component>
      <object_component id="oc-41a">
         <name>.bss:yas532_data</name>
         <uninitialized>true</uninitialized>
         <run_address>0x2000da44</run_address>
         <size>0x70</size>
         <input_file_ref idref="fl-17"/>
      </object_component>
      <object_component id="oc-37e">
         <name>.bss:buf</name>
         <uninitialized>true</uninitialized>
         <run_address>0x2000db84</run_address>
         <size>0x4</size>
         <input_file_ref idref="fl-1c"/>
      </object_component>
      <object_component id="oc-37b">
         <name>.bss</name>
         <uninitialized>true</uninitialized>
         <run_address>0x2000dba8</run_address>
         <size>0x2</size>
         <input_file_ref idref="fl-1c"/>
      </object_component>
      <object_component id="oc-2c3">
         <name>.common:sensor_I2C</name>
         <uninitialized>true</uninitialized>
         <run_address>0x2000dba0</run_address>
         <size>0x4</size>
      </object_component>
      <object_component id="oc-2c6">
         <name>.common:lcd_SPI</name>
         <uninitialized>true</uninitialized>
         <run_address>0x2000db94</run_address>
         <size>0x4</size>
      </object_component>
      <object_component id="oc-1eb">
         <name>.common:main_loop_context</name>
         <uninitialized>true</uninitialized>
         <run_address>0x2000daf0</run_address>
         <size>0x30</size>
      </object_component>
      <object_component id="oc-d2">
         <name>.common:thread_control_blocks</name>
         <uninitialized>true</uninitialized>
         <run_address>0x2000c800</run_address>
         <size>0x450</size>
      </object_component>
      <object_component id="oc-39f">
         <name>.common:ButtonFunction</name>
         <uninitialized>true</uninitialized>
         <run_address>0x2000db88</run_address>
         <size>0x4</size>
      </object_component>
      <object_component id="oc-3a9">
         <name>.common:bme280</name>
         <uninitialized>true</uninitialized>
         <run_address>0x2000dab4</run_address>
         <size>0x3c</size>
      </object_component>
      <object_component id="oc-418">
         <name>.common:accel_fifo</name>
         <uninitialized>true</uninitialized>
         <run_address>0x2000cc50</run_address>
         <size>0x36c</size>
      </object_component>
      <object_component id="oc-419">
         <name>.common:gyro_fifo</name>
         <uninitialized>true</uninitialized>
         <run_address>0x2000cfbc</run_address>
         <size>0x36c</size>
      </object_component>
      <object_component id="oc-415">
         <name>.common:mag_fifo</name>
         <uninitialized>true</uninitialized>
         <run_address>0x2000d328</run_address>
         <size>0x36c</size>
      </object_component>
      <object_component id="oc-383">
         <name>.common:s_bmi160</name>
         <uninitialized>true</uninitialized>
         <run_address>0x2000db48</run_address>
         <size>0x14</size>
      </object_component>
      <object_component id="oc-38c">
         <name>.common:gyroxyz</name>
         <uninitialized>true</uninitialized>
         <run_address>0x2000db72</run_address>
         <size>0x6</size>
      </object_component>
      <object_component id="oc-38d">
         <name>.common:accelxyz</name>
         <uninitialized>true</uninitialized>
         <run_address>0x2000db6c</run_address>
         <size>0x6</size>
      </object_component>
      <object_component id="oc-16a">
         <name>.common:ui8Status</name>
         <uninitialized>true</uninitialized>
         <run_address>0x2000dbaa</run_address>
         <size>0x1</size>
      </object_component>
      <object_component id="oc-164">
         <name>.common:pData</name>
         <uninitialized>true</uninitialized>
         <run_address>0x2000db9c</run_address>
         <size>0x4</size>
      </object_component>
      <object_component id="oc-16f">
         <name>.common:ui8DummyRead</name>
         <uninitialized>true</uninitialized>
         <run_address>0x2000dba7</run_address>
         <size>0x1</size>
      </object_component>
      <object_component id="oc-16b">
         <name>.common:g_ui32ByteCount</name>
         <uninitialized>true</uninitialized>
         <run_address>0x2000db8c</run_address>
         <size>0x4</size>
      </object_component>
      <object_component id="oc-34f">
         <name>.common:hfxtFreq</name>
         <uninitialized>true</uninitialized>
         <run_address>0x2000db90</run_address>
         <size>0x4</size>
      </object_component>
      <object_component id="oc-352">
         <name>.common:lfxtFreq</name>
         <uninitialized>true</uninitialized>
         <run_address>0x2000db98</run_address>
         <size>0x4</size>
      </object_component>
      <object_component id="oc-26">
         <name>.stack</name>
         <uninitialized>true</uninitialized>
         <run_address>0x2000fe00</run_address>
         <size>0x4</size>
         <input_file_ref idref="fl-ef"/>
      </object_component>
      <object_component id="oc-6b5">
         <name>.stack</name>
         <uninitialized>true</uninitialized>
         <run_address>0x2000fe00</run_address>
         <size>0x0</size>
      </object_component>
      <object_component id="oc-206">
         <name>.debug_info</name>
         <load_address>0x0</load_address>
         <run_address>0x0</run_address>
         <size>0x6ed</size>
         <input_file_ref idref="fl-2"/>
      </object_component>
      <object_component id="oc-18f">
         <name>.debug_info</name>
         <load_address>0x6ed</load_address>
         <run_address>0x6ed</run_address>
         <size>0x1952</size>
         <input_file_ref idref="fl-2"/>
      </object_component>
      <object_component id="oc-288">
         <name>.debug_info</name>
         <load_address>0x203f</load_address>
         <run_address>0x203f</run_address>
         <size>0x188</size>
         <input_file_ref idref="fl-2"/>
      </object_component>
      <object_component id="oc-28f">
         <name>.debug_info</name>
         <load_address>0x21c7</load_address>
         <run_address>0x21c7</run_address>
         <size>0x182</size>
         <input_file_ref idref="fl-2"/>
      </object_component>
      <object_component id="oc-29c">
         <name>.debug_info</name>
         <load_address>0x2349</load_address>
         <run_address>0x2349</run_address>
         <size>0x1db</size>
         <input_file_ref idref="fl-2"/>
      </object_component>
      <object_component id="oc-ed">
         <name>.debug_info</name>
         <load_address>0x2524</load_address>
         <run_address>0x2524</run_address>
         <size>0x37e2</size>
         <input_file_ref idref="fl-2"/>
      </object_component>
      <object_component id="oc-173">
         <name>.debug_info</name>
         <load_address>0x5d06</load_address>
         <run_address>0x5d06</run_address>
         <size>0x26b</size>
         <input_file_ref idref="fl-2"/>
      </object_component>
      <object_component id="oc-1f9">
         <name>.debug_info</name>
         <load_address>0x5f71</load_address>
         <run_address>0x5f71</run_address>
         <size>0x1055</size>
         <input_file_ref idref="fl-2"/>
      </object_component>
      <object_component id="oc-235">
         <name>.debug_info</name>
         <load_address>0x6fc6</load_address>
         <run_address>0x6fc6</run_address>
         <size>0x9a</size>
         <input_file_ref idref="fl-2"/>
      </object_component>
      <object_component id="oc-2af">
         <name>.debug_info</name>
         <load_address>0x7060</load_address>
         <run_address>0x7060</run_address>
         <size>0x62</size>
         <input_file_ref idref="fl-2"/>
      </object_component>
      <object_component id="oc-d9">
         <name>.debug_info</name>
         <load_address>0x70c2</load_address>
         <run_address>0x70c2</run_address>
         <size>0x8b</size>
         <input_file_ref idref="fl-2"/>
      </object_component>
      <object_component id="oc-200">
         <name>.debug_info</name>
         <load_address>0x714d</load_address>
         <run_address>0x714d</run_address>
         <size>0x297</size>
         <input_file_ref idref="fl-2"/>
      </object_component>
      <object_component id="oc-de">
         <name>.debug_info</name>
         <load_address>0x73e4</load_address>
         <run_address>0x73e4</run_address>
         <size>0xef</size>
         <input_file_ref idref="fl-2"/>
      </object_component>
      <object_component id="oc-e8">
         <name>.debug_info</name>
         <load_address>0x74d3</load_address>
         <run_address>0x74d3</run_address>
         <size>0xbb</size>
         <input_file_ref idref="fl-2"/>
      </object_component>
      <object_component id="oc-17f">
         <name>.debug_info</name>
         <load_address>0x758e</load_address>
         <run_address>0x758e</run_address>
         <size>0x2c</size>
         <input_file_ref idref="fl-2"/>
      </object_component>
      <object_component id="oc-4cb">
         <name>.debug_info</name>
         <load_address>0x75ba</load_address>
         <run_address>0x75ba</run_address>
         <size>0xee</size>
         <input_file_ref idref="fl-2"/>
      </object_component>
      <object_component id="oc-205">
         <name>.debug_info</name>
         <load_address>0x76a8</load_address>
         <run_address>0x76a8</run_address>
         <size>0x641</size>
         <input_file_ref idref="fl-3"/>
      </object_component>
      <object_component id="oc-3ef">
         <name>.debug_info</name>
         <load_address>0x7ce9</load_address>
         <run_address>0x7ce9</run_address>
         <size>0xe9</size>
         <input_file_ref idref="fl-3"/>
      </object_component>
      <object_component id="oc-3f2">
         <name>.debug_info</name>
         <load_address>0x7dd2</load_address>
         <run_address>0x7dd2</run_address>
         <size>0xf7</size>
         <input_file_ref idref="fl-3"/>
      </object_component>
      <object_component id="oc-2d5">
         <name>.debug_info</name>
         <load_address>0x7ec9</load_address>
         <run_address>0x7ec9</run_address>
         <size>0x3e3</size>
         <input_file_ref idref="fl-3"/>
      </object_component>
      <object_component id="oc-e3">
         <name>.debug_info</name>
         <load_address>0x82ac</load_address>
         <run_address>0x82ac</run_address>
         <size>0x1fa</size>
         <input_file_ref idref="fl-3"/>
      </object_component>
      <object_component id="oc-326">
         <name>.debug_info</name>
         <load_address>0x84a6</load_address>
         <run_address>0x84a6</run_address>
         <size>0xc6</size>
         <input_file_ref idref="fl-3"/>
      </object_component>
      <object_component id="oc-2c4">
         <name>.debug_info</name>
         <load_address>0x856c</load_address>
         <run_address>0x856c</run_address>
         <size>0x689</size>
         <input_file_ref idref="fl-4"/>
      </object_component>
      <object_component id="oc-2c1">
         <name>.debug_info</name>
         <load_address>0x8bf5</load_address>
         <run_address>0x8bf5</run_address>
         <size>0xf5</size>
         <input_file_ref idref="fl-4"/>
      </object_component>
      <object_component id="oc-197">
         <name>.debug_info</name>
         <load_address>0x8cea</load_address>
         <run_address>0x8cea</run_address>
         <size>0x27a</size>
         <input_file_ref idref="fl-4"/>
      </object_component>
      <object_component id="oc-2c8">
         <name>.debug_info</name>
         <load_address>0x8f64</load_address>
         <run_address>0x8f64</run_address>
         <size>0x51</size>
         <input_file_ref idref="fl-4"/>
      </object_component>
      <object_component id="oc-3e6">
         <name>.debug_info</name>
         <load_address>0x8fb5</load_address>
         <run_address>0x8fb5</run_address>
         <size>0x7bd</size>
         <input_file_ref idref="fl-5"/>
      </object_component>
      <object_component id="oc-2b5">
         <name>.debug_info</name>
         <load_address>0x9772</load_address>
         <run_address>0x9772</run_address>
         <size>0x3a2</size>
         <input_file_ref idref="fl-5"/>
      </object_component>
      <object_component id="oc-3f7">
         <name>.debug_info</name>
         <load_address>0x9b14</load_address>
         <run_address>0x9b14</run_address>
         <size>0x7f6</size>
         <input_file_ref idref="fl-6"/>
      </object_component>
      <object_component id="oc-2e4">
         <name>.debug_info</name>
         <load_address>0xa30a</load_address>
         <run_address>0xa30a</run_address>
         <size>0x406</size>
         <input_file_ref idref="fl-6"/>
      </object_component>
      <object_component id="oc-3f8">
         <name>.debug_info</name>
         <load_address>0xa710</load_address>
         <run_address>0xa710</run_address>
         <size>0x3f</size>
         <input_file_ref idref="fl-6"/>
      </object_component>
      <object_component id="oc-1ec">
         <name>.debug_info</name>
         <load_address>0xa74f</load_address>
         <run_address>0xa74f</run_address>
         <size>0x8f0</size>
         <input_file_ref idref="fl-7"/>
      </object_component>
      <object_component id="oc-be">
         <name>.debug_info</name>
         <load_address>0xb03f</load_address>
         <run_address>0xb03f</run_address>
         <size>0x112</size>
         <input_file_ref idref="fl-7"/>
      </object_component>
      <object_component id="oc-a2">
         <name>.debug_info</name>
         <load_address>0xb151</load_address>
         <run_address>0xb151</run_address>
         <size>0x226</size>
         <input_file_ref idref="fl-7"/>
      </object_component>
      <object_component id="oc-3d6">
         <name>.debug_info</name>
         <load_address>0xb377</load_address>
         <run_address>0xb377</run_address>
         <size>0x51</size>
         <input_file_ref idref="fl-7"/>
      </object_component>
      <object_component id="oc-31d">
         <name>.debug_info</name>
         <load_address>0xb3c8</load_address>
         <run_address>0xb3c8</run_address>
         <size>0x338</size>
         <input_file_ref idref="fl-7"/>
      </object_component>
      <object_component id="oc-4d0">
         <name>.debug_info</name>
         <load_address>0xb700</load_address>
         <run_address>0xb700</run_address>
         <size>0x661</size>
         <input_file_ref idref="fl-7"/>
      </object_component>
      <object_component id="oc-6c">
         <name>.debug_info</name>
         <load_address>0xbd61</load_address>
         <run_address>0xbd61</run_address>
         <size>0x14d</size>
         <input_file_ref idref="fl-8"/>
      </object_component>
      <object_component id="oc-c5">
         <name>.debug_info</name>
         <load_address>0xbeae</load_address>
         <run_address>0xbeae</run_address>
         <size>0x172</size>
         <input_file_ref idref="fl-9"/>
      </object_component>
      <object_component id="oc-19b">
         <name>.debug_info</name>
         <load_address>0xc020</load_address>
         <run_address>0xc020</run_address>
         <size>0x2a0</size>
         <input_file_ref idref="fl-a"/>
      </object_component>
      <object_component id="oc-d3">
         <name>.debug_info</name>
         <load_address>0xc2c0</load_address>
         <run_address>0xc2c0</run_address>
         <size>0x6db</size>
         <input_file_ref idref="fl-b"/>
      </object_component>
      <object_component id="oc-d6">
         <name>.debug_info</name>
         <load_address>0xc99b</load_address>
         <run_address>0xc99b</run_address>
         <size>0x101</size>
         <input_file_ref idref="fl-b"/>
      </object_component>
      <object_component id="oc-c2">
         <name>.debug_info</name>
         <load_address>0xca9c</load_address>
         <run_address>0xca9c</run_address>
         <size>0x123</size>
         <input_file_ref idref="fl-b"/>
      </object_component>
      <object_component id="oc-bb">
         <name>.debug_info</name>
         <load_address>0xcbbf</load_address>
         <run_address>0xcbbf</run_address>
         <size>0x2ff</size>
         <input_file_ref idref="fl-b"/>
      </object_component>
      <object_component id="oc-d0">
         <name>.debug_info</name>
         <load_address>0xcebe</load_address>
         <run_address>0xcebe</run_address>
         <size>0x111</size>
         <input_file_ref idref="fl-b"/>
      </object_component>
      <object_component id="oc-73">
         <name>.debug_info</name>
         <load_address>0xcfcf</load_address>
         <run_address>0xcfcf</run_address>
         <size>0xc93</size>
         <input_file_ref idref="fl-b"/>
      </object_component>
      <object_component id="oc-7d">
         <name>.debug_info</name>
         <load_address>0xdc62</load_address>
         <run_address>0xdc62</run_address>
         <size>0x2e7</size>
         <input_file_ref idref="fl-c"/>
      </object_component>
      <object_component id="oc-24">
         <name>.debug_info</name>
         <load_address>0xdf49</load_address>
         <run_address>0xdf49</run_address>
         <size>0x113</size>
         <input_file_ref idref="fl-c"/>
      </object_component>
      <object_component id="oc-67">
         <name>.debug_info</name>
         <load_address>0xe05c</load_address>
         <run_address>0xe05c</run_address>
         <size>0x1da</size>
         <input_file_ref idref="fl-c"/>
      </object_component>
      <object_component id="oc-2f">
         <name>.debug_info</name>
         <load_address>0xe236</load_address>
         <run_address>0xe236</run_address>
         <size>0x84</size>
         <input_file_ref idref="fl-c"/>
      </object_component>
[...]
      </symbol>
      <symbol id="sm-10e9">
         <name>I2C_isBusBusy</name>
         <value>0x11019</value>
         <object_component_ref idref="oc-f2"/>
      </symbol>
      <symbol id="sm-10ea">
         <name>I2C_enableModule</name>
         <value>0x110f1</value>
         <object_component_ref idref="oc-10a"/>
      </symbol>
      <symbol id="sm-10eb">
         <name>I2C_masterReceiveStart</name>
         <value>0x1107d</value>
         <object_component_ref idref="oc-134"/>
      </symbol>
      <symbol id="sm-10ec">
         <name>I2C_clearInterruptFlag</name>
         <value>0x110ad</value>
         <object_component_ref idref="oc-14c"/>
      </symbol>
      <symbol id="sm-10ed">
         <name>I2C_setSlaveAddress</name>
         <value>0x9be5</value>
         <object_component_ref idref="oc-104"/>
      </symbol>
      <symbol id="sm-10ee">
         <name>I2C_initMaster</name>
         <value>0x10b25</value>
         <object_component_ref idref="oc-fe"/>
      </symbol>
      <symbol id="sm-10ef">
         <name>I2C_enableInterrupt</name>
         <value>0x1112d</value>
         <object_component_ref idref="oc-110"/>
      </symbol>
      <symbol id="sm-10f0">
         <name>I2C_disableModule</name>
         <value>0x110e5</value>
         <object_component_ref idref="oc-f8"/>
      </symbol>
      <symbol id="sm-113b">
         <name>Interrupt_disableInterrupt</name>
         <value>0x10619</value>
         <object_component_ref idref="oc-128"/>
      </symbol>
      <symbol id="sm-113c">
         <name>Interrupt_setPriority</name>
         <value>0x10e59</value>
         <object_component_ref idref="oc-399"/>
      </symbol>
      <symbol id="sm-113d">
         <name>Interrupt_enableInterrupt</name>
         <value>0x1067d</value>
         <object_component_ref idref="oc-11c"/>
      </symbol>
      <symbol id="sm-11a3">
         <name>PCM_setCoreVoltageLevel</name>
         <value>0x11135</value>
         <object_component_ref idref="oc-35a"/>
      </symbol>
      <symbol id="sm-11a4">
         <name>PCM_getCoreVoltageLevel</name>
         <value>0x10d91</value>
         <object_component_ref idref="oc-51b"/>
      </symbol>
      <symbol id="sm-11a5">
         <name>PCM_getPowerMode</name>
         <value>0x10dbd</value>
         <object_component_ref idref="oc-515"/>
      </symbol>
      <symbol id="sm-11a6">
         <name>PCM_getPowerState</name>
         <value>0x110fd</value>
         <object_component_ref idref="oc-521"/>
      </symbol>
      <symbol id="sm-11a7">
         <name>PCM_setPowerMode</name>
         <value>0x1113d</value>
         <object_component_ref idref="oc-527"/>
      </symbol>
      <symbol id="sm-11db">
         <name>SysCtl_getNMISourceStatus</name>
         <value>0x11109</value>
         <object_component_ref idref="oc-531"/>
      </symbol>
      <symbol id="sm-11dc">
         <name>SysCtl_enableNMISource</name>
         <value>0x1109d</value>
         <object_component_ref idref="oc-543"/>
      </symbol>
      <symbol id="sm-11dd">
         <name>SysCtl_disableNMISource</name>
         <value>0x1108d</value>
         <object_component_ref idref="oc-537"/>
      </symbol>
      <symbol id="sm-11de">
         <name>SysCtl_getTLVInfo</name>
         <value>0x10841</value>
         <object_component_ref idref="oc-44e"/>
      </symbol>
      <symbol id="sm-11ea">
         <name>SysTick_enableInterrupt</name>
         <value>0x1102d</value>
         <object_component_ref idref="oc-2cd"/>
      </symbol>
      <symbol id="sm-1219">
         <name>UART_enableModule</name>
         <value>0x11115</value>
         <object_component_ref idref="oc-3c8"/>
      </symbol>
      <symbol id="sm-121a">
         <name>UART_transmitData</name>
         <value>0x10e7d</value>
         <object_component_ref idref="oc-3b6"/>
      </symbol>
      <symbol id="sm-121b">
         <name>UART_initModule</name>
         <value>0x1005d</value>
         <object_component_ref idref="oc-3c2"/>
      </symbol>
      <symbol id="sm-1231">
         <name>WDT_A_clearTimer</name>
         <value>0x10f79</value>
         <object_component_ref idref="oc-23e"/>
      </symbol>
      <symbol id="sm-1232">
         <name>WDT_A_holdTimer</name>
         <value>0x10f91</value>
         <object_component_ref idref="oc-244"/>
      </symbol>
      <symbol id="sm-1262">
         <name>snprintf</name>
         <value>0x10975</value>
         <object_component_ref idref="oc-3b0"/>
      </symbol>
      <symbol id="sm-1270">
         <name>__aeabi_ldivmod</name>
         <value>0x10543</value>
         <object_component_ref idref="oc-48d"/>
      </symbol>
      <symbol id="sm-127d">
         <name>__aeabi_uldivmod</name>
         <value>0xffc5</value>
         <object_component_ref idref="oc-554"/>
      </symbol>
      <symbol id="sm-1286">
         <name>__aeabi_lmul</name>
         <value>0x10fc1</value>
         <object_component_ref idref="oc-488"/>
      </symbol>
      <symbol id="sm-12a1">
         <name>memcpy</name>
         <value>0xff29</value>
         <object_component_ref idref="oc-34"/>
      </symbol>
      <symbol id="sm-12a2">
         <name>__aeabi_memcpy</name>
         <value>0xff29</value>
         <object_component_ref idref="oc-34"/>
      </symbol>
      <symbol id="sm-12a3">
         <name>__aeabi_memcpy8</name>
         <value>0xff29</value>
         <object_component_ref idref="oc-34"/>
      </symbol>
      <symbol id="sm-12a4">
         <name>__aeabi_memcpy4</name>
         <value>0xff29</value>
         <object_component_ref idref="oc-34"/>
      </symbol>
      <symbol id="sm-12b3">
         <name>__aeabi_memset</name>
         <value>0x102ff</value>
         <object_component_ref idref="oc-95"/>
      </symbol>
      <symbol id="sm-12b4">
         <name>memset</name>
         <value>0x10305</value>
         <object_component_ref idref="oc-95"/>
      </symbol>
      <symbol id="sm-12b5">
         <name>__aeabi_memset8</name>
         <value>0x102ff</value>
         <object_component_ref idref="oc-95"/>
      </symbol>
      <symbol id="sm-12b6">
         <name>__aeabi_memset4</name>
         <value>0x102ff</value>
         <object_component_ref idref="oc-95"/>
      </symbol>
      <symbol id="sm-12b7">
         <name>__aeabi_memclr8</name>
         <value>0x102fd</value>
         <object_component_ref idref="oc-95"/>
      </symbol>
      <symbol id="sm-12b8">
         <name>__aeabi_memclr4</name>
         <value>0x102fd</value>
         <object_component_ref idref="oc-95"/>
      </symbol>
      <symbol id="sm-12b9">
         <name>__aeabi_memclr</name>
         <value>0x102fd</value>
         <object_component_ref idref="oc-95"/>
      </symbol>
      <symbol id="sm-12cb">
         <name>__TI_zero_init</name>
         <value>0x11121</value>
         <object_component_ref idref="oc-46"/>
      </symbol>
      <symbol id="sm-12e2">
         <name>__TI_decompress_none</name>
         <value>0x110c9</value>
         <object_component_ref idref="oc-1a"/>
      </symbol>
      <symbol id="sm-1305">
         <name>__TI_decompress_lzss</name>
         <value>0x105b1</value>
         <object_component_ref idref="oc-14"/>
      </symbol>
      <symbol id="sm-131b">
         <name>rand</name>
         <value>0x10c45</value>
         <object_component_ref idref="oc-2e9"/>
      </symbol>
      <symbol id="sm-132b">
         <name>strncpy</name>
         <value>0x10bd9</value>
         <object_component_ref idref="oc-c9"/>
      </symbol>
      <symbol id="sm-133e">
         <name>__stack</name>
         <value>0x2000fe00</value>
         <object_component_ref idref="oc-26"/>
      </symbol>
      <symbol id="sm-133f">
         <name>_c_int00_noargs</name>
         <value>0x10c11</value>
         <object_component_ref idref="oc-52"/>
      </symbol>
      <symbol id="sm-14a4">
         <name>__TI_printfi</name>
         <value>0xb9c9</value>
         <object_component_ref idref="oc-49d"/>
      </symbol>
      <symbol id="sm-14c4">
         <name>frexpl</name>
         <value>0x106e1</value>
         <object_component_ref idref="oc-610"/>
      </symbol>
      <symbol id="sm-14c5">
         <name>frexp</name>
         <value>0x106e1</value>
         <object_component_ref idref="oc-610"/>
      </symbol>
      <symbol id="sm-14e2">
         <name>scalbn</name>
         <value>0xf2fd</value>
         <object_component_ref idref="oc-616"/>
      </symbol>
      <symbol id="sm-14e3">
         <name>scalbnl</name>
         <value>0xf2fd</value>
         <object_component_ref idref="oc-616"/>
      </symbol>
      <symbol id="sm-14e4">
         <name>ldexpl</name>
         <value>0xf2fd</value>
         <object_component_ref idref="oc-616"/>
      </symbol>
      <symbol id="sm-14e5">
         <name>ldexp</name>
         <value>0xf2fd</value>
         <object_component_ref idref="oc-616"/>
      </symbol>
      <symbol id="sm-14ef">
         <name>copysign</name>
         <value>0x10efd</value>
         <object_component_ref idref="oc-658"/>
      </symbol>
      <symbol id="sm-14f0">
         <name>copysignl</name>
         <value>0x10efd</value>
         <object_component_ref idref="oc-658"/>
      </symbol>
      <symbol id="sm-14fa">
         <name>__aeabi_idiv0</name>
         <value>0xd425</value>
         <object_component_ref idref="oc-54f"/>
      </symbol>
      <symbol id="sm-14fb">
         <name>__aeabi_ldiv0</name>
         <value>0xd425</value>
         <object_component_ref idref="oc-54f"/>
      </symbol>
      <symbol id="sm-1512">
         <name>__aeabi_dsub</name>
         <value>0xe809</value>
         <object_component_ref idref="oc-5f0"/>
      </symbol>
      <symbol id="sm-1513">
         <name>__aeabi_dadd</name>
         <value>0xe813</value>
         <object_component_ref idref="oc-5f0"/>
      </symbol>
      <symbol id="sm-1535">
         <name>__aeabi_cdcmpeq</name>
         <value>0x100f1</value>
         <object_component_ref idref="oc-56e"/>
      </symbol>
      <symbol id="sm-1536">
         <name>__aeabi_cdcmple</name>
         <value>0x100f1</value>
         <object_component_ref idref="oc-56e"/>
      </symbol>
      <symbol id="sm-1537">
         <name>__aeabi_cdrcmple</name>
         <value>0x10177</value>
         <object_component_ref idref="oc-5db"/>
      </symbol>
      <symbol id="sm-154b">
         <name>__aeabi_ddiv</name>
         <value>0xef79</value>
         <object_component_ref idref="oc-5d6"/>
      </symbol>
      <symbol id="sm-1556">
         <name>__aeabi_dmul</name>
         <value>0xf511</value>
         <object_component_ref idref="oc-5d1"/>
      </symbol>
      <symbol id="sm-1560">
         <name>__aeabi_d2iz</name>
         <value>0x10a99</value>
         <object_component_ref idref="oc-5e0"/>
      </symbol>
      <symbol id="sm-156a">
         <name>__aeabi_i2d</name>
         <value>0x10d09</value>
         <object_component_ref idref="oc-5eb"/>
      </symbol>
      <symbol id="sm-1592">
         <name>__TI_auto_init_nobinit_nopinit</name>
         <value>0x10ae1</value>
         <object_component_ref idref="oc-1b3"/>
      </symbol>
      <symbol id="sm-159c">
         <name>_system_pre_init</name>
         <value>0xada5</value>
         <object_component_ref idref="oc-9b"/>
      </symbol>
      <symbol id="sm-15a8">
         <name>C$$EXIT</name>
         <value>0xcc95</value>
         <object_component_ref idref="oc-1a7"/>
      </symbol>
      <symbol id="sm-15a9">
         <name>abort</name>
         <value>0xcc95</value>
         <object_component_ref idref="oc-1a7"/>
      </symbol>
      <symbol id="sm-15be">
         <name>_nop</name>
         <value>0xc417</value>
         <object_component_ref idref="oc-428"/>
      </symbol>
      <symbol id="sm-15bf">
         <name>_lock</name>
         <value>0x2000e02c</value>
         <object_component_ref idref="oc-2fd"/>
      </symbol>
      <symbol id="sm-15c0">
         <name>_unlock</name>
         <value>0x2000e030</value>
         <object_component_ref idref="oc-2fd"/>
      </symbol>
      <symbol id="sm-15d7">
         <name>atoi</name>
         <value>0x10929</value>
         <object_component_ref idref="oc-562"/>
      </symbol>
      <symbol id="sm-15e2">
         <name>_ctypes_</name>
         <value>0x1175c</value>
         <object_component_ref idref="oc-5ca"/>
      </symbol>
      <symbol id="sm-15f1">
         <name>ltoa</name>
         <value>0x1079b</value>
         <object_component_ref idref="oc-5e5"/>
      </symbol>
      <symbol id="sm-1601">
         <name>memccpy</name>
         <value>0x10ee1</value>
         <object_component_ref idref="oc-58b"/>
      </symbol>
      <symbol id="sm-1611">
         <name>strchr</name>
         <value>0x10fd9</value>
         <object_component_ref idref="oc-61c"/>
      </symbol>
      <symbol id="sm-161f">
         <name>strlen</name>
         <value>0x11041</value>
         <object_component_ref idref="oc-55c"/>
      </symbol>
      <symbol id="sm-1635">
         <name>__aeabi_errno_addr</name>
         <value>0x11145</value>
         <object_component_ref idref="oc-597"/>
      </symbol>
      <symbol id="sm-1636">
         <name>errno</name>
         <value>0x2000e040</value>
         <object_component_ref idref="oc-62c"/>
      </symbol>
      <symbol id="sm-164f">
         <name>wcslen</name>
         <value>0x1106b</value>
         <object_component_ref idref="oc-591"/>
      </symbol>
      <symbol id="sm-1650">
         <name>__TI_static_base__</name>
         <value>0x0</value>
      </symbol>
      <symbol id="sm-1653">
         <name>__mpu_init</name>
         <value>0x0</value>
      </symbol>
      <symbol id="sm-1654">
         <name>_system_post_cinit</name>
         <value>0x0</value>
      </symbol>
      <symbol id="sm-1655">
         <name>_Get_System_Time</name>
         <value>0xd621</value>
      </symbol>
      <symbol id="sm-1656">
         <name>NMI_Handler</name>
         <value>0x11069</value>
      </symbol>
      <symbol id="sm-1657">
         <name>HardFault_Handler</name>
         <value>0x11069</value>
      </symbol>
      <symbol id="sm-1658">
         <name>MemManage_Handler</name>
         <value>0x11069</value>
      </symbol>
      <symbol id="sm-1659">
         <name>BusFault_Handler</name>
         <value>0x11069</value>
      </symbol>
      <symbol id="sm-165a">
         <name>UsageFault_Handler</name>
         <value>0x11069</value>
      </symbol>
      <symbol id="sm-165b">
         <name>SVC_Handler</name>
         <value>0x11069</value>
      </symbol>
      <symbol id="sm-165c">
         <name>DebugMon_Handler</name>
         <value>0x11069</value>
      </symbol>
      <symbol id="sm-165d">
         <name>PendSV_Handler</name>
         <value>0xfe95</value>
      </symbol>
      <symbol id="sm-165e">
         <name>SysTick_Handler</name>
         <value>0xd471</value>
      </symbol>
      <symbol id="sm-165f">
         <name>PSS_IRQHandler</name>
         <value>0x11069</value>
      </symbol>
      <symbol id="sm-1660">
         <name>CS_IRQHandler</name>
         <value>0x11069</value>
      </symbol>
      <symbol id="sm-1661">
         <name>PCM_IRQHandler</name>
         <value>0x11069</value>
      </symbol>
      <symbol id="sm-1662">
         <name>WDT_A_IRQHandler</name>
         <value>0x11069</value>
      </symbol>
      <symbol id="sm-1663">
         <name>FPU_IRQHandler</name>
         <value>0x11069</value>
      </symbol>
      <symbol id="sm-1664">
         <name>FLCTL_IRQHandler</name>
         <value>0x11069</value>
      </symbol>
      <symbol id="sm-1665">
         <name>COMP_E0_IRQHandler</name>
         <value>0x11069</value>
      </symbol>
      <symbol id="sm-1666">
         <name>COMP_E1_IRQHandler</name>
         <value>0x11069</value>
      </symbol>
      <symbol id="sm-1667">
         <name>TA0_0_IRQHandler</name>
         <value>0x11069</value>
      </symbol>
      <symbol id="sm-1668">
         <name>TA0_N_IRQHandler</name>
         <value>0x11069</value>
      </symbol>
      <symbol id="sm-1669">
         <name>TA1_0_IRQHandler</name>
         <value>0x11069</value>
      </symbol>
      <symbol id="sm-166a">
         <name>TA1_N_IRQHandler</name>
         <value>0x11069</value>
      </symbol>
      <symbol id="sm-166b">
         <name>TA2_0_IRQHandler</name>
         <value>0x11069</value>
      </symbol>
      <symbol id="sm-166c">
         <name>TA2_N_IRQHandler</name>
         <value>0x11069</value>
      </symbol>
      <symbol id="sm-166d">
         <name>TA3_0_IRQHandler</name>
         <value>0x11069</value>
      </symbol>
      <symbol id="sm-166e">
         <name>TA3_N_IRQHandler</name>
         <value>0x11069</value>
      </symbol>
      <symbol id="sm-166f">
         <name>EUSCIA0_IRQHandler</name>
         <value>0x11069</value>
      </symbol>
      <symbol id="sm-1670">
         <name>EUSCIA1_IRQHandler</name>
         <value>0x11069</value>
      </symbol>
      <symbol id="sm-1671">
         <name>EUSCIA2_IRQHandler</name>
         <value>0x11069</value>
      </symbol>
      <symbol id="sm-1672">
         <name>EUSCIA3_IRQHandler</name>
         <value>0x11069</value>
      </symbol>
      <symbol id="sm-1673">
         <name>EUSCIB0_IRQHandler</name>
         <value>0x11069</value>
      </symbol>
      <symbol id="sm-1674">
         <name>EUSCIB1_IRQHandler</name>
         <value>0xde91</value>
      </symbol>
      <symbol id="sm-1675">
         <name>EUSCIB2_IRQHandler</name>
         <value>0x11069</value>
      </symbol>
      <symbol id="sm-1676">
         <name>EUSCIB3_IRQHandler</name>
         <value>0x11069</value>
      </symbol>
      <symbol id="sm-1677">
         <name>ADC14_IRQHandler</name>
         <value>0x11069</value>
      </symbol>
      <symbol id="sm-1678">
         <name>T32_INT1_IRQHandler</name>
         <value>0x11069</value>
      </symbol>
      <symbol id="sm-1679">
         <name>T32_INT2_IRQHandler</name>
         <value>0x11069</value>
      </symbol>
      <symbol id="sm-167a">
         <name>T32_INTC_IRQHandler</name>
         <value>0x11069</value>
      </symbol>
      <symbol id="sm-167b">
         <name>AES256_IRQHandler</name>
         <value>0x11069</value>
      </symbol>
      <symbol id="sm-167c">
         <name>RTC_C_IRQHandler</name>
         <value>0x11069</value>
      </symbol>
      <symbol id="sm-167d">
         <name>DMA_ERR_IRQHandler</name>
         <value>0x11069</value>
      </symbol>
      <symbol id="sm-167e">
         <name>DMA_INT3_IRQHandler</name>
         <value>0x11069</value>
      </symbol>
      <symbol id="sm-167f">
         <name>DMA_INT2_IRQHandler</name>
         <value>0x11069</value>
      </symbol>
      <symbol id="sm-1680">
         <name>DMA_INT1_IRQHandler</name>
         <value>0x11069</value>
      </symbol>
      <symbol id="sm-1681">
         <name>DMA_INT0_IRQHandler</name>
         <value>0x11069</value>
      </symbol>
      <symbol id="sm-1682">
         <name>PORT1_IRQHandler</name>
         <value>0x11069</value>
      </symbol>
      <symbol id="sm-1683">
         <name>PORT2_IRQHandler</name>
         <value>0x11069</value>
      </symbol>
      <symbol id="sm-1684">
         <name>PORT3_IRQHandler</name>
         <value>0x11069</value>
      </symbol>
      <symbol id="sm-1685">
         <name>PORT4_IRQHandler</name>
         <value>0x11069</value>
      </symbol>
      <symbol id="sm-1686">
         <name>PORT5_IRQHandler</name>
         <value>0x11069</value>
      </symbol>
      <symbol id="sm-1687">
         <name>PORT6_IRQHandler</name>
         <value>0x11069</value>
      </symbol>
      <symbol id="sm-1688">
         <name>ClockSys_GetSysFreq</name>
         <value>0x10f19</value>
      </symbol>
      <symbol id="sm-1689">
         <name>bmi160_delay_ms</name>
         <value>0x10ec1</value>
      </symbol>
   </symbol_table>
   <title>Link successful</title>
</link_info>
