<?xml version="1.0"?>
<link_info>
   <banner>TI ARM Linker PC v16.9.6.LTS</banner>
   <copyright>Copyright (c) 1996-2017 Texas Instruments Incorporated</copyright>
   <link_time>0x5cbd5583</link_time>
   <link_errors>0x0</link_errors>
   <output_file>Lab5.out</output_file>
   <entry_point>
      <name>_c_int00</name>
      <address>0x16365</address>
   </entry_point>
   <input_file_list>
      <input_file id="fl-2">
         <path>.\</path>
         <kind>object</kind>
         <file>Game.obj</file>
         <name>Game.obj</name>
      </input_file>
      <input_file id="fl-3">
         <path>.\</path>
         <kind>object</kind>
         <file>main.obj</file>
         <name>main.obj</name>
      </input_file>
      <input_file id="fl-4">
         <path>.\</path>
         <kind>object</kind>
         <file>startup_msp432p401r_ccs.obj</file>
         <name>startup_msp432p401r_ccs.obj</name>
      </input_file>
      <input_file id="fl-5">
         <path>.\</path>
         <kind>object</kind>
         <file>system_msp432p401r.obj</file>
         <name>system_msp432p401r.obj</name>
      </input_file>
      <input_file id="fl-6">
         <path>.\</path>
         <kind>object</kind>
         <file>threads.obj</file>
         <name>threads.obj</name>
      </input_file>
      <input_file id="fl-7">
         <path>.\BoardSupportPackage\src\</path>
         <kind>object</kind>
         <file>AsciiLib.obj</file>
         <name>AsciiLib.obj</name>
      </input_file>
      <input_file id="fl-8">
         <path>.\BoardSupportPackage\src\</path>
         <kind>object</kind>
         <file>BSP.obj</file>
         <name>BSP.obj</name>
      </input_file>
      <input_file id="fl-9">
         <path>.\BoardSupportPackage\src\</path>
         <kind>object</kind>
         <file>BackChannelUart.obj</file>
         <name>BackChannelUart.obj</name>
      </input_file>
      <input_file id="fl-a">
         <path>.\BoardSupportPackage\src\</path>
         <kind>object</kind>
         <file>ClockSys.obj</file>
         <name>ClockSys.obj</name>
      </input_file>
      <input_file id="fl-b">
         <path>.\BoardSupportPackage\src\</path>
         <kind>object</kind>
         <file>Joystick.obj</file>
         <name>Joystick.obj</name>
      </input_file>
      <input_file id="fl-c">
         <path>.\BoardSupportPackage\src\</path>
         <kind>object</kind>
         <file>LCDLib.obj</file>
         <name>LCDLib.obj</name>
      </input_file>
      <input_file id="fl-d">
         <path>.\BoardSupportPackage\src\</path>
         <kind>object</kind>
         <file>RGBLeds.obj</file>
         <name>RGBLeds.obj</name>
      </input_file>
      <input_file id="fl-e">
         <path>.\BoardSupportPackage\src\</path>
         <kind>object</kind>
         <file>bme280.obj</file>
         <name>bme280.obj</name>
      </input_file>
      <input_file id="fl-f">
         <path>.\BoardSupportPackage\src\</path>
         <kind>object</kind>
         <file>bme280_support.obj</file>
         <name>bme280_support.obj</name>
      </input_file>
      <input_file id="fl-10">
         <path>.\BoardSupportPackage\src\</path>
         <kind>object</kind>
         <file>bmi160.obj</file>
         <name>bmi160.obj</name>
      </input_file>
      <input_file id="fl-11">
         <path>.\BoardSupportPackage\src\</path>
         <kind>object</kind>
         <file>bmi160_support.obj</file>
         <name>bmi160_support.obj</name>
      </input_file>
      <input_file id="fl-12">
         <path>.\BoardSupportPackage\src\</path>
         <kind>object</kind>
         <file>demo_sysctl.obj</file>
         <name>demo_sysctl.obj</name>
      </input_file>
      <input_file id="fl-13">
         <path>.\BoardSupportPackage\src\</path>
         <kind>object</kind>
         <file>i2c_driver.obj</file>
         <name>i2c_driver.obj</name>
      </input_file>
      <input_file id="fl-14">
         <path>.\BoardSupportPackage\src\</path>
         <kind>object</kind>
         <file>opt3001.obj</file>
         <name>opt3001.obj</name>
      </input_file>
      <input_file id="fl-15">
         <path>.\BoardSupportPackage\src\</path>
         <kind>object</kind>
         <file>tmp007.obj</file>
         <name>tmp007.obj</name>
      </input_file>
      <input_file id="fl-16">
         <path>.\BoardSupportPackage\src\</path>
         <kind>object</kind>
         <file>uart_cinco.obj</file>
         <name>uart_cinco.obj</name>
      </input_file>
      <input_file id="fl-17">
         <path>.\CC3100SupportPackage\board\</path>
         <kind>object</kind>
         <file>board.obj</file>
         <name>board.obj</name>
      </input_file>
      <input_file id="fl-18">
         <path>.\CC3100SupportPackage\cc3100_usage\</path>
         <kind>object</kind>
         <file>cc3100_usage.obj</file>
         <name>cc3100_usage.obj</name>
      </input_file>
      <input_file id="fl-19">
         <path>.\CC3100SupportPackage\simplelink\source\</path>
         <kind>object</kind>
         <file>device.obj</file>
         <name>device.obj</name>
      </input_file>
      <input_file id="fl-1a">
         <path>.\CC3100SupportPackage\simplelink\source\</path>
         <kind>object</kind>
         <file>driver.obj</file>
         <name>driver.obj</name>
      </input_file>
      <input_file id="fl-1b">
         <path>.\CC3100SupportPackage\simplelink\source\</path>
         <kind>object</kind>
         <file>flowcont.obj</file>
         <name>flowcont.obj</name>
      </input_file>
      <input_file id="fl-1c">
         <path>.\CC3100SupportPackage\simplelink\source\</path>
         <kind>object</kind>
         <file>fs.obj</file>
         <name>fs.obj</name>
      </input_file>
      <input_file id="fl-1d">
         <path>.\CC3100SupportPackage\simplelink\source\</path>
         <kind>object</kind>
         <file>netapp.obj</file>
         <name>netapp.obj</name>
      </input_file>
      <input_file id="fl-1e">
         <path>.\CC3100SupportPackage\simplelink\source\</path>
         <kind>object</kind>
         <file>netcfg.obj</file>
         <name>netcfg.obj</name>
      </input_file>
      <input_file id="fl-1f">
         <path>.\CC3100SupportPackage\simplelink\source\</path>
         <kind>object</kind>
         <file>nonos.obj</file>
         <name>nonos.obj</name>
      </input_file>
      <input_file id="fl-20">
         <path>.\CC3100SupportPackage\simplelink\source\</path>
         <kind>object</kind>
         <file>socket.obj</file>
         <name>socket.obj</name>
      </input_file>
      <input_file id="fl-21">
         <path>.\CC3100SupportPackage\simplelink\source\</path>
         <kind>object</kind>
         <file>spawn.obj</file>
         <name>spawn.obj</name>
      </input_file>
      <input_file id="fl-22">
         <path>.\CC3100SupportPackage\simplelink\source\</path>
         <kind>object</kind>
         <file>wlan.obj</file>
         <name>wlan.obj</name>
      </input_file>
      <input_file id="fl-23">
         <path>.\CC3100SupportPackage\spi_cc3100\</path>
         <kind>object</kind>
         <file>spi_cc3100.obj</file>
         <name>spi_cc3100.obj</name>
      </input_file>
      <input_file id="fl-24">
         <path>.\G8RTOS_Empty_Lab3\</path>
         <kind>object</kind>
         <file>G8RTOS_CriticalSection.obj</file>
         <name>G8RTOS_CriticalSection.obj</name>
      </input_file>
      <input_file id="fl-25">
         <path>.\G8RTOS_Empty_Lab3\</path>
         <kind>object</kind>
         <file>G8RTOS_IPC.obj</file>
         <name>G8RTOS_IPC.obj</name>
      </input_file>
      <input_file id="fl-26">
         <path>.\G8RTOS_Empty_Lab3\</path>
         <kind>object</kind>
         <file>G8RTOS_Scheduler.obj</file>
         <name>G8RTOS_Scheduler.obj</name>
      </input_file>
      <input_file id="fl-27">
         <path>.\G8RTOS_Empty_Lab3\</path>
         <kind>object</kind>
         <file>G8RTOS_SchedulerASM.obj</file>
         <name>G8RTOS_SchedulerASM.obj</name>
      </input_file>
      <input_file id="fl-28">
         <path>.\G8RTOS_Empty_Lab3\</path>
         <kind>object</kind>
         <file>G8RTOS_Semaphores.obj</file>
         <name>G8RTOS_Semaphores.obj</name>
      </input_file>
      <input_file id="fl-2e">
         <kind>object</kind>
         <file>&lt;internal&gt;</file>
         <name>&lt;internal&gt;</name>
      </input_file>
      <input_file id="fl-2f">
         <path>..\BoardSupportPackage\DriverLib\</path>
         <kind>archive</kind>
         <file>msp432p4xx_driverlib.lib</file>
         <name>cs.o</name>
      </input_file>
      <input_file id="fl-30">
         <path>..\BoardSupportPackage\DriverLib\</path>
         <kind>archive</kind>
         <file>msp432p4xx_driverlib.lib</file>
         <name>flash.o</name>
      </input_file>
      <input_file id="fl-31">
         <path>..\BoardSupportPackage\DriverLib\</path>
         <kind>archive</kind>
         <file>msp432p4xx_driverlib.lib</file>
         <name>gpio.o</name>
      </input_file>
      <input_file id="fl-32">
         <path>..\BoardSupportPackage\DriverLib\</path>
         <kind>archive</kind>
         <file>msp432p4xx_driverlib.lib</file>
         <name>i2c.o</name>
      </input_file>
      <input_file id="fl-33">
         <path>..\BoardSupportPackage\DriverLib\</path>
         <kind>archive</kind>
         <file>msp432p4xx_driverlib.lib</file>
         <name>interrupt.o</name>
      </input_file>
      <input_file id="fl-34">
         <path>..\BoardSupportPackage\DriverLib\</path>
         <kind>archive</kind>
         <file>msp432p4xx_driverlib.lib</file>
         <name>pcm.o</name>
      </input_file>
      <input_file id="fl-35">
         <path>..\BoardSupportPackage\DriverLib\</path>
         <kind>archive</kind>
         <file>msp432p4xx_driverlib.lib</file>
         <name>rtc_c.o</name>
      </input_file>
      <input_file id="fl-36">
         <path>..\BoardSupportPackage\DriverLib\</path>
         <kind>archive</kind>
         <file>msp432p4xx_driverlib.lib</file>
         <name>sysctl.o</name>
      </input_file>
      <input_file id="fl-37">
         <path>..\BoardSupportPackage\DriverLib\</path>
         <kind>archive</kind>
         <file>msp432p4xx_driverlib.lib</file>
         <name>systick.o</name>
      </input_file>
      <input_file id="fl-38">
         <path>..\BoardSupportPackage\DriverLib\</path>
         <kind>archive</kind>
         <file>msp432p4xx_driverlib.lib</file>
         <name>uart.o</name>
      </input_file>
      <input_file id="fl-39">
         <path>..\BoardSupportPackage\DriverLib\</path>
         <kind>archive</kind>
         <file>msp432p4xx_driverlib.lib</file>
         <name>wdt_a.o</name>
      </input_file>
      <input_file id="fl-3a">
         <path>..\BoardSupportPackage\DriverLib\</path>
         <kind>archive</kind>
         <file>msp432p4xx_driverlib.lib</file>
         <name>cpu.o</name>
      </input_file>
      <input_file id="fl-f0">
         <path>C:\ti\ccsv7\tools\compiler\ti-cgt-arm_16.9.6.LTS\lib\</path>
         <kind>archive</kind>
         <file>rtsv7M4_T_le_v4SPD16_eabi.lib</file>
         <name>boot.obj</name>
      </input_file>
      <input_file id="fl-f1">
         <path>C:\ti\ccsv7\tools\compiler\ti-cgt-arm_16.9.6.LTS\lib\</path>
         <kind>archive</kind>
         <file>rtsv7M4_T_le_v4SPD16_eabi.lib</file>
         <name>copy_decompress_lzss.obj</name>
      </input_file>
      <input_file id="fl-f2">
         <path>C:\ti\ccsv7\tools\compiler\ti-cgt-arm_16.9.6.LTS\lib\</path>
         <kind>archive</kind>
         <file>rtsv7M4_T_le_v4SPD16_eabi.lib</file>
         <name>copy_decompress_none.obj</name>
      </input_file>
      <input_file id="fl-f3">
         <path>C:\ti\ccsv7\tools\compiler\ti-cgt-arm_16.9.6.LTS\lib\</path>
         <kind>archive</kind>
         <file>rtsv7M4_T_le_v4SPD16_eabi.lib</file>
         <name>copy_zero_init.obj</name>
      </input_file>
      <input_file id="fl-f4">
         <path>C:\ti\ccsv7\tools\compiler\ti-cgt-arm_16.9.6.LTS\lib\</path>
         <kind>archive</kind>
         <file>rtsv7M4_T_le_v4SPD16_eabi.lib</file>
         <name>exit.obj</name>
      </input_file>
      <input_file id="fl-f5">
         <path>C:\ti\ccsv7\tools\compiler\ti-cgt-arm_16.9.6.LTS\lib\</path>
         <kind>archive</kind>
         <file>rtsv7M4_T_le_v4SPD16_eabi.lib</file>
         <name>ll_div_t2.obj</name>
      </input_file>
      <input_file id="fl-f6">
         <path>C:\ti\ccsv7\tools\compiler\ti-cgt-arm_16.9.6.LTS\lib\</path>
         <kind>archive</kind>
         <file>rtsv7M4_T_le_v4SPD16_eabi.lib</file>
         <name>ll_mul_t2.obj</name>
      </input_file>
      <input_file id="fl-f7">
         <path>C:\ti\ccsv7\tools\compiler\ti-cgt-arm_16.9.6.LTS\lib\</path>
         <kind>archive</kind>
         <file>rtsv7M4_T_le_v4SPD16_eabi.lib</file>
         <name>memcpy_t2.obj</name>
      </input_file>
      <input_file id="fl-f8">
         <path>C:\ti\ccsv7\tools\compiler\ti-cgt-arm_16.9.6.LTS\lib\</path>
         <kind>archive</kind>
         <file>rtsv7M4_T_le_v4SPD16_eabi.lib</file>
         <name>memset_t2.obj</name>
      </input_file>
      <input_file id="fl-f9">
         <path>C:\ti\ccsv7\tools\compiler\ti-cgt-arm_16.9.6.LTS\lib\</path>
         <kind>archive</kind>
         <file>rtsv7M4_T_le_v4SPD16_eabi.lib</file>
         <name>mpu_init.obj</name>
      </input_file>
      <input_file id="fl-fa">
         <path>C:\ti\ccsv7\tools\compiler\ti-cgt-arm_16.9.6.LTS\lib\</path>
         <kind>archive</kind>
         <file>rtsv7M4_T_le_v4SPD16_eabi.lib</file>
         <name>pre_init.obj</name>
      </input_file>
      <input_file id="fl-fb">
         <path>C:\ti\ccsv7\tools\compiler\ti-cgt-arm_16.9.6.LTS\lib\</path>
         <kind>archive</kind>
         <file>rtsv7M4_T_le_v4SPD16_eabi.lib</file>
         <name>rand.obj</name>
      </input_file>
      <input_file id="fl-fc">
         <path>C:\ti\ccsv7\tools\compiler\ti-cgt-arm_16.9.6.LTS\lib\</path>
         <kind>archive</kind>
         <file>rtsv7M4_T_le_v4SPD16_eabi.lib</file>
         <name>snprintf.obj</name>
      </input_file>
      <input_file id="fl-fd">
         <path>C:\ti\ccsv7\tools\compiler\ti-cgt-arm_16.9.6.LTS\lib\</path>
         <kind>archive</kind>
         <file>rtsv7M4_T_le_v4SPD16_eabi.lib</file>
         <name>sprintf.obj</name>
      </input_file>
      <input_file id="fl-fe">
         <path>C:\ti\ccsv7\tools\compiler\ti-cgt-arm_16.9.6.LTS\lib\</path>
         <kind>archive</kind>
         <file>rtsv7M4_T_le_v4SPD16_eabi.lib</file>
         <name>stkdepth_vars.obj</name>
      </input_file>
      <input_file id="fl-ff">
         <path>C:\ti\ccsv7\tools\compiler\ti-cgt-arm_16.9.6.LTS\lib\</path>
         <kind>archive</kind>
         <file>rtsv7M4_T_le_v4SPD16_eabi.lib</file>
         <name>u_divt2.obj</name>
      </input_file>
      <input_file id="fl-100">
         <path>C:\ti\ccsv7\tools\compiler\ti-cgt-arm_16.9.6.LTS\lib\</path>
         <kind>archive</kind>
         <file>rtsv7M4_T_le_v4SPD16_eabi.lib</file>
         <name>_lock.obj</name>
      </input_file>
      <input_file id="fl-101">
         <path>C:\ti\ccsv7\tools\compiler\ti-cgt-arm_16.9.6.LTS\lib\</path>
         <kind>archive</kind>
         <file>rtsv7M4_T_le_v4SPD16_eabi.lib</file>
         <name>_printfi.obj</name>
      </input_file>
      <input_file id="fl-102">
         <path>C:\ti\ccsv7\tools\compiler\ti-cgt-arm_16.9.6.LTS\lib\</path>
         <kind>archive</kind>
         <file>rtsv7M4_T_le_v4SPD16_eabi.lib</file>
         <name>args_main.obj</name>
      </input_file>
      <input_file id="fl-103">
         <path>C:\ti\ccsv7\tools\compiler\ti-cgt-arm_16.9.6.LTS\lib\</path>
         <kind>archive</kind>
         <file>rtsv7M4_T_le_v4SPD16_eabi.lib</file>
         <name>atoi.obj</name>
      </input_file>
      <input_file id="fl-104">
         <path>C:\ti\ccsv7\tools\compiler\ti-cgt-arm_16.9.6.LTS\lib\</path>
         <kind>archive</kind>
         <file>rtsv7M4_T_le_v4SPD16_eabi.lib</file>
         <name>autoinit.obj</name>
      </input_file>
      <input_file id="fl-105">
         <path>C:\ti\ccsv7\tools\compiler\ti-cgt-arm_16.9.6.LTS\lib\</path>
         <kind>archive</kind>
         <file>rtsv7M4_T_le_v4SPD16_eabi.lib</file>
         <name>cpy_tbl.obj</name>
      </input_file>
      <input_file id="fl-106">
         <path>C:\ti\ccsv7\tools\compiler\ti-cgt-arm_16.9.6.LTS\lib\</path>
         <kind>archive</kind>
         <file>rtsv7M4_T_le_v4SPD16_eabi.lib</file>
         <name>ctype.obj</name>
      </input_file>
      <input_file id="fl-107">
         <path>C:\ti\ccsv7\tools\compiler\ti-cgt-arm_16.9.6.LTS\lib\</path>
         <kind>archive</kind>
         <file>rtsv7M4_T_le_v4SPD16_eabi.lib</file>
         <name>fd_add_t2.obj</name>
      </input_file>
      <input_file id="fl-108">
         <path>C:\ti\ccsv7\tools\compiler\ti-cgt-arm_16.9.6.LTS\lib\</path>
         <kind>archive</kind>
         <file>rtsv7M4_T_le_v4SPD16_eabi.lib</file>
         <name>fd_cmp_t2.obj</name>
      </input_file>
      <input_file id="fl-109">
         <path>C:\ti\ccsv7\tools\compiler\ti-cgt-arm_16.9.6.LTS\lib\</path>
         <kind>archive</kind>
         <file>rtsv7M4_T_le_v4SPD16_eabi.lib</file>
         <name>fd_div_t2.obj</name>
      </input_file>
      <input_file id="fl-10a">
         <path>C:\ti\ccsv7\tools\compiler\ti-cgt-arm_16.9.6.LTS\lib\</path>
         <kind>archive</kind>
         <file>rtsv7M4_T_le_v4SPD16_eabi.lib</file>
         <name>fd_mul_t2.obj</name>
      </input_file>
      <input_file id="fl-10b">
         <path>C:\ti\ccsv7\tools\compiler\ti-cgt-arm_16.9.6.LTS\lib\</path>
         <kind>archive</kind>
         <file>rtsv7M4_T_le_v4SPD16_eabi.lib</file>
         <name>fd_toi_t2.obj</name>
      </input_file>
      <input_file id="fl-10c">
         <path>C:\ti\ccsv7\tools\compiler\ti-cgt-arm_16.9.6.LTS\lib\</path>
         <kind>archive</kind>
         <file>rtsv7M4_T_le_v4SPD16_eabi.lib</file>
         <name>i_div0.obj</name>
      </input_file>
      <input_file id="fl-10d">
         <path>C:\ti\ccsv7\tools\compiler\ti-cgt-arm_16.9.6.LTS\lib\</path>
         <kind>archive</kind>
         <file>rtsv7M4_T_le_v4SPD16_eabi.lib</file>
         <name>i_tofd_t2.obj</name>
      </input_file>
      <input_file id="fl-10e">
         <path>C:\ti\ccsv7\tools\compiler\ti-cgt-arm_16.9.6.LTS\lib\</path>
         <kind>archive</kind>
         <file>rtsv7M4_T_le_v4SPD16_eabi.lib</file>
         <name>l_div0.obj</name>
      </input_file>
      <input_file id="fl-10f">
         <path>C:\ti\ccsv7\tools\compiler\ti-cgt-arm_16.9.6.LTS\lib\</path>
         <kind>archive</kind>
         <file>rtsv7M4_T_le_v4SPD16_eabi.lib</file>
         <name>ltoa.obj</name>
      </input_file>
      <input_file id="fl-110">
         <path>C:\ti\ccsv7\tools\compiler\ti-cgt-arm_16.9.6.LTS\lib\</path>
         <kind>archive</kind>
         <file>rtsv7M4_T_le_v4SPD16_eabi.lib</file>
         <name>memccpy.obj</name>
      </input_file>
      <input_file id="fl-111">
         <path>C:\ti\ccsv7\tools\compiler\ti-cgt-arm_16.9.6.LTS\lib\</path>
         <kind>archive</kind>
         <file>rtsv7M4_T_le_v4SPD16_eabi.lib</file>
         <name>s_frexp.obj</name>
      </input_file>
      <input_file id="fl-112">
         <path>C:\ti\ccsv7\tools\compiler\ti-cgt-arm_16.9.6.LTS\lib\</path>
         <kind>archive</kind>
         <file>rtsv7M4_T_le_v4SPD16_eabi.lib</file>
         <name>s_scalbn.obj</name>
      </input_file>
      <input_file id="fl-113">
         <path>C:\ti\ccsv7\tools\compiler\ti-cgt-arm_16.9.6.LTS\lib\</path>
         <kind>archive</kind>
         <file>rtsv7M4_T_le_v4SPD16_eabi.lib</file>
         <name>startup.obj</name>
      </input_file>
      <input_file id="fl-114">
         <path>C:\ti\ccsv7\tools\compiler\ti-cgt-arm_16.9.6.LTS\lib\</path>
         <kind>archive</kind>
         <file>rtsv7M4_T_le_v4SPD16_eabi.lib</file>
         <name>strchr.obj</name>
      </input_file>
      <input_file id="fl-115">
         <path>C:\ti\ccsv7\tools\compiler\ti-cgt-arm_16.9.6.LTS\lib\</path>
         <kind>archive</kind>
         <file>rtsv7M4_T_le_v4SPD16_eabi.lib</file>
         <name>strlen.obj</name>
      </input_file>
      <input_file id="fl-116">
         <path>C:\ti\ccsv7\tools\compiler\ti-cgt-arm_16.9.6.LTS\lib\</path>
         <kind>archive</kind>
         <file>rtsv7M4_T_le_v4SPD16_eabi.lib</file>
         <name>ull_div_t2.obj</name>
      </input_file>
      <input_file id="fl-117">
         <path>C:\ti\ccsv7\tools\compiler\ti-cgt-arm_16.9.6.LTS\lib\</path>
         <kind>archive</kind>
         <file>rtsv7M4_T_le_v4SPD16_eabi.lib</file>
         <name>errno.obj</name>
      </input_file>
      <input_file id="fl-118">
         <path>C:\ti\ccsv7\tools\compiler\ti-cgt-arm_16.9.6.LTS\lib\</path>
         <kind>archive</kind>
         <file>rtsv7M4_T_le_v4SPD16_eabi.lib</file>
         <name>s_copysign.obj</name>
      </input_file>
   </input_file_list>
   <object_component_list>
      <object_component id="oc-2c">
         <name>.intvecs:retain</name>
         <load_address>0x0</load_address>
         <run_address>0x0</run_address>
         <size>0xe4</size>
         <input_file_ref idref="fl-4"/>
      </object_component>
      <object_component id="oc-400">
         <name>.text</name>
         <load_address>0xe8</load_address>
         <run_address>0xe8</run_address>
         <size>0x9b38</size>
         <input_file_ref idref="fl-10"/>
      </object_component>
      <object_component id="oc-4b8">
         <name>.text</name>
         <load_address>0x9c20</load_address>
         <run_address>0x9c20</run_address>
         <size>0x1ad8</size>
         <input_file_ref idref="fl-1a"/>
      </object_component>
      <object_component id="oc-22d">
         <name>.text</name>
         <load_address>0xb6f8</load_address>
         <run_address>0xb6f8</run_address>
         <size>0x1594</size>
         <input_file_ref idref="fl-6"/>
      </object_component>
      <object_component id="oc-38e">
         <name>.text:CPU_wfi</name>
         <load_address>0xcc8c</load_address>
         <run_address>0xcc8c</run_address>
         <size>0x4</size>
         <input_file_ref idref="fl-3a"/>
      </object_component>
      <object_component id="oc-420">
         <name>.text</name>
         <load_address>0xcc90</load_address>
         <run_address>0xcc90</run_address>
         <size>0x11b8</size>
         <input_file_ref idref="fl-e"/>
      </object_component>
      <object_component id="oc-381">
         <name>.text</name>
         <load_address>0xde48</load_address>
         <run_address>0xde48</run_address>
         <size>0x113e</size>
         <input_file_ref idref="fl-101"/>
      </object_component>
      <object_component id="oc-2b1">
         <name>.text</name>
         <load_address>0xef86</load_address>
         <run_address>0xef86</run_address>
         <size>0x2</size>
         <input_file_ref idref="fl-10c"/>
      </object_component>
      <object_component id="oc-35c">
         <name>.text</name>
         <load_address>0xef88</load_address>
         <run_address>0xef88</run_address>
         <size>0xb98</size>
         <input_file_ref idref="fl-20"/>
      </object_component>
      <object_component id="oc-92">
         <name>.text</name>
         <load_address>0xfb20</load_address>
         <run_address>0xfb20</run_address>
         <size>0xa10</size>
         <input_file_ref idref="fl-c"/>
      </object_component>
      <object_component id="oc-344">
         <name>.text</name>
         <load_address>0x10530</load_address>
         <run_address>0x10530</run_address>
         <size>0x978</size>
         <input_file_ref idref="fl-22"/>
      </object_component>
      <object_component id="oc-350">
         <name>.text</name>
         <load_address>0x10ea8</load_address>
         <run_address>0x10ea8</run_address>
         <size>0x8dc</size>
         <input_file_ref idref="fl-1d"/>
      </object_component>
      <object_component id="oc-182">
         <name>.text:I2C_setSlaveAddress</name>
         <load_address>0x11784</load_address>
         <run_address>0x11784</run_address>
         <size>0x4</size>
         <input_file_ref idref="fl-32"/>
      </object_component>
      <object_component id="oc-284">
         <name>.text</name>
         <load_address>0x11788</load_address>
         <run_address>0x11788</run_address>
         <size>0x87c</size>
         <input_file_ref idref="fl-11"/>
      </object_component>
      <object_component id="oc-59">
         <name>.text</name>
         <load_address>0x12004</load_address>
         <run_address>0x12004</run_address>
         <size>0x4</size>
         <input_file_ref idref="fl-fa"/>
      </object_component>
      <object_component id="oc-80">
         <name>.text</name>
         <load_address>0x12008</load_address>
         <run_address>0x12008</run_address>
         <size>0x748</size>
         <input_file_ref idref="fl-26"/>
      </object_component>
      <object_component id="oc-218">
         <name>.text</name>
         <load_address>0x12750</load_address>
         <run_address>0x12750</run_address>
         <size>0x4fc</size>
         <input_file_ref idref="fl-18"/>
      </object_component>
      <object_component id="oc-7a3">
         <name>.text</name>
         <load_address>0x12c4c</load_address>
         <run_address>0x12c4c</run_address>
         <size>0x2</size>
         <input_file_ref idref="fl-10e"/>
      </object_component>
      <object_component id="oc-53">
         <name>.text</name>
         <load_address>0x12c4e</load_address>
         <run_address>0x12c4e</run_address>
         <size>0x2</size>
         <input_file_ref idref="fl-f9"/>
      </object_component>
      <object_component id="oc-338">
         <name>.text</name>
         <load_address>0x12c50</load_address>
         <run_address>0x12c50</run_address>
         <size>0x4d8</size>
         <input_file_ref idref="fl-19"/>
      </object_component>
      <object_component id="oc-296">
         <name>.text</name>
         <load_address>0x13128</load_address>
         <run_address>0x13128</run_address>
         <size>0x340</size>
         <input_file_ref idref="fl-9"/>
      </object_component>
      <object_component id="oc-86">
         <name>.text</name>
         <load_address>0x13468</load_address>
         <run_address>0x13468</run_address>
         <size>0x310</size>
         <input_file_ref idref="fl-17"/>
      </object_component>
      <object_component id="oc-8c">
         <name>.text</name>
         <load_address>0x13778</load_address>
         <run_address>0x13778</run_address>
         <size>0x300</size>
         <input_file_ref idref="fl-13"/>
      </object_component>
      <object_component id="oc-d4">
         <name>.text</name>
         <load_address>0x13a78</load_address>
         <run_address>0x13a78</run_address>
         <size>0x2b8</size>
         <input_file_ref idref="fl-5"/>
      </object_component>
      <object_component id="oc-c1">
         <name>.text</name>
         <load_address>0x13d30</load_address>
         <run_address>0x13d30</run_address>
         <size>0x244</size>
         <input_file_ref idref="fl-3"/>
      </object_component>
      <object_component id="oc-65a">
         <name>.text</name>
         <load_address>0x13f74</load_address>
         <run_address>0x13f74</run_address>
         <size>0x21e</size>
         <input_file_ref idref="fl-f5"/>
      </object_component>
      <object_component id="oc-58e">
         <name>.text</name>
         <load_address>0x14192</load_address>
         <run_address>0x14192</run_address>
         <size>0x1f4</size>
         <input_file_ref idref="fl-116"/>
      </object_component>
      <object_component id="oc-b9">
         <name>.text</name>
         <load_address>0x14386</load_address>
         <run_address>0x14386</run_address>
         <size>0x2</size>
         <input_file_ref idref="fl-113"/>
      </object_component>
      <object_component id="oc-290">
         <name>.text</name>
         <load_address>0x14388</load_address>
         <run_address>0x14388</run_address>
         <size>0x1d0</size>
         <input_file_ref idref="fl-f"/>
      </object_component>
      <object_component id="oc-5bd">
         <name>.text</name>
         <load_address>0x14558</load_address>
         <run_address>0x14558</run_address>
         <size>0x1b6</size>
         <input_file_ref idref="fl-107"/>
      </object_component>
      <object_component id="oc-4be">
         <name>.text</name>
         <load_address>0x14710</load_address>
         <run_address>0x14710</run_address>
         <size>0x1b4</size>
         <input_file_ref idref="fl-23"/>
      </object_component>
      <object_component id="oc-27e">
         <name>.text</name>
         <load_address>0x148c8</load_address>
         <run_address>0x148c8</run_address>
         <size>0x1a8</size>
         <input_file_ref idref="fl-15"/>
      </object_component>
      <object_component id="oc-2da">
         <name>.text:__PCM_setPowerStateAdvanced</name>
         <load_address>0x14a70</load_address>
         <run_address>0x14a70</run_address>
         <size>0x1a0</size>
         <input_file_ref idref="fl-34"/>
      </object_component>
      <object_component id="oc-212">
         <name>.text</name>
         <load_address>0x14c10</load_address>
         <run_address>0x14c10</run_address>
         <size>0x194</size>
         <input_file_ref idref="fl-2"/>
      </object_component>
      <object_component id="oc-29c">
         <name>.text</name>
         <load_address>0x14da8</load_address>
         <run_address>0x14da8</run_address>
         <size>0x150</size>
         <input_file_ref idref="fl-d"/>
      </object_component>
      <object_component id="oc-28a">
         <name>.text</name>
         <load_address>0x14ef8</load_address>
         <run_address>0x14ef8</run_address>
         <size>0x144</size>
         <input_file_ref idref="fl-b"/>
      </object_component>
      <object_component id="oc-5a3">
         <name>.text</name>
         <load_address>0x1503c</load_address>
         <run_address>0x1503c</run_address>
         <size>0x136</size>
         <input_file_ref idref="fl-109"/>
      </object_component>
      <object_component id="oc-460">
         <name>.text:CS_getDCOFrequency</name>
         <load_address>0x15174</load_address>
         <run_address>0x15174</run_address>
         <size>0x104</size>
         <input_file_ref idref="fl-2f"/>
      </object_component>
      <object_component id="oc-59e">
         <name>.text</name>
         <load_address>0x15278</load_address>
         <run_address>0x15278</run_address>
         <size>0xfc</size>
         <input_file_ref idref="fl-10a"/>
      </object_component>
      <object_component id="oc-5c8">
         <name>.text</name>
         <load_address>0x15374</load_address>
         <run_address>0x15374</run_address>
         <size>0xfc</size>
         <input_file_ref idref="fl-112"/>
      </object_component>
      <object_component id="oc-34a">
         <name>.text</name>
         <load_address>0x15470</load_address>
         <run_address>0x15470</run_address>
         <size>0xe8</size>
         <input_file_ref idref="fl-1e"/>
      </object_component>
      <object_component id="oc-158">
         <name>.text:CS_initClockSignal</name>
         <load_address>0x15558</load_address>
         <run_address>0x15558</run_address>
         <size>0xe0</size>
         <input_file_ref idref="fl-2f"/>
      </object_component>
      <object_component id="oc-4a7">
         <name>.text:__PCM_setPowerModeAdvanced</name>
         <load_address>0x15638</load_address>
         <run_address>0x15638</run_address>
         <size>0xdc</size>
         <input_file_ref idref="fl-34"/>
      </object_component>
      <object_component id="oc-278">
         <name>.text</name>
         <load_address>0x15718</load_address>
         <run_address>0x15718</run_address>
         <size>0xce</size>
         <input_file_ref idref="fl-14"/>
      </object_component>
      <object_component id="oc-33e">
         <name>.text</name>
         <load_address>0x157e8</load_address>
         <run_address>0x157e8</run_address>
         <size>0xc0</size>
         <input_file_ref idref="fl-1f"/>
      </object_component>
      <object_component id="oc-4a1">
         <name>.text:__PCM_setCoreVoltageLevelAdvanced</name>
         <load_address>0x158a8</load_address>
         <run_address>0x158a8</run_address>
         <size>0xb0</size>
         <input_file_ref idref="fl-34"/>
      </object_component>
      <object_component id="oc-619">
         <name>.text:CS_startHFXTWithTimeout</name>
         <load_address>0x15958</load_address>
         <run_address>0x15958</run_address>
         <size>0x9c</size>
         <input_file_ref idref="fl-2f"/>
      </object_component>
      <object_component id="oc-2a3">
         <name>.text:_CSComputeCLKFrequency</name>
         <load_address>0x159f4</load_address>
         <run_address>0x159f4</run_address>
         <size>0x9c</size>
         <input_file_ref idref="fl-2f"/>
      </object_component>
      <object_component id="oc-3b">
         <name>.text</name>
         <load_address>0x15a90</load_address>
         <run_address>0x15a90</run_address>
         <size>0x9c</size>
         <input_file_ref idref="fl-f7"/>
      </object_component>
      <object_component id="oc-433">
         <name>.text:UART_initModule</name>
         <load_address>0x15b2c</load_address>
         <run_address>0x15b2c</run_address>
         <size>0x94</size>
         <input_file_ref idref="fl-38"/>
      </object_component>
      <object_component id="oc-43f">
         <name>.text</name>
         <load_address>0x15bc0</load_address>
         <run_address>0x15bc0</run_address>
         <size>0x94</size>
         <input_file_ref idref="fl-fc"/>
      </object_component>
      <object_component id="oc-599">
         <name>.text:__aeabi_cdcmple</name>
         <load_address>0x15c54</load_address>
         <run_address>0x15c54</run_address>
         <size>0x86</size>
         <input_file_ref idref="fl-108"/>
      </object_component>
      <object_component id="oc-5a8">
         <name>.text:__aeabi_cdrcmple</name>
         <load_address>0x15cda</load_address>
         <run_address>0x15cda</run_address>
         <size>0x86</size>
         <input_file_ref idref="fl-108"/>
      </object_component>
      <object_component id="oc-397">
         <name>.text</name>
         <load_address>0x15d60</load_address>
         <run_address>0x15d60</run_address>
         <size>0x84</size>
         <input_file_ref idref="fl-28"/>
      </object_component>
      <object_component id="oc-272">
         <name>.text</name>
         <load_address>0x15de8</load_address>
         <run_address>0x15de8</run_address>
         <size>0x7c</size>
         <input_file_ref idref="fl-a"/>
      </object_component>
      <object_component id="oc-48f">
         <name>.text:PCM_gotoLPM3</name>
         <load_address>0x15e64</load_address>
         <run_address>0x15e64</run_address>
         <size>0x7c</size>
         <input_file_ref idref="fl-34"/>
      </object_component>
      <object_component id="oc-47">
         <name>.text</name>
         <load_address>0x15ee0</load_address>
         <run_address>0x15ee0</run_address>
         <size>0x7a</size>
         <input_file_ref idref="fl-f8"/>
      </object_component>
      <object_component id="oc-781">
         <name>.text:_CSGetHFXTFrequency</name>
         <load_address>0x15f5c</load_address>
         <run_address>0x15f5c</run_address>
         <size>0x70</size>
         <input_file_ref idref="fl-2f"/>
      </object_component>
      <object_component id="oc-6b7">
         <name>.text</name>
         <load_address>0x15fd0</load_address>
         <run_address>0x15fd0</run_address>
         <size>0x70</size>
         <input_file_ref idref="fl-1b"/>
      </object_component>
      <object_component id="oc-5f">
         <name>.text</name>
         <load_address>0x16040</load_address>
         <run_address>0x16040</run_address>
         <size>0x70</size>
         <input_file_ref idref="fl-104"/>
      </object_component>
      <object_component id="oc-14">
         <name>.text:decompress:lzss</name>
         <load_address>0x160b0</load_address>
         <run_address>0x160b0</run_address>
         <size>0x68</size>
         <input_file_ref idref="fl-f1"/>
      </object_component>
      <object_component id="oc-134">
         <name>.text:Interrupt_disableInterrupt</name>
         <load_address>0x16118</load_address>
         <run_address>0x16118</run_address>
         <size>0x64</size>
         <input_file_ref idref="fl-33"/>
      </object_component>
      <object_component id="oc-122">
         <name>.text:Interrupt_enableInterrupt</name>
         <load_address>0x1617c</load_address>
         <run_address>0x1617c</run_address>
         <size>0x64</size>
         <input_file_ref idref="fl-33"/>
      </object_component>
      <object_component id="oc-5c2">
         <name>.text</name>
         <load_address>0x161e0</load_address>
         <run_address>0x161e0</run_address>
         <size>0x64</size>
         <input_file_ref idref="fl-111"/>
      </object_component>
      <object_component id="oc-21e">
         <name>.text</name>
         <load_address>0x16244</load_address>
         <run_address>0x16244</run_address>
         <size>0x60</size>
         <input_file_ref idref="fl-fd"/>
      </object_component>
      <object_component id="oc-1de">
         <name>.text:LCD_WriteData</name>
         <load_address>0x162a8</load_address>
         <run_address>0x162a8</run_address>
         <size>0x5c</size>
         <input_file_ref idref="fl-c"/>
      </object_component>
      <object_component id="oc-1d7">
         <name>.text:LCD_WriteIndex</name>
         <load_address>0x16308</load_address>
         <run_address>0x16308</run_address>
         <size>0x5c</size>
         <input_file_ref idref="fl-c"/>
      </object_component>
      <object_component id="oc-26">
         <name>.text</name>
         <load_address>0x16364</load_address>
         <run_address>0x16364</run_address>
         <size>0x54</size>
         <input_file_ref idref="fl-f0"/>
      </object_component>
      <object_component id="oc-6b">
         <name>.text</name>
         <load_address>0x163b8</load_address>
         <run_address>0x163b8</run_address>
         <size>0x54</size>
         <input_file_ref idref="fl-f4"/>
      </object_component>
      <object_component id="oc-5b2">
         <name>.text</name>
         <load_address>0x1640c</load_address>
         <run_address>0x1640c</run_address>
         <size>0x54</size>
         <input_file_ref idref="fl-10f"/>
      </object_component>
      <object_component id="oc-49b">
         <name>.text:PCM_shutdownDevice</name>
         <load_address>0x16460</load_address>
         <run_address>0x16460</run_address>
         <size>0x50</size>
         <input_file_ref idref="fl-34"/>
      </object_component>
      <object_component id="oc-68f">
         <name>.text:SysCtl_getTLVInfo</name>
         <load_address>0x164b0</load_address>
         <run_address>0x164b0</run_address>
         <size>0x50</size>
         <input_file_ref idref="fl-36"/>
      </object_component>
      <object_component id="oc-7b">
         <name>.text</name>
         <load_address>0x16500</load_address>
         <run_address>0x16500</run_address>
         <size>0x4c</size>
         <input_file_ref idref="fl-27"/>
      </object_component>
      <object_component id="oc-13a">
         <name>.text:GPIO_setAsPeripheralModuleFunctionOutputPin</name>
         <load_address>0x1654c</load_address>
         <run_address>0x1654c</run_address>
         <size>0x4c</size>
         <input_file_ref idref="fl-31"/>
      </object_component>
      <object_component id="oc-689">
         <name>.text:_CSGetDOCFrequency</name>
         <load_address>0x16598</load_address>
         <run_address>0x16598</run_address>
         <size>0x4c</size>
         <input_file_ref idref="fl-2f"/>
      </object_component>
      <object_component id="oc-5d4">
         <name>.text</name>
         <load_address>0x165e4</load_address>
         <run_address>0x165e4</run_address>
         <size>0x4c</size>
         <input_file_ref idref="fl-103"/>
      </object_component>
      <object_component id="oc-b3">
         <name>.text</name>
         <load_address>0x16630</load_address>
         <run_address>0x16630</run_address>
         <size>0x4c</size>
         <input_file_ref idref="fl-105"/>
      </object_component>
      <object_component id="oc-3b1">
         <name>.text</name>
         <load_address>0x1667c</load_address>
         <run_address>0x1667c</run_address>
         <size>0x4c</size>
         <input_file_ref idref="fl-fb"/>
      </object_component>
      <object_component id="oc-42d">
         <name>.text:GPIO_setAsPeripheralModuleFunctionInputPin</name>
         <load_address>0x166c8</load_address>
         <run_address>0x166c8</run_address>
         <size>0x48</size>
         <input_file_ref idref="fl-31"/>
      </object_component>
      <object_component id="oc-45a">
         <name>.text:_CSGetDividerValue</name>
         <load_address>0x16710</load_address>
         <run_address>0x16710</run_address>
         <size>0x48</size>
         <input_file_ref idref="fl-2f"/>
      </object_component>
      <object_component id="oc-5ad">
         <name>.text</name>
         <load_address>0x16758</load_address>
         <run_address>0x16758</run_address>
         <size>0x48</size>
         <input_file_ref idref="fl-10b"/>
      </object_component>
      <object_component id="oc-102">
         <name>.text</name>
         <load_address>0x167a0</load_address>
         <run_address>0x167a0</run_address>
         <size>0x40</size>
         <input_file_ref idref="fl-ff"/>
      </object_component>
      <object_component id="oc-17c">
         <name>.text:I2C_initMaster</name>
         <load_address>0x167e0</load_address>
         <run_address>0x167e0</run_address>
         <size>0x3e</size>
         <input_file_ref idref="fl-32"/>
      </object_component>
      <object_component id="oc-e7">
         <name>.text</name>
         <load_address>0x16820</load_address>
         <run_address>0x16820</run_address>
         <size>0x3a</size>
         <input_file_ref idref="fl-8"/>
      </object_component>
      <object_component id="oc-194">
         <name>.text:I2C_masterSendMultiByteStart</name>
         <load_address>0x1685c</load_address>
         <run_address>0x1685c</run_address>
         <size>0x38</size>
         <input_file_ref idref="fl-32"/>
      </object_component>
      <object_component id="oc-329">
         <name>.text:GPIO_setAsInputPinWithPullUpResistor</name>
         <load_address>0x16894</load_address>
         <run_address>0x16894</run_address>
         <size>0x30</size>
         <input_file_ref idref="fl-31"/>
      </object_component>
      <object_component id="oc-1b8">
         <name>.text:I2C_masterSendMultiByteStop</name>
         <load_address>0x168c4</load_address>
         <run_address>0x168c4</run_address>
         <size>0x30</size>
         <input_file_ref idref="fl-32"/>
      </object_component>
      <object_component id="oc-5b8">
         <name>.text</name>
         <load_address>0x168f4</load_address>
         <run_address>0x168f4</run_address>
         <size>0x2e</size>
         <input_file_ref idref="fl-10d"/>
      </object_component>
      <object_component id="oc-3ef">
         <name>.text:CS_startHFXT</name>
         <load_address>0x16922</load_address>
         <run_address>0x16922</run_address>
         <size>0x6</size>
         <input_file_ref idref="fl-2f"/>
      </object_component>
      <object_component id="oc-1e5">
         <name>.text</name>
         <load_address>0x16928</load_address>
         <run_address>0x16928</run_address>
         <size>0x2c</size>
         <input_file_ref idref="fl-7"/>
      </object_component>
      <object_component id="oc-6ad">
         <name>.text:PCM_getCoreVoltageLevel</name>
         <load_address>0x16954</load_address>
         <run_address>0x16954</run_address>
         <size>0x2c</size>
         <input_file_ref idref="fl-34"/>
      </object_component>
      <object_component id="oc-698">
         <name>.text:PCM_getPowerMode</name>
         <load_address>0x16980</load_address>
         <run_address>0x16980</run_address>
         <size>0x2a</size>
         <input_file_ref idref="fl-34"/>
      </object_component>
      <object_component id="oc-146">
         <name>.text:FlashCtl_setWaitState</name>
         <load_address>0x169ac</load_address>
         <run_address>0x169ac</run_address>
         <size>0x28</size>
         <input_file_ref idref="fl-30"/>
      </object_component>
      <object_component id="oc-224">
         <name>.text:PCM_gotoLPM0</name>
         <load_address>0x169d4</load_address>
         <run_address>0x169d4</run_address>
         <size>0x28</size>
         <input_file_ref idref="fl-34"/>
      </object_component>
      <object_component id="oc-466">
         <name>.text:CS_clearInterruptFlag</name>
         <load_address>0x169fc</load_address>
         <run_address>0x169fc</run_address>
         <size>0x24</size>
         <input_file_ref idref="fl-2f"/>
      </object_component>
      <object_component id="oc-152">
         <name>.text:CS_setDCOCenteredFrequency</name>
         <load_address>0x16a20</load_address>
         <run_address>0x16a20</run_address>
         <size>0x24</size>
         <input_file_ref idref="fl-2f"/>
      </object_component>
      <object_component id="oc-1c4">
         <name>.text:I2C_masterSendMultiByteNext</name>
         <load_address>0x16a44</load_address>
         <run_address>0x16a44</run_address>
         <size>0x24</size>
         <input_file_ref idref="fl-32"/>
      </object_component>
      <object_component id="oc-128">
         <name>.text:Interrupt_setPriority</name>
         <load_address>0x16a68</load_address>
         <run_address>0x16a68</run_address>
         <size>0x24</size>
         <input_file_ref idref="fl-33"/>
      </object_component>
      <object_component id="oc-6a5">
         <name>.text:RTC_C_holdClock</name>
         <load_address>0x16a8c</load_address>
         <run_address>0x16a8c</run_address>
         <size>0x24</size>
         <input_file_ref idref="fl-35"/>
      </object_component>
      <object_component id="oc-445">
         <name>.text:UART_transmitData</name>
         <load_address>0x16ab0</load_address>
         <run_address>0x16ab0</run_address>
         <size>0x24</size>
         <input_file_ref idref="fl-38"/>
      </object_component>
      <object_component id="oc-40b">
         <name>.text</name>
         <load_address>0x16ad8</load_address>
         <run_address>0x16ad8</run_address>
         <size>0x20</size>
         <input_file_ref idref="fl-12"/>
      </object_component>
      <object_component id="oc-5da">
         <name>.text</name>
         <load_address>0x16af8</load_address>
         <run_address>0x16af8</run_address>
         <size>0x1c</size>
         <input_file_ref idref="fl-110"/>
      </object_component>
      <object_component id="oc-ed">
         <name>.text:CS_getMCLK</name>
         <load_address>0x16b14</load_address>
         <run_address>0x16b14</run_address>
         <size>0x18</size>
         <input_file_ref idref="fl-2f"/>
      </object_component>
      <object_component id="oc-16a">
         <name>.text:CS_getSMCLK</name>
         <load_address>0x16b2c</load_address>
         <run_address>0x16b2c</run_address>
         <size>0x18</size>
         <input_file_ref idref="fl-2f"/>
      </object_component>
      <object_component id="oc-266">
         <name>.text:WDT_A_clearTimer</name>
         <load_address>0x16b44</load_address>
         <run_address>0x16b44</run_address>
         <size>0x18</size>
         <input_file_ref idref="fl-39"/>
      </object_component>
      <object_component id="oc-26c">
         <name>.text:WDT_A_holdTimer</name>
         <load_address>0x16b5c</load_address>
         <run_address>0x16b5c</run_address>
         <size>0x18</size>
         <input_file_ref idref="fl-39"/>
      </object_component>
      <object_component id="oc-65">
         <name>.text</name>
         <load_address>0x16b74</load_address>
         <run_address>0x16b74</run_address>
         <size>0x18</size>
         <input_file_ref idref="fl-102"/>
      </object_component>
      <object_component id="oc-655">
         <name>.text</name>
         <load_address>0x16b8c</load_address>
         <run_address>0x16b8c</run_address>
         <size>0x18</size>
         <input_file_ref idref="fl-f6"/>
      </object_component>
      <object_component id="oc-5ce">
         <name>.text</name>
         <load_address>0x16ba4</load_address>
         <run_address>0x16ba4</run_address>
         <size>0x16</size>
         <input_file_ref idref="fl-114"/>
      </object_component>
      <object_component id="oc-140">
         <name>.text:CS_setExternalClockSourceFrequency</name>
         <load_address>0x16bbc</load_address>
         <run_address>0x16bbc</run_address>
         <size>0x14</size>
         <input_file_ref idref="fl-2f"/>
      </object_component>
      <object_component id="oc-170">
         <name>.text:I2C_isBusBusy</name>
         <load_address>0x16bd0</load_address>
         <run_address>0x16bd0</run_address>
         <size>0x14</size>
         <input_file_ref idref="fl-32"/>
      </object_component>
      <object_component id="oc-e1">
         <name>.text:SysTick_enableInterrupt</name>
         <load_address>0x16be4</load_address>
         <run_address>0x16be4</run_address>
         <size>0x14</size>
         <input_file_ref idref="fl-37"/>
      </object_component>
      <object_component id="oc-23d">
         <name>.text</name>
         <load_address>0x16bf8</load_address>
         <run_address>0x16bf8</run_address>
         <size>0x14</size>
         <input_file_ref idref="fl-100"/>
      </object_component>
      <object_component id="oc-756">
         <name>.text</name>
         <load_address>0x16c0c</load_address>
         <run_address>0x16c0c</run_address>
         <size>0x14</size>
         <input_file_ref idref="fl-118"/>
      </object_component>
      <object_component id="oc-593">
         <name>.text</name>
         <load_address>0x16c20</load_address>
         <run_address>0x16c20</run_address>
         <size>0x14</size>
         <input_file_ref idref="fl-115"/>
      </object_component>
      <object_component id="oc-75">
         <name>.text</name>
         <load_address>0x16c38</load_address>
         <run_address>0x16c38</run_address>
         <size>0x12</size>
         <input_file_ref idref="fl-4"/>
      </object_component>
      <object_component id="oc-1a6">
         <name>.text:I2C_masterReceiveStart</name>
         <load_address>0x16c4a</load_address>
         <run_address>0x16c4a</run_address>
         <size>0x10</size>
         <input_file_ref idref="fl-32"/>
      </object_component>
      <object_component id="oc-12e">
         <name>.text:Interrupt_enableMaster</name>
         <load_address>0x16c5a</load_address>
         <run_address>0x16c5a</run_address>
         <size>0x10</size>
         <input_file_ref idref="fl-33"/>
      </object_component>
      <object_component id="oc-495">
         <name>.text:PCM_gotoLPM4</name>
         <load_address>0x16c6a</load_address>
         <run_address>0x16c6a</run_address>
         <size>0x10</size>
         <input_file_ref idref="fl-34"/>
      </object_component>
      <object_component id="oc-77b">
         <name>.text:SysCtl_disableNMISource</name>
         <load_address>0x16c7c</load_address>
         <run_address>0x16c7c</run_address>
         <size>0x10</size>
         <input_file_ref idref="fl-36"/>
      </object_component>
      <object_component id="oc-787">
         <name>.text:SysCtl_enableNMISource</name>
         <load_address>0x16c8c</load_address>
         <run_address>0x16c8c</run_address>
         <size>0x10</size>
         <input_file_ref idref="fl-36"/>
      </object_component>
      <object_component id="oc-f3">
         <name>.text</name>
         <load_address>0x16c9c</load_address>
         <run_address>0x16c9c</run_address>
         <size>0xe</size>
         <input_file_ref idref="fl-24"/>
      </object_component>
      <object_component id="oc-1b2">
         <name>.text:I2C_clearInterruptFlag</name>
         <load_address>0x16caa</load_address>
         <run_address>0x16caa</run_address>
         <size>0xe</size>
         <input_file_ref idref="fl-32"/>
      </object_component>
      <object_component id="oc-19a">
         <name>.text:I2C_disableInterrupt</name>
         <load_address>0x16cb8</load_address>
         <run_address>0x16cb8</run_address>
         <size>0xe</size>
         <input_file_ref idref="fl-32"/>
      </object_component>
      <object_component id="oc-1a">
         <name>.text:decompress:none</name>
         <load_address>0x16cc6</load_address>
         <run_address>0x16cc6</run_address>
         <size>0xe</size>
         <input_file_ref idref="fl-f2"/>
      </object_component>
      <object_component id="oc-2c6">
         <name>.text:CPU_cpsie</name>
         <load_address>0x16cd4</load_address>
         <run_address>0x16cd4</run_address>
         <size>0xc</size>
         <input_file_ref idref="fl-3a"/>
      </object_component>
      <object_component id="oc-176">
         <name>.text:I2C_disableModule</name>
         <load_address>0x16ce0</load_address>
         <run_address>0x16ce0</run_address>
         <size>0xc</size>
         <input_file_ref idref="fl-32"/>
      </object_component>
      <object_component id="oc-188">
         <name>.text:I2C_enableModule</name>
         <load_address>0x16cec</load_address>
         <run_address>0x16cec</run_address>
         <size>0xc</size>
         <input_file_ref idref="fl-32"/>
      </object_component>
      <object_component id="oc-489">
         <name>.text:PCM_getPowerState</name>
         <load_address>0x16cf8</load_address>
         <run_address>0x16cf8</run_address>
         <size>0xc</size>
         <input_file_ref idref="fl-34"/>
      </object_component>
      <object_component id="oc-775">
         <name>.text:SysCtl_getNMISourceStatus</name>
         <load_address>0x16d04</load_address>
         <run_address>0x16d04</run_address>
         <size>0xc</size>
         <input_file_ref idref="fl-36"/>
      </object_component>
      <object_component id="oc-439">
         <name>.text:UART_enableModule</name>
         <load_address>0x16d10</load_address>
         <run_address>0x16d10</run_address>
         <size>0xc</size>
         <input_file_ref idref="fl-38"/>
      </object_component>
      <object_component id="oc-20">
         <name>.text:decompress:ZI</name>
         <load_address>0x16d1c</load_address>
         <run_address>0x16d1c</run_address>
         <size>0xc</size>
         <input_file_ref idref="fl-f3"/>
      </object_component>
      <object_component id="oc-18e">
         <name>.text:I2C_enableInterrupt</name>
         <load_address>0x16d28</load_address>
         <run_address>0x16d28</run_address>
         <size>0x8</size>
         <input_file_ref idref="fl-32"/>
      </object_component>
      <object_component id="oc-3e9">
         <name>.text:PCM_setCoreVoltageLevel</name>
         <load_address>0x16d30</load_address>
         <run_address>0x16d30</run_address>
         <size>0x8</size>
         <input_file_ref idref="fl-34"/>
      </object_component>
      <object_component id="oc-69e">
         <name>.text:PCM_setPowerMode</name>
         <load_address>0x16d38</load_address>
         <run_address>0x16d38</run_address>
         <size>0x8</size>
         <input_file_ref idref="fl-34"/>
      </object_component>
      <object_component id="oc-14c">
         <name>.text:PCM_setPowerState</name>
         <load_address>0x16d40</load_address>
         <run_address>0x16d40</run_address>
         <size>0x8</size>
         <input_file_ref idref="fl-34"/>
      </object_component>
      <object_component id="oc-1ac">
         <name>.text:I2C_getEnabledInterruptStatus</name>
         <load_address>0x16d48</load_address>
         <run_address>0x16d48</run_address>
         <size>0x6</size>
         <input_file_ref idref="fl-32"/>
      </object_component>
      <object_component id="oc-1a0">
         <name>.text:I2C_getInterruptStatus</name>
         <load_address>0x16d4e</load_address>
         <run_address>0x16d4e</run_address>
         <size>0x6</size>
         <input_file_ref idref="fl-32"/>
      </object_component>
      <object_component id="oc-1be">
         <name>.text:I2C_masterReceiveMultiByteNext</name>
         <load_address>0x16d54</load_address>
         <run_address>0x16d54</run_address>
         <size>0x6</size>
         <input_file_ref idref="fl-32"/>
      </object_component>
      <object_component id="oc-64e">
         <name>.text:SysCtlDelay</name>
         <load_address>0x16d5a</load_address>
         <run_address>0x16d5a</run_address>
         <size>0x6</size>
         <input_file_ref idref="fl-12"/>
      </object_component>
      <object_component id="oc-312">
         <name>.const:AsciiLib</name>
         <load_address>0x16d60</load_address>
         <run_address>0x16d60</run_address>
         <size>0x5f0</size>
         <input_file_ref idref="fl-7"/>
      </object_component>
      <object_component id="oc-763">
         <name>.const:.string:_ctypes_</name>
         <load_address>0x17350</load_address>
         <run_address>0x17350</run_address>
         <size>0x101</size>
         <input_file_ref idref="fl-106"/>
      </object_component>
      <object_component id="oc-63f">
         <name>.const:.string:INVALID_OFFSET</name>
         <load_address>0x17451</load_address>
         <run_address>0x17451</run_address>
         <size>0x3</size>
         <input_file_ref idref="fl-10"/>
      </object_component>
      <object_component id="oc-4f5">
         <name>.const:$P$T0$1</name>
         <load_address>0x17454</load_address>
         <run_address>0x17454</run_address>
         <size>0xb0</size>
         <input_file_ref idref="fl-22"/>
      </object_component>
      <object_component id="oc-2c2">
         <name>.const:g_pulRegs</name>
         <load_address>0x17504</load_address>
         <run_address>0x17504</run_address>
         <size>0x50</size>
         <input_file_ref idref="fl-33"/>
      </object_component>
      <object_component id="oc-2bd">
         <name>.const</name>
         <load_address>0x17554</load_address>
         <run_address>0x17554</run_address>
         <size>0x40</size>
         <input_file_ref idref="fl-33"/>
      </object_component>
      <object_component id="oc-6c9">
         <name>.const:_SlActionLookupTable</name>
         <load_address>0x17594</load_address>
         <run_address>0x17594</run_address>
         <size>0x38</size>
         <input_file_ref idref="fl-1a"/>
      </object_component>
      <object_component id="oc-356">
         <name>.const:$P$T0$1</name>
         <load_address>0x175cc</load_address>
         <run_address>0x175cc</run_address>
         <size>0x2c</size>
         <input_file_ref idref="fl-18"/>
      </object_component>
      <object_component id="oc-44b">
         <name>.const:backChannelUart115200Config</name>
         <load_address>0x175f8</load_address>
         <run_address>0x175f8</run_address>
         <size>0x24</size>
         <input_file_ref idref="fl-9"/>
      </object_component>
      <object_component id="oc-1ee">
         <name>.const:.string:$P$T0$1</name>
         <load_address>0x1761c</load_address>
         <run_address>0x1761c</run_address>
         <size>0x20</size>
         <input_file_ref idref="fl-c"/>
      </object_component>
      <object_component id="oc-3c4">
         <name>.const:.string:$P$T5$9</name>
         <load_address>0x1763c</load_address>
         <run_address>0x1763c</run_address>
         <size>0x18</size>
         <input_file_ref idref="fl-6"/>
      </object_component>
      <object_component id="oc-359">
         <name>.const:$P$T1$2</name>
         <load_address>0x17654</load_address>
         <run_address>0x17654</run_address>
         <size>0x14</size>
         <input_file_ref idref="fl-18"/>
      </object_component>
      <object_component id="oc-3d3">
         <name>.const:.string:$P$T7$11</name>
         <load_address>0x17668</load_address>
         <run_address>0x17668</run_address>
         <size>0x14</size>
         <input_file_ref idref="fl-6"/>
      </object_component>
      <object_component id="oc-3c7">
         <name>.const:.string:$P$T6$10</name>
         <load_address>0x1767c</load_address>
         <run_address>0x1767c</run_address>
         <size>0x12</size>
         <input_file_ref idref="fl-6"/>
      </object_component>
      <object_component id="oc-39d">
         <name>.const:.string:$P$T0$1</name>
         <load_address>0x1768e</load_address>
         <run_address>0x1768e</run_address>
         <size>0x2</size>
         <input_file_ref idref="fl-6"/>
      </object_component>
      <object_component id="oc-365">
         <name>.const:$P$T2$3</name>
         <load_address>0x17690</load_address>
         <run_address>0x17690</run_address>
         <size>0xc</size>
         <input_file_ref idref="fl-18"/>
      </object_component>
      <object_component id="oc-642">
         <name>.const:yas532_version_ac_coef</name>
         <load_address>0x1769c</load_address>
         <run_address>0x1769c</run_address>
         <size>0xc</size>
         <input_file_ref idref="fl-10"/>
      </object_component>
      <object_component id="oc-3bb">
         <name>.const:.string:$P$T2$6</name>
         <load_address>0x176a8</load_address>
         <run_address>0x176a8</run_address>
         <size>0xb</size>
         <input_file_ref idref="fl-6"/>
      </object_component>
      <object_component id="oc-3c1">
         <name>.const:.string:$P$T4$8</name>
         <load_address>0x176b3</load_address>
         <run_address>0x176b3</run_address>
         <size>0xb</size>
         <input_file_ref idref="fl-6"/>
      </object_component>
      <object_component id="oc-3b8">
         <name>.const:.string:$P$T1$5</name>
         <load_address>0x176be</load_address>
         <run_address>0x176be</run_address>
         <size>0xa</size>
         <input_file_ref idref="fl-6"/>
      </object_component>
      <object_component id="oc-3be">
         <name>.const:.string:$P$T3$7</name>
         <load_address>0x176c8</load_address>
         <run_address>0x176c8</run_address>
         <size>0xa</size>
         <input_file_ref idref="fl-6"/>
      </object_component>
      <object_component id="oc-6c3">
         <name>.const:g_H2NCnysPattern</name>
         <load_address>0x176d4</load_address>
         <run_address>0x176d4</run_address>
         <size>0x8</size>
         <input_file_ref idref="fl-1a"/>
      </object_component>
      <object_component id="oc-6c0">
         <name>.const:g_H2NSyncPattern</name>
         <load_address>0x176dc</load_address>
         <run_address>0x176dc</run_address>
         <size>0x8</size>
         <input_file_ref idref="fl-1a"/>
      </object_component>
      <object_component id="oc-646">
         <name>.const:v_calib_data$2</name>
         <load_address>0x176e4</load_address>
         <run_address>0x176e4</run_address>
         <size>0x8</size>
         <input_file_ref idref="fl-10"/>
      </object_component>
      <object_component id="oc-429">
         <name>.const:.string:$P$T0$1</name>
         <load_address>0x176ec</load_address>
         <run_address>0x176ec</run_address>
         <size>0x5</size>
         <input_file_ref idref="fl-f"/>
      </object_component>
      <object_component id="oc-645">
         <name>.const:.string:v_correct_u8$1</name>
         <load_address>0x176f1</load_address>
         <run_address>0x176f1</run_address>
         <size>0x5</size>
         <input_file_ref idref="fl-10"/>
      </object_component>
      <object_component id="oc-6c6">
         <name>.const:$P$T0$1</name>
         <load_address>0x176f6</load_address>
         <run_address>0x176f6</run_address>
         <size>0x4</size>
         <input_file_ref idref="fl-1a"/>
      </object_component>
      <object_component id="oc-4f8">
         <name>.const:$P$T1$2</name>
         <load_address>0x176fa</load_address>
         <run_address>0x176fa</run_address>
         <size>0x4</size>
         <input_file_ref idref="fl-22"/>
      </object_component>
      <object_component id="oc-501">
         <name>.const:$P$T2$3</name>
         <load_address>0x176fe</load_address>
         <run_address>0x176fe</run_address>
         <size>0x4</size>
         <input_file_ref idref="fl-22"/>
      </object_component>
      <object_component id="oc-56b">
         <name>.const:_SlAcceptCmdCtrl</name>
         <load_address>0x17702</load_address>
         <run_address>0x17702</run_address>
         <size>0x4</size>
         <input_file_ref idref="fl-20"/>
      </object_component>
      <object_component id="oc-4d0">
         <name>.const:_SlDeviceGetCmdCtrl</name>
         <load_address>0x17706</load_address>
         <run_address>0x17706</run_address>
         <size>0x4</size>
         <input_file_ref idref="fl-19"/>
      </object_component>
      <object_component id="oc-4d3">
         <name>.const:_SlDeviceSetCmdCtrl</name>
         <load_address>0x1770a</load_address>
         <run_address>0x1770a</run_address>
         <size>0x4</size>
         <input_file_ref idref="fl-19"/>
      </object_component>
      <object_component id="oc-4cd">
         <name>.const:_SlEventMaskGetCmdCtrl</name>
         <load_address>0x1770e</load_address>
         <run_address>0x1770e</run_address>
         <size>0x4</size>
         <input_file_ref idref="fl-19"/>
      </object_component>
      <object_component id="oc-4ca">
         <name>.const:_SlEventMaskSetCmdCtrl</name>
         <load_address>0x17712</load_address>
         <run_address>0x17712</run_address>
         <size>0x4</size>
         <input_file_ref idref="fl-19"/>
      </object_component>
      <object_component id="oc-545">
         <name>.const:_SlGetHostByNameCtrl</name>
         <load_address>0x17716</load_address>
         <run_address>0x17716</run_address>
         <size>0x4</size>
         <input_file_ref idref="fl-1d"/>
      </object_component>
      <object_component id="oc-542">
         <name>.const:_SlGetHostByServiceCtrl</name>
         <load_address>0x1771a</load_address>
         <run_address>0x1771a</run_address>
         <size>0x4</size>
         <input_file_ref idref="fl-1d"/>
      </object_component>
      <object_component id="oc-53c">
         <name>.const:_SlGetServiceListeCtrl</name>
         <load_address>0x1771e</load_address>
         <run_address>0x1771e</run_address>
         <size>0x4</size>
         <input_file_ref idref="fl-1d"/>
      </object_component>
      <object_component id="oc-574">
         <name>.const:_SlGetSockOptCmdCtrl</name>
         <load_address>0x17722</load_address>
         <run_address>0x17722</run_address>
         <size>0x4</size>
         <input_file_ref idref="fl-20"/>
      </object_component>
      <object_component id="oc-568">
         <name>.const:_SlListenCmdCtrl</name>
         <load_address>0x17726</load_address>
         <run_address>0x17726</run_address>
         <size>0x4</size>
         <input_file_ref idref="fl-20"/>
      </object_component>
      <object_component id="oc-54e">
         <name>.const:_SlNetAppGetCmdCtrl</name>
         <load_address>0x1772a</load_address>
         <run_address>0x1772a</run_address>
         <size>0x4</size>
         <input_file_ref idref="fl-1d"/>
      </object_component>
      <object_component id="oc-54b">
         <name>.const:_SlNetAppSendTokenValueCmdCtrl</name>
         <load_address>0x1772e</load_address>
         <run_address>0x1772e</run_address>
         <size>0x4</size>
         <input_file_ref idref="fl-1d"/>
      </object_component>
      <object_component id="oc-548">
         <name>.const:_SlNetAppSetCmdCtrl</name>
         <load_address>0x17732</load_address>
         <run_address>0x17732</run_address>
         <size>0x4</size>
         <input_file_ref idref="fl-1d"/>
      </object_component>
      <object_component id="oc-536">
         <name>.const:_SlNetAppStartCtrl</name>
         <load_address>0x17736</load_address>
         <run_address>0x17736</run_address>
         <size>0x4</size>
         <input_file_ref idref="fl-1d"/>
      </object_component>
      <object_component id="oc-539">
         <name>.const:_SlNetAppStopCtrl</name>
         <load_address>0x1773a</load_address>
         <run_address>0x1773a</run_address>
         <size>0x4</size>
         <input_file_ref idref="fl-1d"/>
      </object_component>
      <object_component id="oc-52c">
         <name>.const:_SlNetCfgGetCmdCtrl</name>
         <load_address>0x1773e</load_address>
         <run_address>0x1773e</run_address>
         <size>0x4</size>
         <input_file_ref idref="fl-1e"/>
      </object_component>
      <object_component id="oc-529">
         <name>.const:_SlNetCfgSetCmdCtrl</name>
         <load_address>0x17742</load_address>
         <run_address>0x17742</run_address>
         <size>0x4</size>
         <input_file_ref idref="fl-1e"/>
      </object_component>
      <object_component id="oc-4fe">
         <name>.const:_SlPolicyGetCmdCtrl</name>
         <load_address>0x17746</load_address>
         <run_address>0x17746</run_address>
         <size>0x4</size>
         <input_file_ref idref="fl-22"/>
      </object_component>
      <object_component id="oc-4fb">
         <name>.const:_SlPolicySetCmdCtrl</name>
         <load_address>0x1774a</load_address>
         <run_address>0x1774a</run_address>
         <size>0x4</size>
         <input_file_ref idref="fl-22"/>
      </object_component>
      <object_component id="oc-507">
         <name>.const:_SlProfileDelCmdCtrl</name>
         <load_address>0x1774e</load_address>
         <run_address>0x1774e</run_address>
         <size>0x4</size>
         <input_file_ref idref="fl-22"/>
      </object_component>
      <object_component id="oc-504">
         <name>.const:_SlProfileGetCmdCtrl</name>
         <load_address>0x17752</load_address>
         <run_address>0x17752</run_address>
         <size>0x4</size>
         <input_file_ref idref="fl-22"/>
      </object_component>
      <object_component id="oc-56e">
         <name>.const:_SlRecvCmdCtrl</name>
         <load_address>0x17756</load_address>
         <run_address>0x17756</run_address>
         <size>0x4</size>
         <input_file_ref idref="fl-20"/>
      </object_component>
      <object_component id="oc-562">
         <name>.const:_SlRecvfomCmdCtrl</name>
         <load_address>0x1775a</load_address>
         <run_address>0x1775a</run_address>
         <size>0x4</size>
         <input_file_ref idref="fl-20"/>
      </object_component>
      <object_component id="oc-53f">
         <name>.const:_SlRegisterServiceCtrl</name>
         <load_address>0x1775e</load_address>
         <run_address>0x1775e</run_address>
         <size>0x4</size>
         <input_file_ref idref="fl-1d"/>
      </object_component>
      <object_component id="oc-50d">
         <name>.const:_SlRxFilterAddtCmdCtrl</name>
         <load_address>0x17762</load_address>
         <run_address>0x17762</run_address>
         <size>0x4</size>
         <input_file_ref idref="fl-22"/>
      </object_component>
      <object_component id="oc-513">
         <name>.const:_SlRxFilterGetCmdCtrl</name>
         <load_address>0x17766</load_address>
         <run_address>0x17766</run_address>
         <size>0x4</size>
         <input_file_ref idref="fl-22"/>
      </object_component>
      <object_component id="oc-510">
         <name>.const:_SlRxFilterSetCmdCtrl</name>
         <load_address>0x1776a</load_address>
         <run_address>0x1776a</run_address>
         <size>0x4</size>
         <input_file_ref idref="fl-22"/>
      </object_component>
      <object_component id="oc-577">
         <name>.const:_SlSelectCmdCtrl</name>
         <load_address>0x1776e</load_address>
         <run_address>0x1776e</run_address>
         <size>0x4</size>
         <input_file_ref idref="fl-20"/>
      </object_component>
      <object_component id="oc-565">
         <name>.const:_SlSendCmdCtrl</name>
         <load_address>0x17772</load_address>
         <run_address>0x17772</run_address>
         <size>0x4</size>
         <input_file_ref idref="fl-20"/>
      </object_component>
      <object_component id="oc-571">
         <name>.const:_SlSetSockOptCmdCtrl</name>
         <load_address>0x17776</load_address>
         <run_address>0x17776</run_address>
         <size>0x4</size>
         <input_file_ref idref="fl-20"/>
      </object_component>
      <object_component id="oc-516">
         <name>.const:_SlSmartConfigStartCmdCtrl</name>
         <load_address>0x1777a</load_address>
         <run_address>0x1777a</run_address>
         <size>0x4</size>
         <input_file_ref idref="fl-22"/>
      </object_component>
      <object_component id="oc-55f">
         <name>.const:_SlSockCloseCmdCtrl</name>
         <load_address>0x1777e</load_address>
         <run_address>0x1777e</run_address>
         <size>0x4</size>
         <input_file_ref idref="fl-20"/>
      </object_component>
      <object_component id="oc-55c">
         <name>.const:_SlSockSocketCmdCtrl</name>
         <load_address>0x17782</load_address>
         <run_address>0x17782</run_address>
         <size>0x4</size>
         <input_file_ref idref="fl-20"/>
      </object_component>
      <object_component id="oc-4c7">
         <name>.const:_SlStopCmdCtrl</name>
         <load_address>0x17786</load_address>
         <run_address>0x17786</run_address>
         <size>0x4</size>
         <input_file_ref idref="fl-19"/>
      </object_component>
      <object_component id="oc-51f">
         <name>.const:_SlWlanCfgGetCmdCtrl</name>
         <load_address>0x1778a</load_address>
         <run_address>0x1778a</run_address>
         <size>0x4</size>
         <input_file_ref idref="fl-22"/>
      </object_component>
      <object_component id="oc-51c">
         <name>.const:_SlWlanCfgSetCmdCtrl</name>
         <load_address>0x1778e</load_address>
         <run_address>0x1778e</run_address>
         <size>0x4</size>
         <input_file_ref idref="fl-22"/>
      </object_component>
      <object_component id="oc-50a">
         <name>.const:_SlWlanGetNetworkListCtrl</name>
         <load_address>0x17792</load_address>
         <run_address>0x17792</run_address>
         <size>0x4</size>
         <input_file_ref idref="fl-22"/>
      </object_component>
      <object_component id="oc-519">
         <name>.const:_SlWlanSetModeCmdCtrl</name>
         <load_address>0x17796</load_address>
         <run_address>0x17796</run_address>
         <size>0x4</size>
         <input_file_ref idref="fl-22"/>
      </object_component>
      <object_component id="oc-808">
         <name>.cinit..data.load</name>
         <load_address>0x177a0</load_address>
         <run_address>0x177a0</run_address>
         <size>0x5c</size>
      </object_component>
      <object_component id="oc-806">
         <name>__TI_handler_table</name>
         <load_address>0x177fc</load_address>
         <run_address>0x177fc</run_address>
         <size>0xc</size>
      </object_component>
      <object_component id="oc-809">
         <name>.cinit..bss.load</name>
         <load_address>0x17808</load_address>
         <run_address>0x17808</run_address>
         <size>0x8</size>
      </object_component>
      <object_component id="oc-807">
         <name>__TI_cinit_table</name>
         <load_address>0x17810</load_address>
         <run_address>0x17810</run_address>
         <size>0x10</size>
      </object_component>
      <object_component id="oc-7e3">
         <name>.binit</name>
         <load_address>0x0</load_address>
         <run_address>0x0</run_address>
         <size>0x0</size>
      </object_component>
      <object_component id="oc-22a">
         <name>.data</name>
         <load_address>0x2000e858</load_address>
         <run_address>0x2000e858</run_address>
         <size>0x6</size>
         <input_file_ref idref="fl-2"/>
      </object_component>
      <object_component id="oc-3ca">
         <name>.data</name>
         <load_address>0x2000e820</load_address>
         <run_address>0x2000e820</run_address>
         <size>0x10</size>
         <input_file_ref idref="fl-3"/>
      </object_component>
      <object_component id="oc-249">
         <name>.data</name>
         <load_address>0x2000e870</load_address>
         <run_address>0x2000e870</run_address>
         <size>0x4</size>
         <input_file_ref idref="fl-5"/>
      </object_component>
      <object_component id="oc-3ac">
         <name>.data</name>
         <load_address>0x2000e7e0</load_address>
         <run_address>0x2000e7e0</run_address>
         <size>0x15</size>
         <input_file_ref idref="fl-6"/>
      </object_component>
      <object_component id="oc-1eb">
         <name>.data</name>
         <load_address>0x2000e7f6</load_address>
         <run_address>0x2000e7f6</run_address>
         <size>0x2</size>
         <input_file_ref idref="fl-c"/>
      </object_component>
      <object_component id="oc-633">
         <name>.data</name>
         <load_address>0x2000e850</load_address>
         <run_address>0x2000e850</run_address>
         <size>0x8</size>
         <input_file_ref idref="fl-10"/>
      </object_component>
      <object_component id="oc-62b">
         <name>.data:v_fifo_data_u8</name>
         <load_address>0x2000e3b0</load_address>
         <run_address>0x2000e3b0</run_address>
         <size>0x400</size>
         <input_file_ref idref="fl-10"/>
      </object_component>
      <object_component id="oc-1d2">
         <name>.data</name>
         <load_address>0x2000e845</load_address>
         <run_address>0x2000e845</run_address>
         <size>0x1</size>
         <input_file_ref idref="fl-13"/>
      </object_component>
      <object_component id="oc-1ca">
         <name>.data:i2cConfig</name>
         <load_address>0x2000e80c</load_address>
         <run_address>0x2000e80c</run_address>
         <size>0x14</size>
         <input_file_ref idref="fl-13"/>
      </object_component>
      <object_component id="oc-15e">
         <name>.data</name>
         <load_address>0x2000e860</load_address>
         <run_address>0x2000e860</run_address>
         <size>0x4</size>
         <input_file_ref idref="fl-17"/>
      </object_component>
      <object_component id="oc-362">
         <name>.data</name>
         <load_address>0x2000e7f8</load_address>
         <run_address>0x2000e7f8</run_address>
         <size>0x14</size>
         <input_file_ref idref="fl-18"/>
      </object_component>
      <object_component id="oc-4c4">
         <name>.data</name>
         <load_address>0x2000e83c</load_address>
         <run_address>0x2000e83c</run_address>
         <size>0x9</size>
         <input_file_ref idref="fl-1a"/>
      </object_component>
      <object_component id="oc-10a">
         <name>.data</name>
         <load_address>0x2000e7f5</load_address>
         <run_address>0x2000e7f5</run_address>
         <size>0x1</size>
         <input_file_ref idref="fl-26"/>
      </object_component>
      <object_component id="oc-2ce">
         <name>.data:GPIO_PORT_TO_BASE</name>
         <load_address>0x2000e7b0</load_address>
         <run_address>0x2000e7b0</run_address>
         <size>0x30</size>
         <input_file_ref idref="fl-31"/>
      </object_component>
      <object_component id="oc-c9">
         <name>.data:$O1$$</name>
         <load_address>0x2000e830</load_address>
[...]
         <object_component_ref idref="oc-48f"/>
      </symbol>
      <symbol id="sm-1972">
         <name>PCM_gotoLPM0</name>
         <value>0x169d5</value>
         <object_component_ref idref="oc-224"/>
      </symbol>
      <symbol id="sm-1973">
         <name>PCM_setPowerMode</name>
         <value>0x16d39</value>
         <object_component_ref idref="oc-69e"/>
      </symbol>
      <symbol id="sm-1980">
         <name>RTC_C_holdClock</name>
         <value>0x16a8d</value>
         <object_component_ref idref="oc-6a5"/>
      </symbol>
      <symbol id="sm-19b3">
         <name>SysCtl_getNMISourceStatus</name>
         <value>0x16d05</value>
         <object_component_ref idref="oc-775"/>
      </symbol>
      <symbol id="sm-19b4">
         <name>SysCtl_enableNMISource</name>
         <value>0x16c8d</value>
         <object_component_ref idref="oc-787"/>
      </symbol>
      <symbol id="sm-19b5">
         <name>SysCtl_disableNMISource</name>
         <value>0x16c7d</value>
         <object_component_ref idref="oc-77b"/>
      </symbol>
      <symbol id="sm-19b6">
         <name>SysCtl_getTLVInfo</name>
         <value>0x164b1</value>
         <object_component_ref idref="oc-68f"/>
      </symbol>
      <symbol id="sm-19c2">
         <name>SysTick_enableInterrupt</name>
         <value>0x16be5</value>
         <object_component_ref idref="oc-e1"/>
      </symbol>
      <symbol id="sm-19ec">
         <name>UART_enableModule</name>
         <value>0x16d11</value>
         <object_component_ref idref="oc-439"/>
      </symbol>
      <symbol id="sm-19ed">
         <name>UART_transmitData</name>
         <value>0x16ab1</value>
         <object_component_ref idref="oc-445"/>
      </symbol>
      <symbol id="sm-19ee">
         <name>UART_initModule</name>
         <value>0x15b2d</value>
         <object_component_ref idref="oc-433"/>
      </symbol>
      <symbol id="sm-1a04">
         <name>WDT_A_clearTimer</name>
         <value>0x16b45</value>
         <object_component_ref idref="oc-266"/>
      </symbol>
      <symbol id="sm-1a05">
         <name>WDT_A_holdTimer</name>
         <value>0x16b5d</value>
         <object_component_ref idref="oc-26c"/>
      </symbol>
      <symbol id="sm-1a17">
         <name>CPU_wfi</name>
         <value>0xcc8d</value>
         <object_component_ref idref="oc-38e"/>
      </symbol>
      <symbol id="sm-1a18">
         <name>CPU_cpsie</name>
         <value>0x16cd5</value>
         <object_component_ref idref="oc-2c6"/>
      </symbol>
      <symbol id="sm-1a29">
         <name>_c_int00</name>
         <value>0x16365</value>
         <object_component_ref idref="oc-26"/>
      </symbol>
      <symbol id="sm-1a2a">
         <name>__stack</name>
         <value>0x2000fe00</value>
         <object_component_ref idref="oc-2f"/>
      </symbol>
      <symbol id="sm-1a48">
         <name>__TI_decompress_lzss</name>
         <value>0x160b1</value>
         <object_component_ref idref="oc-14"/>
      </symbol>
      <symbol id="sm-1a5f">
         <name>__TI_decompress_none</name>
         <value>0x16cc7</value>
         <object_component_ref idref="oc-1a"/>
      </symbol>
      <symbol id="sm-1a71">
         <name>__TI_zero_init</name>
         <value>0x16d1d</value>
         <object_component_ref idref="oc-20"/>
      </symbol>
      <symbol id="sm-1a92">
         <name>C$$EXIT</name>
         <value>0x163b9</value>
         <object_component_ref idref="oc-6b"/>
      </symbol>
      <symbol id="sm-1a93">
         <name>abort</name>
         <value>0x163bd</value>
         <object_component_ref idref="oc-6b"/>
      </symbol>
      <symbol id="sm-1a94">
         <name>exit</name>
         <value>0x163c5</value>
         <object_component_ref idref="oc-6b"/>
      </symbol>
      <symbol id="sm-1a95">
         <name>__TI_dtors_ptr</name>
         <value>0x2000e834</value>
         <object_component_ref idref="oc-c9"/>
      </symbol>
      <symbol id="sm-1a96">
         <name>__TI_cleanup_ptr</name>
         <value>0x2000e830</value>
         <object_component_ref idref="oc-c9"/>
      </symbol>
      <symbol id="sm-1a97">
         <name>__TI_enable_exit_profile_output</name>
         <value>0x2000e838</value>
         <object_component_ref idref="oc-c9"/>
      </symbol>
      <symbol id="sm-1ab6">
         <name>__aeabi_ldivmod</name>
         <value>0x13f75</value>
         <object_component_ref idref="oc-65a"/>
      </symbol>
      <symbol id="sm-1abf">
         <name>__aeabi_lmul</name>
         <value>0x16b8d</value>
         <object_component_ref idref="oc-655"/>
      </symbol>
      <symbol id="sm-1ada">
         <name>memcpy</name>
         <value>0x15a91</value>
         <object_component_ref idref="oc-3b"/>
      </symbol>
      <symbol id="sm-1adb">
         <name>__aeabi_memcpy</name>
         <value>0x15a91</value>
         <object_component_ref idref="oc-3b"/>
      </symbol>
      <symbol id="sm-1adc">
         <name>__aeabi_memcpy8</name>
         <value>0x15a91</value>
         <object_component_ref idref="oc-3b"/>
      </symbol>
      <symbol id="sm-1add">
         <name>__aeabi_memcpy4</name>
         <value>0x15a91</value>
         <object_component_ref idref="oc-3b"/>
      </symbol>
      <symbol id="sm-1aec">
         <name>__aeabi_memset</name>
         <value>0x15ee3</value>
         <object_component_ref idref="oc-47"/>
      </symbol>
      <symbol id="sm-1aed">
         <name>memset</name>
         <value>0x15ee9</value>
         <object_component_ref idref="oc-47"/>
      </symbol>
      <symbol id="sm-1aee">
         <name>__aeabi_memset8</name>
         <value>0x15ee3</value>
         <object_component_ref idref="oc-47"/>
      </symbol>
      <symbol id="sm-1aef">
         <name>__aeabi_memset4</name>
         <value>0x15ee3</value>
         <object_component_ref idref="oc-47"/>
      </symbol>
      <symbol id="sm-1af0">
         <name>__aeabi_memclr8</name>
         <value>0x15ee1</value>
         <object_component_ref idref="oc-47"/>
      </symbol>
      <symbol id="sm-1af1">
         <name>__aeabi_memclr4</name>
         <value>0x15ee1</value>
         <object_component_ref idref="oc-47"/>
      </symbol>
      <symbol id="sm-1af2">
         <name>__aeabi_memclr</name>
         <value>0x15ee1</value>
         <object_component_ref idref="oc-47"/>
      </symbol>
      <symbol id="sm-1afc">
         <name>__mpu_init</name>
         <value>0x12c4f</value>
         <object_component_ref idref="oc-53"/>
      </symbol>
      <symbol id="sm-1b06">
         <name>_system_pre_init</name>
         <value>0x12005</value>
         <object_component_ref idref="oc-59"/>
      </symbol>
      <symbol id="sm-1b20">
         <name>rand</name>
         <value>0x16693</value>
         <object_component_ref idref="oc-3b1"/>
      </symbol>
      <symbol id="sm-1b21">
         <name>srand</name>
         <value>0x1667d</value>
         <object_component_ref idref="oc-3b1"/>
      </symbol>
      <symbol id="sm-1b42">
         <name>snprintf</name>
         <value>0x15bc1</value>
         <object_component_ref idref="oc-43f"/>
      </symbol>
      <symbol id="sm-1b56">
         <name>sprintf</name>
         <value>0x16245</value>
         <object_component_ref idref="oc-21e"/>
      </symbol>
      <symbol id="sm-1b5e">
         <name>main_func_sp</name>
         <value>0x2000e86c</value>
         <object_component_ref idref="oc-71"/>
      </symbol>
      <symbol id="sm-1b6d">
         <name>__aeabi_uidivmod</name>
         <value>0x167a1</value>
         <object_component_ref idref="oc-102"/>
      </symbol>
      <symbol id="sm-1b6e">
         <name>__aeabi_uidiv</name>
         <value>0x167a1</value>
         <object_component_ref idref="oc-102"/>
      </symbol>
      <symbol id="sm-1b87">
         <name>_nop</name>
         <value>0x16c07</value>
         <object_component_ref idref="oc-23d"/>
      </symbol>
      <symbol id="sm-1b88">
         <name>_lock</name>
         <value>0x2000e848</value>
         <object_component_ref idref="oc-cc"/>
      </symbol>
      <symbol id="sm-1b89">
         <name>_unlock</name>
         <value>0x2000e84c</value>
         <object_component_ref idref="oc-cc"/>
      </symbol>
      <symbol id="sm-1b8a">
         <name>_register_lock</name>
         <value>0x16bff</value>
         <object_component_ref idref="oc-23d"/>
      </symbol>
      <symbol id="sm-1b8b">
         <name>_register_unlock</name>
         <value>0x16bf9</value>
         <object_component_ref idref="oc-23d"/>
      </symbol>
      <symbol id="sm-1c8c">
         <name>__TI_printfi</name>
         <value>0xe68d</value>
         <object_component_ref idref="oc-381"/>
      </symbol>
      <symbol id="sm-1ca0">
         <name>_args_main</name>
         <value>0x16b75</value>
         <object_component_ref idref="oc-65"/>
      </symbol>
      <symbol id="sm-1cb6">
         <name>atoi</name>
         <value>0x165e5</value>
         <object_component_ref idref="oc-5d4"/>
      </symbol>
      <symbol id="sm-1ce0">
         <name>__TI_auto_init</name>
         <value>0x16041</value>
         <object_component_ref idref="oc-5f"/>
      </symbol>
      <symbol id="sm-1cfa">
         <name>copy_in</name>
         <value>0x16631</value>
         <object_component_ref idref="oc-b3"/>
      </symbol>
      <symbol id="sm-1d05">
         <name>_ctypes_</name>
         <value>0x17350</value>
         <object_component_ref idref="oc-763"/>
      </symbol>
      <symbol id="sm-1d1c">
         <name>__aeabi_dsub</name>
         <value>0x14559</value>
         <object_component_ref idref="oc-5bd"/>
      </symbol>
      <symbol id="sm-1d1d">
         <name>__aeabi_dadd</name>
         <value>0x14563</value>
         <object_component_ref idref="oc-5bd"/>
      </symbol>
      <symbol id="sm-1d3f">
         <name>__aeabi_cdcmpeq</name>
         <value>0x15c55</value>
         <object_component_ref idref="oc-599"/>
      </symbol>
      <symbol id="sm-1d40">
         <name>__aeabi_cdcmple</name>
         <value>0x15c55</value>
         <object_component_ref idref="oc-599"/>
      </symbol>
      <symbol id="sm-1d41">
         <name>__aeabi_cdrcmple</name>
         <value>0x15cdb</value>
         <object_component_ref idref="oc-5a8"/>
      </symbol>
      <symbol id="sm-1d55">
         <name>__aeabi_ddiv</name>
         <value>0x1503d</value>
         <object_component_ref idref="oc-5a3"/>
      </symbol>
      <symbol id="sm-1d60">
         <name>__aeabi_dmul</name>
         <value>0x15279</value>
         <object_component_ref idref="oc-59e"/>
      </symbol>
      <symbol id="sm-1d6a">
         <name>__aeabi_d2iz</name>
         <value>0x16759</value>
         <object_component_ref idref="oc-5ad"/>
      </symbol>
      <symbol id="sm-1d74">
         <name>__aeabi_idiv0</name>
         <value>0xef87</value>
         <object_component_ref idref="oc-2b1"/>
      </symbol>
      <symbol id="sm-1d7e">
         <name>__aeabi_i2d</name>
         <value>0x168f5</value>
         <object_component_ref idref="oc-5b8"/>
      </symbol>
      <symbol id="sm-1d88">
         <name>__aeabi_ldiv0</name>
         <value>0x12c4d</value>
         <object_component_ref idref="oc-7a3"/>
      </symbol>
      <symbol id="sm-1d97">
         <name>ltoa</name>
         <value>0x1640d</value>
         <object_component_ref idref="oc-5b2"/>
      </symbol>
      <symbol id="sm-1da7">
         <name>memccpy</name>
         <value>0x16af9</value>
         <object_component_ref idref="oc-5da"/>
      </symbol>
      <symbol id="sm-1dc2">
         <name>frexpl</name>
         <value>0x161e1</value>
         <object_component_ref idref="oc-5c2"/>
      </symbol>
      <symbol id="sm-1dc3">
         <name>frexp</name>
         <value>0x161e1</value>
         <object_component_ref idref="oc-5c2"/>
      </symbol>
      <symbol id="sm-1de0">
         <name>scalbn</name>
         <value>0x15375</value>
         <object_component_ref idref="oc-5c8"/>
      </symbol>
      <symbol id="sm-1de1">
         <name>scalbnl</name>
         <value>0x15375</value>
         <object_component_ref idref="oc-5c8"/>
      </symbol>
      <symbol id="sm-1de2">
         <name>ldexpl</name>
         <value>0x15375</value>
         <object_component_ref idref="oc-5c8"/>
      </symbol>
      <symbol id="sm-1de3">
         <name>ldexp</name>
         <value>0x15375</value>
         <object_component_ref idref="oc-5c8"/>
      </symbol>
      <symbol id="sm-1ded">
         <name>_system_post_cinit</name>
         <value>0x14387</value>
         <object_component_ref idref="oc-b9"/>
      </symbol>
      <symbol id="sm-1dfd">
         <name>strchr</name>
         <value>0x16ba5</value>
         <object_component_ref idref="oc-5ce"/>
      </symbol>
      <symbol id="sm-1e0b">
         <name>strlen</name>
         <value>0x16c21</value>
         <object_component_ref idref="oc-593"/>
      </symbol>
      <symbol id="sm-1e27">
         <name>__aeabi_uldivmod</name>
         <value>0x14193</value>
         <object_component_ref idref="oc-58e"/>
      </symbol>
      <symbol id="sm-1e2f">
         <name>errno</name>
         <value>0x2000e864</value>
         <object_component_ref idref="oc-75c"/>
      </symbol>
      <symbol id="sm-1e39">
         <name>copysign</name>
         <value>0x16c0d</value>
         <object_component_ref idref="oc-756"/>
      </symbol>
      <symbol id="sm-1e3a">
         <name>copysignl</name>
         <value>0x16c0d</value>
         <object_component_ref idref="oc-756"/>
      </symbol>
      <symbol id="sm-1e3b">
         <name>__TI_static_base__</name>
         <value>0x0</value>
      </symbol>
      <symbol id="sm-1e3e">
         <name>SHT$$INIT_ARRAY$$Limit</name>
         <value>0x0</value>
      </symbol>
      <symbol id="sm-1e3f">
         <name>SHT$$INIT_ARRAY$$Base</name>
         <value>0x0</value>
      </symbol>
      <symbol id="sm-1e40">
         <name>NMI_Handler</name>
         <value>0x16c49</value>
      </symbol>
      <symbol id="sm-1e41">
         <name>HardFault_Handler</name>
         <value>0x16c49</value>
      </symbol>
      <symbol id="sm-1e42">
         <name>MemManage_Handler</name>
         <value>0x16c49</value>
      </symbol>
      <symbol id="sm-1e43">
         <name>BusFault_Handler</name>
         <value>0x16c49</value>
      </symbol>
      <symbol id="sm-1e44">
         <name>UsageFault_Handler</name>
         <value>0x16c49</value>
      </symbol>
      <symbol id="sm-1e45">
         <name>SVC_Handler</name>
         <value>0x16c49</value>
      </symbol>
      <symbol id="sm-1e46">
         <name>DebugMon_Handler</name>
         <value>0x16c49</value>
      </symbol>
      <symbol id="sm-1e47">
         <name>PendSV_Handler</name>
         <value>0x16525</value>
      </symbol>
      <symbol id="sm-1e48">
         <name>SysTick_Handler</name>
         <value>0x12079</value>
      </symbol>
      <symbol id="sm-1e49">
         <name>PSS_IRQHandler</name>
         <value>0x16c49</value>
      </symbol>
      <symbol id="sm-1e4a">
         <name>CS_IRQHandler</name>
         <value>0x16c49</value>
      </symbol>
      <symbol id="sm-1e4b">
         <name>PCM_IRQHandler</name>
         <value>0x16c49</value>
      </symbol>
      <symbol id="sm-1e4c">
         <name>WDT_A_IRQHandler</name>
         <value>0x16c49</value>
      </symbol>
      <symbol id="sm-1e4d">
         <name>FPU_IRQHandler</name>
         <value>0x16c49</value>
      </symbol>
      <symbol id="sm-1e4e">
         <name>FLCTL_IRQHandler</name>
         <value>0x16c49</value>
      </symbol>
      <symbol id="sm-1e4f">
         <name>COMP_E0_IRQHandler</name>
         <value>0x16c49</value>
      </symbol>
      <symbol id="sm-1e50">
         <name>COMP_E1_IRQHandler</name>
         <value>0x16c49</value>
      </symbol>
      <symbol id="sm-1e51">
         <name>TA0_0_IRQHandler</name>
         <value>0x16c49</value>
      </symbol>
      <symbol id="sm-1e52">
         <name>TA0_N_IRQHandler</name>
         <value>0x16c49</value>
      </symbol>
      <symbol id="sm-1e53">
         <name>TA1_0_IRQHandler</name>
         <value>0x16c49</value>
      </symbol>
      <symbol id="sm-1e54">
         <name>TA1_N_IRQHandler</name>
         <value>0x16c49</value>
      </symbol>
      <symbol id="sm-1e55">
         <name>TA2_0_IRQHandler</name>
         <value>0x16c49</value>
      </symbol>
      <symbol id="sm-1e56">
         <name>TA2_N_IRQHandler</name>
         <value>0x16c49</value>
      </symbol>
      <symbol id="sm-1e57">
         <name>TA3_0_IRQHandler</name>
         <value>0x16c49</value>
      </symbol>
      <symbol id="sm-1e58">
         <name>TA3_N_IRQHandler</name>
         <value>0x16c49</value>
      </symbol>
      <symbol id="sm-1e59">
         <name>EUSCIA0_IRQHandler</name>
         <value>0x13751</value>
      </symbol>
      <symbol id="sm-1e5a">
         <name>EUSCIA1_IRQHandler</name>
         <value>0x16c49</value>
      </symbol>
      <symbol id="sm-1e5b">
         <name>EUSCIA2_IRQHandler</name>
         <value>0x16c49</value>
      </symbol>
      <symbol id="sm-1e5c">
         <name>EUSCIA3_IRQHandler</name>
         <value>0x16c49</value>
      </symbol>
      <symbol id="sm-1e5d">
         <name>EUSCIB0_IRQHandler</name>
         <value>0x16c49</value>
      </symbol>
      <symbol id="sm-1e5e">
         <name>EUSCIB1_IRQHandler</name>
         <value>0x139c1</value>
      </symbol>
      <symbol id="sm-1e5f">
         <name>EUSCIB2_IRQHandler</name>
         <value>0x16c49</value>
      </symbol>
      <symbol id="sm-1e60">
         <name>EUSCIB3_IRQHandler</name>
         <value>0x16c49</value>
      </symbol>
      <symbol id="sm-1e61">
         <name>ADC14_IRQHandler</name>
         <value>0x16c49</value>
      </symbol>
      <symbol id="sm-1e62">
         <name>T32_INT1_IRQHandler</name>
         <value>0x16c49</value>
      </symbol>
      <symbol id="sm-1e63">
         <name>T32_INT2_IRQHandler</name>
         <value>0x16c49</value>
      </symbol>
      <symbol id="sm-1e64">
         <name>T32_INTC_IRQHandler</name>
         <value>0x16c49</value>
      </symbol>
      <symbol id="sm-1e65">
         <name>AES256_IRQHandler</name>
         <value>0x16c49</value>
      </symbol>
      <symbol id="sm-1e66">
         <name>RTC_C_IRQHandler</name>
         <value>0x16c49</value>
      </symbol>
      <symbol id="sm-1e67">
         <name>DMA_ERR_IRQHandler</name>
         <value>0x16c49</value>
      </symbol>
      <symbol id="sm-1e68">
         <name>DMA_INT3_IRQHandler</name>
         <value>0x16c49</value>
      </symbol>
      <symbol id="sm-1e69">
         <name>DMA_INT2_IRQHandler</name>
         <value>0x16c49</value>
      </symbol>
      <symbol id="sm-1e6a">
         <name>DMA_INT1_IRQHandler</name>
         <value>0x16c49</value>
      </symbol>
      <symbol id="sm-1e6b">
         <name>DMA_INT0_IRQHandler</name>
         <value>0x16c49</value>
      </symbol>
      <symbol id="sm-1e6c">
         <name>PORT1_IRQHandler</name>
         <value>0x13701</value>
      </symbol>
      <symbol id="sm-1e6d">
         <name>PORT2_IRQHandler</name>
         <value>0x13729</value>
      </symbol>
      <symbol id="sm-1e6e">
         <name>PORT3_IRQHandler</name>
         <value>0x16c49</value>
      </symbol>
      <symbol id="sm-1e6f">
         <name>PORT4_IRQHandler</name>
         <value>0xfb41</value>
      </symbol>
      <symbol id="sm-1e70">
         <name>PORT5_IRQHandler</name>
         <value>0x16c49</value>
      </symbol>
      <symbol id="sm-1e71">
         <name>PORT6_IRQHandler</name>
         <value>0x16c49</value>
      </symbol>
      <symbol id="sm-1e72">
         <name>ClockSys_GetSysFreq</name>
         <value>0x16b15</value>
      </symbol>
      <symbol id="sm-1e73">
         <name>bmi160_delay_ms</name>
         <value>0x16ad9</value>
      </symbol>
   </symbol_table>
   <title>Link successful</title>
</link_info>
