<?xml version="1.0"?>
<link_info>
   <banner>TI ARM Linker PC v16.9.6.LTS</banner>
   <copyright>Copyright (c) 1996-2017 Texas Instruments Incorporated</copyright>
   <link_time>0x5cbe99e4</link_time>
   <link_errors>0x0</link_errors>
   <output_file>Lab5.out</output_file>
   <entry_point>
      <name>_c_int00</name>
      <address>0x103ed</address>
   </entry_point>
   <input_file_list>
      <input_file id="fl-2">
         <path>.\</path>
         <kind>object</kind>
         <file>Game.obj</file>
         <name>Game.obj</name>
      </input_file>
      <input_file id="fl-3">
         <path>.\</path>
         <kind>object</kind>
         <file>main.obj</file>
         <name>main.obj</name>
      </input_file>
      <input_file id="fl-4">
         <path>.\</path>
         <kind>object</kind>
         <file>startup_msp432p401r_ccs.obj</file>
         <name>startup_msp432p401r_ccs.obj</name>
      </input_file>
      <input_file id="fl-5">
         <path>.\</path>
         <kind>object</kind>
         <file>system_msp432p401r.obj</file>
         <name>system_msp432p401r.obj</name>
      </input_file>
      <input_file id="fl-6">
         <path>.\</path>
         <kind>object</kind>
         <file>threads.obj</file>
         <name>threads.obj</name>
      </input_file>
      <input_file id="fl-7">
         <path>.\BoardSupportPackage\src\</path>
         <kind>object</kind>
         <file>AsciiLib.obj</file>
         <name>AsciiLib.obj</name>
      </input_file>
      <input_file id="fl-8">
         <path>.\BoardSupportPackage\src\</path>
         <kind>object</kind>
         <file>BSP.obj</file>
         <name>BSP.obj</name>
      </input_file>
      <input_file id="fl-9">
         <path>.\BoardSupportPackage\src\</path>
         <kind>object</kind>
         <file>BackChannelUart.obj</file>
         <name>BackChannelUart.obj</name>
      </input_file>
      <input_file id="fl-a">
         <path>.\BoardSupportPackage\src\</path>
         <kind>object</kind>
         <file>ClockSys.obj</file>
         <name>ClockSys.obj</name>
      </input_file>
      <input_file id="fl-b">
         <path>.\BoardSupportPackage\src\</path>
         <kind>object</kind>
         <file>Joystick.obj</file>
         <name>Joystick.obj</name>
      </input_file>
      <input_file id="fl-c">
         <path>.\BoardSupportPackage\src\</path>
         <kind>object</kind>
         <file>LCDLib.obj</file>
         <name>LCDLib.obj</name>
      </input_file>
      <input_file id="fl-d">
         <path>.\BoardSupportPackage\src\</path>
         <kind>object</kind>
         <file>RGBLeds.obj</file>
         <name>RGBLeds.obj</name>
      </input_file>
      <input_file id="fl-e">
         <path>.\BoardSupportPackage\src\</path>
         <kind>object</kind>
         <file>bme280.obj</file>
         <name>bme280.obj</name>
      </input_file>
      <input_file id="fl-f">
         <path>.\BoardSupportPackage\src\</path>
         <kind>object</kind>
         <file>bme280_support.obj</file>
         <name>bme280_support.obj</name>
      </input_file>
      <input_file id="fl-10">
         <path>.\BoardSupportPackage\src\</path>
         <kind>object</kind>
         <file>bmi160.obj</file>
         <name>bmi160.obj</name>
      </input_file>
      <input_file id="fl-11">
         <path>.\BoardSupportPackage\src\</path>
         <kind>object</kind>
         <file>bmi160_support.obj</file>
         <name>bmi160_support.obj</name>
      </input_file>
      <input_file id="fl-12">
         <path>.\BoardSupportPackage\src\</path>
         <kind>object</kind>
         <file>demo_sysctl.obj</file>
         <name>demo_sysctl.obj</name>
      </input_file>
      <input_file id="fl-13">
         <path>.\BoardSupportPackage\src\</path>
         <kind>object</kind>
         <file>i2c_driver.obj</file>
         <name>i2c_driver.obj</name>
      </input_file>
      <input_file id="fl-14">
         <path>.\BoardSupportPackage\src\</path>
         <kind>object</kind>
         <file>opt3001.obj</file>
         <name>opt3001.obj</name>
      </input_file>
      <input_file id="fl-15">
         <path>.\BoardSupportPackage\src\</path>
         <kind>object</kind>
         <file>tmp007.obj</file>
         <name>tmp007.obj</name>
      </input_file>
      <input_file id="fl-16">
         <path>.\BoardSupportPackage\src\</path>
         <kind>object</kind>
         <file>uart_cinco.obj</file>
         <name>uart_cinco.obj</name>
      </input_file>
      <input_file id="fl-17">
         <path>.\CC3100SupportPackage\board\</path>
         <kind>object</kind>
         <file>board.obj</file>
         <name>board.obj</name>
      </input_file>
      <input_file id="fl-18">
         <path>.\CC3100SupportPackage\cc3100_usage\</path>
         <kind>object</kind>
         <file>cc3100_usage.obj</file>
         <name>cc3100_usage.obj</name>
      </input_file>
      <input_file id="fl-19">
         <path>.\CC3100SupportPackage\simplelink\source\</path>
         <kind>object</kind>
         <file>device.obj</file>
         <name>device.obj</name>
      </input_file>
      <input_file id="fl-1a">
         <path>.\CC3100SupportPackage\simplelink\source\</path>
         <kind>object</kind>
         <file>driver.obj</file>
         <name>driver.obj</name>
      </input_file>
      <input_file id="fl-1b">
         <path>.\CC3100SupportPackage\simplelink\source\</path>
         <kind>object</kind>
         <file>flowcont.obj</file>
         <name>flowcont.obj</name>
      </input_file>
      <input_file id="fl-1c">
         <path>.\CC3100SupportPackage\simplelink\source\</path>
         <kind>object</kind>
         <file>fs.obj</file>
         <name>fs.obj</name>
      </input_file>
      <input_file id="fl-1d">
         <path>.\CC3100SupportPackage\simplelink\source\</path>
         <kind>object</kind>
         <file>netapp.obj</file>
         <name>netapp.obj</name>
      </input_file>
      <input_file id="fl-1e">
         <path>.\CC3100SupportPackage\simplelink\source\</path>
         <kind>object</kind>
         <file>netcfg.obj</file>
         <name>netcfg.obj</name>
      </input_file>
      <input_file id="fl-1f">
         <path>.\CC3100SupportPackage\simplelink\source\</path>
         <kind>object</kind>
         <file>nonos.obj</file>
         <name>nonos.obj</name>
      </input_file>
      <input_file id="fl-20">
         <path>.\CC3100SupportPackage\simplelink\source\</path>
         <kind>object</kind>
         <file>socket.obj</file>
         <name>socket.obj</name>
      </input_file>
      <input_file id="fl-21">
         <path>.\CC3100SupportPackage\simplelink\source\</path>
         <kind>object</kind>
         <file>spawn.obj</file>
         <name>spawn.obj</name>
      </input_file>
      <input_file id="fl-22">
         <path>.\CC3100SupportPackage\simplelink\source\</path>
         <kind>object</kind>
         <file>wlan.obj</file>
         <name>wlan.obj</name>
      </input_file>
      <input_file id="fl-23">
         <path>.\CC3100SupportPackage\spi_cc3100\</path>
         <kind>object</kind>
         <file>spi_cc3100.obj</file>
         <name>spi_cc3100.obj</name>
      </input_file>
      <input_file id="fl-24">
         <path>.\G8RTOS_Empty_Lab3\</path>
         <kind>object</kind>
         <file>G8RTOS_CriticalSection.obj</file>
         <name>G8RTOS_CriticalSection.obj</name>
      </input_file>
      <input_file id="fl-25">
         <path>.\G8RTOS_Empty_Lab3\</path>
         <kind>object</kind>
         <file>G8RTOS_IPC.obj</file>
         <name>G8RTOS_IPC.obj</name>
      </input_file>
      <input_file id="fl-26">
         <path>.\G8RTOS_Empty_Lab3\</path>
         <kind>object</kind>
         <file>G8RTOS_Scheduler.obj</file>
         <name>G8RTOS_Scheduler.obj</name>
      </input_file>
      <input_file id="fl-27">
         <path>.\G8RTOS_Empty_Lab3\</path>
         <kind>object</kind>
         <file>G8RTOS_SchedulerASM.obj</file>
         <name>G8RTOS_SchedulerASM.obj</name>
      </input_file>
      <input_file id="fl-28">
         <path>.\G8RTOS_Empty_Lab3\</path>
         <kind>object</kind>
         <file>G8RTOS_Semaphores.obj</file>
         <name>G8RTOS_Semaphores.obj</name>
      </input_file>
      <input_file id="fl-2e">
         <kind>object</kind>
         <file>&lt;internal&gt;</file>
         <name>&lt;internal&gt;</name>
      </input_file>
      <input_file id="fl-2f">
         <path>..\BoardSupportPackage\DriverLib\</path>
         <kind>archive</kind>
         <file>msp432p4xx_driverlib.lib</file>
         <name>cs.o</name>
      </input_file>
      <input_file id="fl-30">
         <path>..\BoardSupportPackage\DriverLib\</path>
         <kind>archive</kind>
         <file>msp432p4xx_driverlib.lib</file>
         <name>flash.o</name>
      </input_file>
      <input_file id="fl-31">
         <path>..\BoardSupportPackage\DriverLib\</path>
         <kind>archive</kind>
         <file>msp432p4xx_driverlib.lib</file>
         <name>gpio.o</name>
      </input_file>
      <input_file id="fl-32">
         <path>..\BoardSupportPackage\DriverLib\</path>
         <kind>archive</kind>
         <file>msp432p4xx_driverlib.lib</file>
         <name>i2c.o</name>
      </input_file>
      <input_file id="fl-33">
         <path>..\BoardSupportPackage\DriverLib\</path>
         <kind>archive</kind>
         <file>msp432p4xx_driverlib.lib</file>
         <name>interrupt.o</name>
      </input_file>
      <input_file id="fl-34">
         <path>..\BoardSupportPackage\DriverLib\</path>
         <kind>archive</kind>
         <file>msp432p4xx_driverlib.lib</file>
         <name>pcm.o</name>
      </input_file>
      <input_file id="fl-35">
         <path>..\BoardSupportPackage\DriverLib\</path>
         <kind>archive</kind>
         <file>msp432p4xx_driverlib.lib</file>
         <name>rtc_c.o</name>
      </input_file>
      <input_file id="fl-36">
         <path>..\BoardSupportPackage\DriverLib\</path>
         <kind>archive</kind>
         <file>msp432p4xx_driverlib.lib</file>
         <name>sysctl.o</name>
      </input_file>
      <input_file id="fl-37">
         <path>..\BoardSupportPackage\DriverLib\</path>
         <kind>archive</kind>
         <file>msp432p4xx_driverlib.lib</file>
         <name>systick.o</name>
      </input_file>
      <input_file id="fl-38">
         <path>..\BoardSupportPackage\DriverLib\</path>
         <kind>archive</kind>
         <file>msp432p4xx_driverlib.lib</file>
         <name>uart.o</name>
      </input_file>
      <input_file id="fl-39">
         <path>..\BoardSupportPackage\DriverLib\</path>
         <kind>archive</kind>
         <file>msp432p4xx_driverlib.lib</file>
         <name>wdt_a.o</name>
      </input_file>
      <input_file id="fl-3a">
         <path>..\BoardSupportPackage\DriverLib\</path>
         <kind>archive</kind>
         <file>msp432p4xx_driverlib.lib</file>
         <name>cpu.o</name>
      </input_file>
      <input_file id="fl-f0">
         <path>C:\ti\ccsv7\tools\compiler\ti-cgt-arm_16.9.6.LTS\lib\</path>
         <kind>archive</kind>
         <file>rtsv7M4_T_le_v4SPD16_eabi.lib</file>
         <name>boot.obj</name>
      </input_file>
      <input_file id="fl-f1">
         <path>C:\ti\ccsv7\tools\compiler\ti-cgt-arm_16.9.6.LTS\lib\</path>
         <kind>archive</kind>
         <file>rtsv7M4_T_le_v4SPD16_eabi.lib</file>
         <name>copy_decompress_lzss.obj</name>
      </input_file>
      <input_file id="fl-f2">
         <path>C:\ti\ccsv7\tools\compiler\ti-cgt-arm_16.9.6.LTS\lib\</path>
         <kind>archive</kind>
         <file>rtsv7M4_T_le_v4SPD16_eabi.lib</file>
         <name>copy_decompress_none.obj</name>
      </input_file>
      <input_file id="fl-f3">
         <path>C:\ti\ccsv7\tools\compiler\ti-cgt-arm_16.9.6.LTS\lib\</path>
         <kind>archive</kind>
         <file>rtsv7M4_T_le_v4SPD16_eabi.lib</file>
         <name>copy_zero_init.obj</name>
      </input_file>
      <input_file id="fl-f4">
         <path>C:\ti\ccsv7\tools\compiler\ti-cgt-arm_16.9.6.LTS\lib\</path>
         <kind>archive</kind>
         <file>rtsv7M4_T_le_v4SPD16_eabi.lib</file>
         <name>exit.obj</name>
      </input_file>
      <input_file id="fl-f5">
         <path>C:\ti\ccsv7\tools\compiler\ti-cgt-arm_16.9.6.LTS\lib\</path>
         <kind>archive</kind>
         <file>rtsv7M4_T_le_v4SPD16_eabi.lib</file>
         <name>ll_div_t2.obj</name>
      </input_file>
      <input_file id="fl-f6">
         <path>C:\ti\ccsv7\tools\compiler\ti-cgt-arm_16.9.6.LTS\lib\</path>
         <kind>archive</kind>
         <file>rtsv7M4_T_le_v4SPD16_eabi.lib</file>
         <name>ll_mul_t2.obj</name>
      </input_file>
      <input_file id="fl-f7">
         <path>C:\ti\ccsv7\tools\compiler\ti-cgt-arm_16.9.6.LTS\lib\</path>
         <kind>archive</kind>
         <file>rtsv7M4_T_le_v4SPD16_eabi.lib</file>
         <name>memcpy_t2.obj</name>
      </input_file>
      <input_file id="fl-f8">
         <path>C:\ti\ccsv7\tools\compiler\ti-cgt-arm_16.9.6.LTS\lib\</path>
         <kind>archive</kind>
         <file>rtsv7M4_T_le_v4SPD16_eabi.lib</file>
         <name>memset_t2.obj</name>
      </input_file>
      <input_file id="fl-f9">
         <path>C:\ti\ccsv7\tools\compiler\ti-cgt-arm_16.9.6.LTS\lib\</path>
         <kind>archive</kind>
         <file>rtsv7M4_T_le_v4SPD16_eabi.lib</file>
         <name>mpu_init.obj</name>
      </input_file>
      <input_file id="fl-fa">
         <path>C:\ti\ccsv7\tools\compiler\ti-cgt-arm_16.9.6.LTS\lib\</path>
         <kind>archive</kind>
         <file>rtsv7M4_T_le_v4SPD16_eabi.lib</file>
         <name>pre_init.obj</name>
      </input_file>
      <input_file id="fl-fb">
         <path>C:\ti\ccsv7\tools\compiler\ti-cgt-arm_16.9.6.LTS\lib\</path>
         <kind>archive</kind>
         <file>rtsv7M4_T_le_v4SPD16_eabi.lib</file>
         <name>rand.obj</name>
      </input_file>
      <input_file id="fl-fc">
         <path>C:\ti\ccsv7\tools\compiler\ti-cgt-arm_16.9.6.LTS\lib\</path>
         <kind>archive</kind>
         <file>rtsv7M4_T_le_v4SPD16_eabi.lib</file>
         <name>snprintf.obj</name>
      </input_file>
      <input_file id="fl-fd">
         <path>C:\ti\ccsv7\tools\compiler\ti-cgt-arm_16.9.6.LTS\lib\</path>
         <kind>archive</kind>
         <file>rtsv7M4_T_le_v4SPD16_eabi.lib</file>
         <name>sprintf.obj</name>
      </input_file>
      <input_file id="fl-fe">
         <path>C:\ti\ccsv7\tools\compiler\ti-cgt-arm_16.9.6.LTS\lib\</path>
         <kind>archive</kind>
         <file>rtsv7M4_T_le_v4SPD16_eabi.lib</file>
         <name>stkdepth_vars.obj</name>
      </input_file>
      <input_file id="fl-ff">
         <path>C:\ti\ccsv7\tools\compiler\ti-cgt-arm_16.9.6.LTS\lib\</path>
         <kind>archive</kind>
         <file>rtsv7M4_T_le_v4SPD16_eabi.lib</file>
         <name>u_divt2.obj</name>
      </input_file>
      <input_file id="fl-100">
         <path>C:\ti\ccsv7\tools\compiler\ti-cgt-arm_16.9.6.LTS\lib\</path>
         <kind>archive</kind>
         <file>rtsv7M4_T_le_v4SPD16_eabi.lib</file>
         <name>_lock.obj</name>
      </input_file>
      <input_file id="fl-101">
         <path>C:\ti\ccsv7\tools\compiler\ti-cgt-arm_16.9.6.LTS\lib\</path>
         <kind>archive</kind>
         <file>rtsv7M4_T_le_v4SPD16_eabi.lib</file>
         <name>_printfi.obj</name>
      </input_file>
      <input_file id="fl-102">
         <path>C:\ti\ccsv7\tools\compiler\ti-cgt-arm_16.9.6.LTS\lib\</path>
         <kind>archive</kind>
         <file>rtsv7M4_T_le_v4SPD16_eabi.lib</file>
         <name>args_main.obj</name>
      </input_file>
      <input_file id="fl-103">
         <path>C:\ti\ccsv7\tools\compiler\ti-cgt-arm_16.9.6.LTS\lib\</path>
         <kind>archive</kind>
         <file>rtsv7M4_T_le_v4SPD16_eabi.lib</file>
         <name>atoi.obj</name>
      </input_file>
      <input_file id="fl-104">
         <path>C:\ti\ccsv7\tools\compiler\ti-cgt-arm_16.9.6.LTS\lib\</path>
         <kind>archive</kind>
         <file>rtsv7M4_T_le_v4SPD16_eabi.lib</file>
         <name>autoinit.obj</name>
      </input_file>
      <input_file id="fl-105">
         <path>C:\ti\ccsv7\tools\compiler\ti-cgt-arm_16.9.6.LTS\lib\</path>
         <kind>archive</kind>
         <file>rtsv7M4_T_le_v4SPD16_eabi.lib</file>
         <name>cpy_tbl.obj</name>
      </input_file>
      <input_file id="fl-106">
         <path>C:\ti\ccsv7\tools\compiler\ti-cgt-arm_16.9.6.LTS\lib\</path>
         <kind>archive</kind>
         <file>rtsv7M4_T_le_v4SPD16_eabi.lib</file>
         <name>ctype.obj</name>
      </input_file>
      <input_file id="fl-107">
         <path>C:\ti\ccsv7\tools\compiler\ti-cgt-arm_16.9.6.LTS\lib\</path>
         <kind>archive</kind>
         <file>rtsv7M4_T_le_v4SPD16_eabi.lib</file>
         <name>fd_add_t2.obj</name>
      </input_file>
      <input_file id="fl-108">
         <path>C:\ti\ccsv7\tools\compiler\ti-cgt-arm_16.9.6.LTS\lib\</path>
         <kind>archive</kind>
         <file>rtsv7M4_T_le_v4SPD16_eabi.lib</file>
         <name>fd_cmp_t2.obj</name>
      </input_file>
      <input_file id="fl-109">
         <path>C:\ti\ccsv7\tools\compiler\ti-cgt-arm_16.9.6.LTS\lib\</path>
         <kind>archive</kind>
         <file>rtsv7M4_T_le_v4SPD16_eabi.lib</file>
         <name>fd_div_t2.obj</name>
      </input_file>
      <input_file id="fl-10a">
         <path>C:\ti\ccsv7\tools\compiler\ti-cgt-arm_16.9.6.LTS\lib\</path>
         <kind>archive</kind>
         <file>rtsv7M4_T_le_v4SPD16_eabi.lib</file>
         <name>fd_mul_t2.obj</name>
      </input_file>
      <input_file id="fl-10b">
         <path>C:\ti\ccsv7\tools\compiler\ti-cgt-arm_16.9.6.LTS\lib\</path>
         <kind>archive</kind>
         <file>rtsv7M4_T_le_v4SPD16_eabi.lib</file>
         <name>fd_toi_t2.obj</name>
      </input_file>
      <input_file id="fl-10c">
         <path>C:\ti\ccsv7\tools\compiler\ti-cgt-arm_16.9.6.LTS\lib\</path>
         <kind>archive</kind>
         <file>rtsv7M4_T_le_v4SPD16_eabi.lib</file>
         <name>i_div0.obj</name>
      </input_file>
      <input_file id="fl-10d">
         <path>C:\ti\ccsv7\tools\compiler\ti-cgt-arm_16.9.6.LTS\lib\</path>
         <kind>archive</kind>
         <file>rtsv7M4_T_le_v4SPD16_eabi.lib</file>
         <name>i_tofd_t2.obj</name>
      </input_file>
      <input_file id="fl-10e">
         <path>C:\ti\ccsv7\tools\compiler\ti-cgt-arm_16.9.6.LTS\lib\</path>
         <kind>archive</kind>
         <file>rtsv7M4_T_le_v4SPD16_eabi.lib</file>
         <name>l_div0.obj</name>
      </input_file>
      <input_file id="fl-10f">
         <path>C:\ti\ccsv7\tools\compiler\ti-cgt-arm_16.9.6.LTS\lib\</path>
         <kind>archive</kind>
         <file>rtsv7M4_T_le_v4SPD16_eabi.lib</file>
         <name>ltoa.obj</name>
      </input_file>
      <input_file id="fl-110">
         <path>C:\ti\ccsv7\tools\compiler\ti-cgt-arm_16.9.6.LTS\lib\</path>
         <kind>archive</kind>
         <file>rtsv7M4_T_le_v4SPD16_eabi.lib</file>
         <name>memccpy.obj</name>
      </input_file>
      <input_file id="fl-111">
         <path>C:\ti\ccsv7\tools\compiler\ti-cgt-arm_16.9.6.LTS\lib\</path>
         <kind>archive</kind>
         <file>rtsv7M4_T_le_v4SPD16_eabi.lib</file>
         <name>s_frexp.obj</name>
      </input_file>
      <input_file id="fl-112">
         <path>C:\ti\ccsv7\tools\compiler\ti-cgt-arm_16.9.6.LTS\lib\</path>
         <kind>archive</kind>
         <file>rtsv7M4_T_le_v4SPD16_eabi.lib</file>
         <name>s_scalbn.obj</name>
      </input_file>
      <input_file id="fl-113">
         <path>C:\ti\ccsv7\tools\compiler\ti-cgt-arm_16.9.6.LTS\lib\</path>
         <kind>archive</kind>
         <file>rtsv7M4_T_le_v4SPD16_eabi.lib</file>
         <name>startup.obj</name>
      </input_file>
      <input_file id="fl-114">
         <path>C:\ti\ccsv7\tools\compiler\ti-cgt-arm_16.9.6.LTS\lib\</path>
         <kind>archive</kind>
         <file>rtsv7M4_T_le_v4SPD16_eabi.lib</file>
         <name>strchr.obj</name>
      </input_file>
      <input_file id="fl-115">
         <path>C:\ti\ccsv7\tools\compiler\ti-cgt-arm_16.9.6.LTS\lib\</path>
         <kind>archive</kind>
         <file>rtsv7M4_T_le_v4SPD16_eabi.lib</file>
         <name>strlen.obj</name>
      </input_file>
      <input_file id="fl-116">
         <path>C:\ti\ccsv7\tools\compiler\ti-cgt-arm_16.9.6.LTS\lib\</path>
         <kind>archive</kind>
         <file>rtsv7M4_T_le_v4SPD16_eabi.lib</file>
         <name>ull_div_t2.obj</name>
      </input_file>
      <input_file id="fl-117">
         <path>C:\ti\ccsv7\tools\compiler\ti-cgt-arm_16.9.6.LTS\lib\</path>
         <kind>archive</kind>
         <file>rtsv7M4_T_le_v4SPD16_eabi.lib</file>
         <name>errno.obj</name>
      </input_file>
      <input_file id="fl-118">
         <path>C:\ti\ccsv7\tools\compiler\ti-cgt-arm_16.9.6.LTS\lib\</path>
         <kind>archive</kind>
         <file>rtsv7M4_T_le_v4SPD16_eabi.lib</file>
         <name>s_copysign.obj</name>
      </input_file>
   </input_file_list>
   <object_component_list>
      <object_component id="oc-2c">
         <name>.intvecs:retain</name>
         <load_address>0x0</load_address>
         <run_address>0x0</run_address>
         <size>0xe4</size>
         <input_file_ref idref="fl-4"/>
      </object_component>
      <object_component id="oc-334">
         <name>.text</name>
         <load_address>0xe8</load_address>
         <run_address>0xe8</run_address>
         <size>0x9b38</size>
         <input_file_ref idref="fl-10"/>
      </object_component>
      <object_component id="oc-354">
         <name>.text</name>
         <load_address>0x9c20</load_address>
         <run_address>0x9c20</run_address>
         <size>0x11b8</size>
         <input_file_ref idref="fl-e"/>
      </object_component>
      <object_component id="oc-447">
         <name>.text</name>
         <load_address>0xadd8</load_address>
         <run_address>0xadd8</run_address>
         <size>0x113e</size>
         <input_file_ref idref="fl-101"/>
      </object_component>
      <object_component id="oc-296">
         <name>.text</name>
         <load_address>0xbf16</load_address>
         <run_address>0xbf16</run_address>
         <size>0x2</size>
         <input_file_ref idref="fl-10c"/>
      </object_component>
      <object_component id="oc-92">
         <name>.text</name>
         <load_address>0xbf18</load_address>
         <run_address>0xbf18</run_address>
         <size>0xb68</size>
         <input_file_ref idref="fl-c"/>
      </object_component>
      <object_component id="oc-269">
         <name>.text</name>
         <load_address>0xca80</load_address>
         <run_address>0xca80</run_address>
         <size>0x87c</size>
         <input_file_ref idref="fl-11"/>
      </object_component>
      <object_component id="oc-30e">
         <name>.text:CPU_wfi</name>
         <load_address>0xd2fc</load_address>
         <run_address>0xd2fc</run_address>
         <size>0x4</size>
         <input_file_ref idref="fl-3a"/>
      </object_component>
      <object_component id="oc-80">
         <name>.text</name>
         <load_address>0xd300</load_address>
         <run_address>0xd300</run_address>
         <size>0x748</size>
         <input_file_ref idref="fl-26"/>
      </object_component>
      <object_component id="oc-27b">
         <name>.text</name>
         <load_address>0xda48</load_address>
         <run_address>0xda48</run_address>
         <size>0x340</size>
         <input_file_ref idref="fl-9"/>
      </object_component>
      <object_component id="oc-86">
         <name>.text</name>
         <load_address>0xdd88</load_address>
         <run_address>0xdd88</run_address>
         <size>0x310</size>
         <input_file_ref idref="fl-17"/>
      </object_component>
      <object_component id="oc-8c">
         <name>.text</name>
         <load_address>0xe098</load_address>
         <run_address>0xe098</run_address>
         <size>0x300</size>
         <input_file_ref idref="fl-13"/>
      </object_component>
      <object_component id="oc-d4">
         <name>.text</name>
         <load_address>0xe398</load_address>
         <run_address>0xe398</run_address>
         <size>0x2b8</size>
         <input_file_ref idref="fl-5"/>
      </object_component>
      <object_component id="oc-438">
         <name>.text</name>
         <load_address>0xe650</load_address>
         <run_address>0xe650</run_address>
         <size>0x21e</size>
         <input_file_ref idref="fl-f5"/>
      </object_component>
      <object_component id="oc-4de">
         <name>.text</name>
         <load_address>0xe86e</load_address>
         <run_address>0xe86e</run_address>
         <size>0x1f4</size>
         <input_file_ref idref="fl-116"/>
      </object_component>
      <object_component id="oc-323">
         <name>.text:CS_startHFXT</name>
         <load_address>0xea62</load_address>
         <run_address>0xea62</run_address>
         <size>0x6</size>
         <input_file_ref idref="fl-2f"/>
      </object_component>
      <object_component id="oc-275">
         <name>.text</name>
         <load_address>0xea68</load_address>
         <run_address>0xea68</run_address>
         <size>0x1d0</size>
         <input_file_ref idref="fl-f"/>
      </object_component>
      <object_component id="oc-50d">
         <name>.text</name>
         <load_address>0xec38</load_address>
         <run_address>0xec38</run_address>
         <size>0x1b6</size>
         <input_file_ref idref="fl-107"/>
      </object_component>
      <object_component id="oc-4d3">
         <name>.text</name>
         <load_address>0xedee</load_address>
         <run_address>0xedee</run_address>
         <size>0x2</size>
         <input_file_ref idref="fl-10e"/>
      </object_component>
      <object_component id="oc-263">
         <name>.text</name>
         <load_address>0xedf0</load_address>
         <run_address>0xedf0</run_address>
         <size>0x1a8</size>
         <input_file_ref idref="fl-15"/>
      </object_component>
      <object_component id="oc-2bf">
         <name>.text:__PCM_setPowerStateAdvanced</name>
         <load_address>0xef98</load_address>
         <run_address>0xef98</run_address>
         <size>0x1a0</size>
         <input_file_ref idref="fl-34"/>
      </object_component>
      <object_component id="oc-281">
         <name>.text</name>
         <load_address>0xf138</load_address>
         <run_address>0xf138</run_address>
         <size>0x150</size>
         <input_file_ref idref="fl-d"/>
      </object_component>
      <object_component id="oc-26f">
         <name>.text</name>
         <load_address>0xf288</load_address>
         <run_address>0xf288</run_address>
         <size>0x144</size>
         <input_file_ref idref="fl-b"/>
      </object_component>
      <object_component id="oc-4f3">
         <name>.text</name>
         <load_address>0xf3cc</load_address>
         <run_address>0xf3cc</run_address>
         <size>0x136</size>
         <input_file_ref idref="fl-109"/>
      </object_component>
      <object_component id="oc-53">
         <name>.text</name>
         <load_address>0xf502</load_address>
         <run_address>0xf502</run_address>
         <size>0x2</size>
         <input_file_ref idref="fl-f9"/>
      </object_component>
      <object_component id="oc-394">
         <name>.text:CS_getDCOFrequency</name>
         <load_address>0xf504</load_address>
         <run_address>0xf504</run_address>
         <size>0x104</size>
         <input_file_ref idref="fl-2f"/>
      </object_component>
      <object_component id="oc-4ee">
         <name>.text</name>
         <load_address>0xf608</load_address>
         <run_address>0xf608</run_address>
         <size>0xfc</size>
         <input_file_ref idref="fl-10a"/>
      </object_component>
      <object_component id="oc-518">
         <name>.text</name>
         <load_address>0xf704</load_address>
         <run_address>0xf704</run_address>
         <size>0xfc</size>
         <input_file_ref idref="fl-112"/>
      </object_component>
      <object_component id="oc-158">
         <name>.text:CS_initClockSignal</name>
         <load_address>0xf800</load_address>
         <run_address>0xf800</run_address>
         <size>0xe0</size>
         <input_file_ref idref="fl-2f"/>
      </object_component>
      <object_component id="oc-3e5">
         <name>.text:__PCM_setPowerModeAdvanced</name>
         <load_address>0xf8e0</load_address>
         <run_address>0xf8e0</run_address>
         <size>0xdc</size>
         <input_file_ref idref="fl-34"/>
      </object_component>
      <object_component id="oc-182">
         <name>.text:I2C_setSlaveAddress</name>
         <load_address>0xf9bc</load_address>
         <run_address>0xf9bc</run_address>
         <size>0x4</size>
         <input_file_ref idref="fl-32"/>
      </object_component>
      <object_component id="oc-25d">
         <name>.text</name>
         <load_address>0xf9c0</load_address>
         <run_address>0xf9c0</run_address>
         <size>0xce</size>
         <input_file_ref idref="fl-14"/>
      </object_component>
      <object_component id="oc-b9">
         <name>.text</name>
         <load_address>0xfa8e</load_address>
         <run_address>0xfa8e</run_address>
         <size>0x2</size>
         <input_file_ref idref="fl-113"/>
      </object_component>
      <object_component id="oc-3df">
         <name>.text:__PCM_setCoreVoltageLevelAdvanced</name>
         <load_address>0xfa90</load_address>
         <run_address>0xfa90</run_address>
         <size>0xb0</size>
         <input_file_ref idref="fl-34"/>
      </object_component>
      <object_component id="oc-3f7">
         <name>.text:CS_startHFXTWithTimeout</name>
         <load_address>0xfb40</load_address>
         <run_address>0xfb40</run_address>
         <size>0x9c</size>
         <input_file_ref idref="fl-2f"/>
      </object_component>
      <object_component id="oc-288">
         <name>.text:_CSComputeCLKFrequency</name>
         <load_address>0xfbdc</load_address>
         <run_address>0xfbdc</run_address>
         <size>0x9c</size>
         <input_file_ref idref="fl-2f"/>
      </object_component>
      <object_component id="oc-3b">
         <name>.text</name>
         <load_address>0xfc78</load_address>
         <run_address>0xfc78</run_address>
         <size>0x9c</size>
         <input_file_ref idref="fl-f7"/>
      </object_component>
      <object_component id="oc-367">
         <name>.text:UART_initModule</name>
         <load_address>0xfd14</load_address>
         <run_address>0xfd14</run_address>
         <size>0x94</size>
         <input_file_ref idref="fl-38"/>
      </object_component>
      <object_component id="oc-373">
         <name>.text</name>
         <load_address>0xfda8</load_address>
         <run_address>0xfda8</run_address>
         <size>0x94</size>
         <input_file_ref idref="fl-fc"/>
      </object_component>
      <object_component id="oc-4e9">
         <name>.text:__aeabi_cdcmple</name>
         <load_address>0xfe3c</load_address>
         <run_address>0xfe3c</run_address>
         <size>0x86</size>
         <input_file_ref idref="fl-108"/>
      </object_component>
      <object_component id="oc-4f8">
         <name>.text:__aeabi_cdrcmple</name>
         <load_address>0xfec2</load_address>
         <run_address>0xfec2</run_address>
         <size>0x86</size>
         <input_file_ref idref="fl-108"/>
      </object_component>
      <object_component id="oc-257">
         <name>.text</name>
         <load_address>0xff48</load_address>
         <run_address>0xff48</run_address>
         <size>0x7c</size>
         <input_file_ref idref="fl-a"/>
      </object_component>
      <object_component id="oc-3cd">
         <name>.text:PCM_gotoLPM3</name>
         <load_address>0xffc4</load_address>
         <run_address>0xffc4</run_address>
         <size>0x7c</size>
         <input_file_ref idref="fl-34"/>
      </object_component>
      <object_component id="oc-47">
         <name>.text</name>
         <load_address>0x10040</load_address>
         <run_address>0x10040</run_address>
         <size>0x7a</size>
         <input_file_ref idref="fl-f8"/>
      </object_component>
      <object_component id="oc-4b1">
         <name>.text:_CSGetHFXTFrequency</name>
         <load_address>0x100bc</load_address>
         <run_address>0x100bc</run_address>
         <size>0x70</size>
         <input_file_ref idref="fl-2f"/>
      </object_component>
      <object_component id="oc-5f">
         <name>.text</name>
         <load_address>0x1012c</load_address>
         <run_address>0x1012c</run_address>
         <size>0x70</size>
         <input_file_ref idref="fl-104"/>
      </object_component>
      <object_component id="oc-14">
         <name>.text:decompress:lzss</name>
         <load_address>0x1019c</load_address>
         <run_address>0x1019c</run_address>
         <size>0x68</size>
         <input_file_ref idref="fl-f1"/>
      </object_component>
      <object_component id="oc-134">
         <name>.text:Interrupt_disableInterrupt</name>
         <load_address>0x10204</load_address>
         <run_address>0x10204</run_address>
         <size>0x64</size>
         <input_file_ref idref="fl-33"/>
      </object_component>
      <object_component id="oc-122">
         <name>.text:Interrupt_enableInterrupt</name>
         <load_address>0x10268</load_address>
         <run_address>0x10268</run_address>
         <size>0x64</size>
         <input_file_ref idref="fl-33"/>
      </object_component>
      <object_component id="oc-512">
         <name>.text</name>
         <load_address>0x102cc</load_address>
         <run_address>0x102cc</run_address>
         <size>0x64</size>
         <input_file_ref idref="fl-111"/>
      </object_component>
      <object_component id="oc-1de">
         <name>.text:LCD_WriteData</name>
         <load_address>0x10330</load_address>
         <run_address>0x10330</run_address>
         <size>0x5c</size>
         <input_file_ref idref="fl-c"/>
      </object_component>
      <object_component id="oc-59">
         <name>.text</name>
         <load_address>0x1038c</load_address>
         <run_address>0x1038c</run_address>
         <size>0x4</size>
         <input_file_ref idref="fl-fa"/>
      </object_component>
      <object_component id="oc-1d7">
         <name>.text:LCD_WriteIndex</name>
         <load_address>0x10390</load_address>
         <run_address>0x10390</run_address>
         <size>0x5c</size>
         <input_file_ref idref="fl-c"/>
      </object_component>
      <object_component id="oc-26">
         <name>.text</name>
         <load_address>0x103ec</load_address>
         <run_address>0x103ec</run_address>
         <size>0x54</size>
         <input_file_ref idref="fl-f0"/>
      </object_component>
      <object_component id="oc-6b">
         <name>.text</name>
         <load_address>0x10440</load_address>
         <run_address>0x10440</run_address>
         <size>0x54</size>
         <input_file_ref idref="fl-f4"/>
      </object_component>
      <object_component id="oc-502">
         <name>.text</name>
         <load_address>0x10494</load_address>
         <run_address>0x10494</run_address>
         <size>0x54</size>
         <input_file_ref idref="fl-10f"/>
      </object_component>
      <object_component id="oc-3d9">
         <name>.text:PCM_shutdownDevice</name>
         <load_address>0x104e8</load_address>
         <run_address>0x104e8</run_address>
         <size>0x50</size>
         <input_file_ref idref="fl-34"/>
      </object_component>
      <object_component id="oc-47d">
         <name>.text:SysCtl_getTLVInfo</name>
         <load_address>0x10538</load_address>
         <run_address>0x10538</run_address>
         <size>0x50</size>
         <input_file_ref idref="fl-36"/>
      </object_component>
      <object_component id="oc-7b">
         <name>.text</name>
         <load_address>0x10588</load_address>
         <run_address>0x10588</run_address>
         <size>0x4c</size>
         <input_file_ref idref="fl-27"/>
      </object_component>
      <object_component id="oc-13a">
         <name>.text:GPIO_setAsPeripheralModuleFunctionOutputPin</name>
         <load_address>0x105d4</load_address>
         <run_address>0x105d4</run_address>
         <size>0x4c</size>
         <input_file_ref idref="fl-31"/>
      </object_component>
      <object_component id="oc-477">
         <name>.text:_CSGetDOCFrequency</name>
         <load_address>0x10620</load_address>
         <run_address>0x10620</run_address>
         <size>0x4c</size>
         <input_file_ref idref="fl-2f"/>
      </object_component>
      <object_component id="oc-524">
         <name>.text</name>
         <load_address>0x1066c</load_address>
         <run_address>0x1066c</run_address>
         <size>0x4c</size>
         <input_file_ref idref="fl-103"/>
      </object_component>
      <object_component id="oc-b3">
         <name>.text</name>
         <load_address>0x106b8</load_address>
         <run_address>0x106b8</run_address>
         <size>0x4c</size>
         <input_file_ref idref="fl-105"/>
      </object_component>
      <object_component id="oc-361">
         <name>.text:GPIO_setAsPeripheralModuleFunctionInputPin</name>
         <load_address>0x10704</load_address>
         <run_address>0x10704</run_address>
         <size>0x48</size>
         <input_file_ref idref="fl-31"/>
      </object_component>
      <object_component id="oc-38e">
         <name>.text:_CSGetDividerValue</name>
         <load_address>0x1074c</load_address>
         <run_address>0x1074c</run_address>
         <size>0x48</size>
         <input_file_ref idref="fl-2f"/>
      </object_component>
      <object_component id="oc-4fd">
         <name>.text</name>
         <load_address>0x10794</load_address>
         <run_address>0x10794</run_address>
         <size>0x48</size>
         <input_file_ref idref="fl-10b"/>
      </object_component>
      <object_component id="oc-102">
         <name>.text</name>
         <load_address>0x107dc</load_address>
         <run_address>0x107dc</run_address>
         <size>0x40</size>
         <input_file_ref idref="fl-ff"/>
      </object_component>
      <object_component id="oc-17c">
         <name>.text:I2C_initMaster</name>
         <load_address>0x1081c</load_address>
         <run_address>0x1081c</run_address>
         <size>0x3e</size>
         <input_file_ref idref="fl-32"/>
      </object_component>
      <object_component id="oc-1ac">
         <name>.text:I2C_getEnabledInterruptStatus</name>
         <load_address>0x1085a</load_address>
         <run_address>0x1085a</run_address>
         <size>0x6</size>
         <input_file_ref idref="fl-32"/>
      </object_component>
      <object_component id="oc-e7">
         <name>.text</name>
         <load_address>0x10860</load_address>
         <run_address>0x10860</run_address>
         <size>0x3a</size>
         <input_file_ref idref="fl-8"/>
      </object_component>
      <object_component id="oc-194">
         <name>.text:I2C_masterSendMultiByteStart</name>
         <load_address>0x1089c</load_address>
         <run_address>0x1089c</run_address>
         <size>0x38</size>
         <input_file_ref idref="fl-32"/>
      </object_component>
      <object_component id="oc-1b8">
         <name>.text:I2C_masterSendMultiByteStop</name>
         <load_address>0x108d4</load_address>
         <run_address>0x108d4</run_address>
         <size>0x30</size>
         <input_file_ref idref="fl-32"/>
      </object_component>
      <object_component id="oc-508">
         <name>.text</name>
         <load_address>0x10904</load_address>
         <run_address>0x10904</run_address>
         <size>0x2e</size>
         <input_file_ref idref="fl-10d"/>
      </object_component>
      <object_component id="oc-1a0">
         <name>.text:I2C_getInterruptStatus</name>
         <load_address>0x10932</load_address>
         <run_address>0x10932</run_address>
         <size>0x6</size>
         <input_file_ref idref="fl-32"/>
      </object_component>
      <object_component id="oc-1e8">
         <name>.text</name>
         <load_address>0x10938</load_address>
         <run_address>0x10938</run_address>
         <size>0x2c</size>
         <input_file_ref idref="fl-7"/>
      </object_component>
      <object_component id="oc-49b">
         <name>.text:PCM_getCoreVoltageLevel</name>
         <load_address>0x10964</load_address>
         <run_address>0x10964</run_address>
         <size>0x2c</size>
         <input_file_ref idref="fl-34"/>
      </object_component>
      <object_component id="oc-486">
         <name>.text:PCM_getPowerMode</name>
         <load_address>0x10990</load_address>
         <run_address>0x10990</run_address>
         <size>0x2a</size>
         <input_file_ref idref="fl-34"/>
      </object_component>
      <object_component id="oc-146">
         <name>.text:FlashCtl_setWaitState</name>
         <load_address>0x109bc</load_address>
         <run_address>0x109bc</run_address>
         <size>0x28</size>
         <input_file_ref idref="fl-30"/>
      </object_component>
      <object_component id="oc-212">
         <name>.text:PCM_gotoLPM0</name>
         <load_address>0x109e4</load_address>
         <run_address>0x109e4</run_address>
         <size>0x28</size>
         <input_file_ref idref="fl-34"/>
      </object_component>
      <object_component id="oc-39a">
         <name>.text:CS_clearInterruptFlag</name>
         <load_address>0x10a0c</load_address>
         <run_address>0x10a0c</run_address>
         <size>0x24</size>
         <input_file_ref idref="fl-2f"/>
      </object_component>
      <object_component id="oc-152">
         <name>.text:CS_setDCOCenteredFrequency</name>
         <load_address>0x10a30</load_address>
         <run_address>0x10a30</run_address>
         <size>0x24</size>
         <input_file_ref idref="fl-2f"/>
      </object_component>
      <object_component id="oc-1c4">
         <name>.text:I2C_masterSendMultiByteNext</name>
         <load_address>0x10a54</load_address>
         <run_address>0x10a54</run_address>
         <size>0x24</size>
         <input_file_ref idref="fl-32"/>
      </object_component>
      <object_component id="oc-128">
         <name>.text:Interrupt_setPriority</name>
         <load_address>0x10a78</load_address>
         <run_address>0x10a78</run_address>
         <size>0x24</size>
         <input_file_ref idref="fl-33"/>
      </object_component>
      <object_component id="oc-493">
         <name>.text:RTC_C_holdClock</name>
         <load_address>0x10a9c</load_address>
         <run_address>0x10a9c</run_address>
         <size>0x24</size>
         <input_file_ref idref="fl-35"/>
      </object_component>
      <object_component id="oc-379">
         <name>.text:UART_transmitData</name>
         <load_address>0x10ac0</load_address>
         <run_address>0x10ac0</run_address>
         <size>0x24</size>
         <input_file_ref idref="fl-38"/>
      </object_component>
      <object_component id="oc-33f">
         <name>.text</name>
         <load_address>0x10ae8</load_address>
         <run_address>0x10ae8</run_address>
         <size>0x20</size>
         <input_file_ref idref="fl-12"/>
      </object_component>
      <object_component id="oc-52a">
         <name>.text</name>
         <load_address>0x10b08</load_address>
         <run_address>0x10b08</run_address>
         <size>0x1c</size>
         <input_file_ref idref="fl-110"/>
      </object_component>
      <object_component id="oc-ed">
         <name>.text:CS_getMCLK</name>
         <load_address>0x10b24</load_address>
         <run_address>0x10b24</run_address>
         <size>0x18</size>
         <input_file_ref idref="fl-2f"/>
      </object_component>
      <object_component id="oc-16a">
         <name>.text:CS_getSMCLK</name>
         <load_address>0x10b3c</load_address>
         <run_address>0x10b3c</run_address>
         <size>0x18</size>
         <input_file_ref idref="fl-2f"/>
      </object_component>
      <object_component id="oc-24b">
         <name>.text:WDT_A_clearTimer</name>
         <load_address>0x10b54</load_address>
         <run_address>0x10b54</run_address>
         <size>0x18</size>
         <input_file_ref idref="fl-39"/>
      </object_component>
      <object_component id="oc-251">
         <name>.text:WDT_A_holdTimer</name>
         <load_address>0x10b6c</load_address>
         <run_address>0x10b6c</run_address>
         <size>0x18</size>
         <input_file_ref idref="fl-39"/>
      </object_component>
      <object_component id="oc-65">
         <name>.text</name>
         <load_address>0x10b84</load_address>
         <run_address>0x10b84</run_address>
         <size>0x18</size>
         <input_file_ref idref="fl-102"/>
      </object_component>
      <object_component id="oc-433">
         <name>.text</name>
         <load_address>0x10b9c</load_address>
         <run_address>0x10b9c</run_address>
         <size>0x18</size>
         <input_file_ref idref="fl-f6"/>
      </object_component>
      <object_component id="oc-51e">
         <name>.text</name>
         <load_address>0x10bb4</load_address>
         <run_address>0x10bb4</run_address>
         <size>0x16</size>
         <input_file_ref idref="fl-114"/>
      </object_component>
      <object_component id="oc-140">
         <name>.text:CS_setExternalClockSourceFrequency</name>
         <load_address>0x10bcc</load_address>
         <run_address>0x10bcc</run_address>
         <size>0x14</size>
         <input_file_ref idref="fl-2f"/>
      </object_component>
      <object_component id="oc-170">
         <name>.text:I2C_isBusBusy</name>
         <load_address>0x10be0</load_address>
         <run_address>0x10be0</run_address>
         <size>0x14</size>
         <input_file_ref idref="fl-32"/>
      </object_component>
      <object_component id="oc-e1">
         <name>.text:SysTick_enableInterrupt</name>
         <load_address>0x10bf4</load_address>
         <run_address>0x10bf4</run_address>
         <size>0x14</size>
         <input_file_ref idref="fl-37"/>
      </object_component>
      <object_component id="oc-c1">
         <name>.text</name>
         <load_address>0x10c08</load_address>
         <run_address>0x10c08</run_address>
         <size>0x14</size>
         <input_file_ref idref="fl-3"/>
      </object_component>
      <object_component id="oc-222">
         <name>.text</name>
         <load_address>0x10c1c</load_address>
         <run_address>0x10c1c</run_address>
         <size>0x14</size>
         <input_file_ref idref="fl-100"/>
      </object_component>
      <object_component id="oc-55d">
         <name>.text</name>
         <load_address>0x10c30</load_address>
         <run_address>0x10c30</run_address>
         <size>0x14</size>
         <input_file_ref idref="fl-118"/>
      </object_component>
      <object_component id="oc-4e3">
         <name>.text</name>
         <load_address>0x10c44</load_address>
         <run_address>0x10c44</run_address>
         <size>0x14</size>
         <input_file_ref idref="fl-115"/>
      </object_component>
      <object_component id="oc-75">
         <name>.text</name>
         <load_address>0x10c58</load_address>
         <run_address>0x10c58</run_address>
         <size>0x12</size>
         <input_file_ref idref="fl-4"/>
      </object_component>
      <object_component id="oc-1a6">
         <name>.text:I2C_masterReceiveStart</name>
         <load_address>0x10c6a</load_address>
         <run_address>0x10c6a</run_address>
         <size>0x10</size>
         <input_file_ref idref="fl-32"/>
      </object_component>
      <object_component id="oc-12e">
         <name>.text:Interrupt_enableMaster</name>
         <load_address>0x10c7a</load_address>
         <run_address>0x10c7a</run_address>
         <size>0x10</size>
         <input_file_ref idref="fl-33"/>
      </object_component>
      <object_component id="oc-3d3">
         <name>.text:PCM_gotoLPM4</name>
         <load_address>0x10c8a</load_address>
         <run_address>0x10c8a</run_address>
         <size>0x10</size>
         <input_file_ref idref="fl-34"/>
      </object_component>
      <object_component id="oc-4ab">
         <name>.text:SysCtl_disableNMISource</name>
         <load_address>0x10c9c</load_address>
         <run_address>0x10c9c</run_address>
         <size>0x10</size>
         <input_file_ref idref="fl-36"/>
      </object_component>
      <object_component id="oc-4b7">
         <name>.text:SysCtl_enableNMISource</name>
         <load_address>0x10cac</load_address>
         <run_address>0x10cac</run_address>
         <size>0x10</size>
         <input_file_ref idref="fl-36"/>
      </object_component>
      <object_component id="oc-f3">
         <name>.text</name>
         <load_address>0x10cbc</load_address>
         <run_address>0x10cbc</run_address>
         <size>0xe</size>
         <input_file_ref idref="fl-24"/>
      </object_component>
      <object_component id="oc-1b2">
         <name>.text:I2C_clearInterruptFlag</name>
         <load_address>0x10cca</load_address>
         <run_address>0x10cca</run_address>
         <size>0xe</size>
         <input_file_ref idref="fl-32"/>
      </object_component>
      <object_component id="oc-19a">
         <name>.text:I2C_disableInterrupt</name>
         <load_address>0x10cd8</load_address>
         <run_address>0x10cd8</run_address>
         <size>0xe</size>
         <input_file_ref idref="fl-32"/>
      </object_component>
      <object_component id="oc-1a">
         <name>.text:decompress:none</name>
         <load_address>0x10ce6</load_address>
         <run_address>0x10ce6</run_address>
         <size>0xe</size>
         <input_file_ref idref="fl-f2"/>
      </object_component>
      <object_component id="oc-2ab">
         <name>.text:CPU_cpsie</name>
         <load_address>0x10cf4</load_address>
         <run_address>0x10cf4</run_address>
         <size>0xc</size>
         <input_file_ref idref="fl-3a"/>
      </object_component>
      <object_component id="oc-176">
         <name>.text:I2C_disableModule</name>
         <load_address>0x10d00</load_address>
         <run_address>0x10d00</run_address>
         <size>0xc</size>
         <input_file_ref idref="fl-32"/>
      </object_component>
      <object_component id="oc-188">
         <name>.text:I2C_enableModule</name>
         <load_address>0x10d0c</load_address>
         <run_address>0x10d0c</run_address>
         <size>0xc</size>
         <input_file_ref idref="fl-32"/>
      </object_component>
      <object_component id="oc-3c7">
         <name>.text:PCM_getPowerState</name>
         <load_address>0x10d18</load_address>
         <run_address>0x10d18</run_address>
         <size>0xc</size>
         <input_file_ref idref="fl-34"/>
      </object_component>
      <object_component id="oc-4a5">
         <name>.text:SysCtl_getNMISourceStatus</name>
         <load_address>0x10d24</load_address>
         <run_address>0x10d24</run_address>
         <size>0xc</size>
         <input_file_ref idref="fl-36"/>
      </object_component>
      <object_component id="oc-36d">
         <name>.text:UART_enableModule</name>
         <load_address>0x10d30</load_address>
         <run_address>0x10d30</run_address>
         <size>0xc</size>
         <input_file_ref idref="fl-38"/>
      </object_component>
      <object_component id="oc-20">
         <name>.text:decompress:ZI</name>
         <load_address>0x10d3c</load_address>
         <run_address>0x10d3c</run_address>
         <size>0xc</size>
         <input_file_ref idref="fl-f3"/>
      </object_component>
      <object_component id="oc-18e">
         <name>.text:I2C_enableInterrupt</name>
         <load_address>0x10d48</load_address>
         <run_address>0x10d48</run_address>
         <size>0x8</size>
         <input_file_ref idref="fl-32"/>
      </object_component>
      <object_component id="oc-31d">
         <name>.text:PCM_setCoreVoltageLevel</name>
         <load_address>0x10d50</load_address>
         <run_address>0x10d50</run_address>
         <size>0x8</size>
         <input_file_ref idref="fl-34"/>
      </object_component>
      <object_component id="oc-48c">
         <name>.text:PCM_setPowerMode</name>
         <load_address>0x10d58</load_address>
         <run_address>0x10d58</run_address>
         <size>0x8</size>
         <input_file_ref idref="fl-34"/>
      </object_component>
      <object_component id="oc-14c">
         <name>.text:PCM_setPowerState</name>
         <load_address>0x10d60</load_address>
         <run_address>0x10d60</run_address>
         <size>0x8</size>
         <input_file_ref idref="fl-34"/>
      </object_component>
      <object_component id="oc-1be">
         <name>.text:I2C_masterReceiveMultiByteNext</name>
         <load_address>0x10d68</load_address>
         <run_address>0x10d68</run_address>
         <size>0x6</size>
         <input_file_ref idref="fl-32"/>
      </object_component>
      <object_component id="oc-42c">
         <name>.text:SysCtlDelay</name>
         <load_address>0x10d6e</load_address>
         <run_address>0x10d6e</run_address>
         <size>0x6</size>
         <input_file_ref idref="fl-12"/>
      </object_component>
      <object_component id="oc-2f9">
         <name>.const:AsciiLib</name>
         <load_address>0x10d74</load_address>
         <run_address>0x10d74</run_address>
         <size>0x5f0</size>
         <input_file_ref idref="fl-7"/>
      </object_component>
      <object_component id="oc-56a">
         <name>.const:.string:_ctypes_</name>
         <load_address>0x11364</load_address>
         <run_address>0x11364</run_address>
         <size>0x101</size>
         <input_file_ref idref="fl-106"/>
      </object_component>
      <object_component id="oc-41d">
         <name>.const:.string:INVALID_OFFSET</name>
         <load_address>0x11465</load_address>
         <run_address>0x11465</run_address>
         <size>0x3</size>
         <input_file_ref idref="fl-10"/>
      </object_component>
      <object_component id="oc-2a7">
         <name>.const:g_pulRegs</name>
         <load_address>0x11468</load_address>
         <run_address>0x11468</run_address>
         <size>0x50</size>
         <input_file_ref idref="fl-33"/>
      </object_component>
      <object_component id="oc-2a2">
         <name>.const</name>
         <load_address>0x114b8</load_address>
         <run_address>0x114b8</run_address>
         <size>0x40</size>
         <input_file_ref idref="fl-33"/>
      </object_component>
      <object_component id="oc-37f">
         <name>.const:backChannelUart115200Config</name>
         <load_address>0x114f8</load_address>
         <run_address>0x114f8</run_address>
         <size>0x24</size>
         <input_file_ref idref="fl-9"/>
      </object_component>
      <object_component id="oc-1ee">
         <name>.const:.string:$P$T0$1</name>
         <load_address>0x1151c</load_address>
         <run_address>0x1151c</run_address>
         <size>0x20</size>
         <input_file_ref idref="fl-c"/>
      </object_component>
      <object_component id="oc-420">
         <name>.const:yas532_version_ac_coef</name>
         <load_address>0x1153c</load_address>
         <run_address>0x1153c</run_address>
         <size>0xc</size>
         <input_file_ref idref="fl-10"/>
      </object_component>
      <object_component id="oc-424">
         <name>.const:v_calib_data$2</name>
         <load_address>0x11548</load_address>
         <run_address>0x11548</run_address>
         <size>0x8</size>
         <input_file_ref idref="fl-10"/>
      </object_component>
      <object_component id="oc-35d">
         <name>.const:.string:$P$T0$1</name>
         <load_address>0x11550</load_address>
         <run_address>0x11550</run_address>
         <size>0x5</size>
         <input_file_ref idref="fl-f"/>
      </object_component>
      <object_component id="oc-423">
         <name>.const:.string:v_correct_u8$1</name>
         <load_address>0x11555</load_address>
         <run_address>0x11555</run_address>
         <size>0x5</size>
         <input_file_ref idref="fl-10"/>
      </object_component>
      <object_component id="oc-5b7">
         <name>.cinit..data.load</name>
         <load_address>0x11560</load_address>
         <run_address>0x11560</run_address>
         <size>0x4c</size>
      </object_component>
      <object_component id="oc-5b5">
         <name>__TI_handler_table</name>
         <load_address>0x115ac</load_address>
         <run_address>0x115ac</run_address>
         <size>0xc</size>
      </object_component>
      <object_component id="oc-5b8">
         <name>.cinit..bss.load</name>
         <load_address>0x115b8</load_address>
         <run_address>0x115b8</run_address>
         <size>0x8</size>
      </object_component>
      <object_component id="oc-5b6">
         <name>__TI_cinit_table</name>
         <load_address>0x115c0</load_address>
         <run_address>0x115c0</run_address>
         <size>0x10</size>
      </object_component>
      <object_component id="oc-592">
         <name>.binit</name>
         <load_address>0x0</load_address>
         <run_address>0x0</run_address>
         <size>0x0</size>
      </object_component>
      <object_component id="oc-22e">
         <name>.data</name>
         <load_address>0x2000e5d4</load_address>
         <run_address>0x2000e5d4</run_address>
         <size>0x4</size>
         <input_file_ref idref="fl-5"/>
      </object_component>
      <object_component id="oc-1e5">
         <name>.data</name>
         <load_address>0x2000e5d8</load_address>
         <run_address>0x2000e5d8</run_address>
         <size>0x2</size>
         <input_file_ref idref="fl-c"/>
      </object_component>
      <object_component id="oc-411">
         <name>.data</name>
         <load_address>0x2000e5c0</load_address>
         <run_address>0x2000e5c0</run_address>
         <size>0x8</size>
         <input_file_ref idref="fl-10"/>
      </object_component>
      <object_component id="oc-409">
         <name>.data:v_fifo_data_u8</name>
         <load_address>0x2000e168</load_address>
         <run_address>0x2000e168</run_address>
         <size>0x400</size>
         <input_file_ref idref="fl-10"/>
      </object_component>
      <object_component id="oc-1d2">
         <name>.data</name>
         <load_address>0x2000e5db</load_address>
         <run_address>0x2000e5db</run_address>
         <size>0x1</size>
         <input_file_ref idref="fl-13"/>
      </object_component>
      <object_component id="oc-1ca">
         <name>.data:i2cConfig</name>
         <load_address>0x2000e598</load_address>
         <run_address>0x2000e598</run_address>
         <size>0x14</size>
         <input_file_ref idref="fl-13"/>
      </object_component>
      <object_component id="oc-15e">
         <name>.data</name>
         <load_address>0x2000e5c8</load_address>
         <run_address>0x2000e5c8</run_address>
         <size>0x4</size>
         <input_file_ref idref="fl-17"/>
      </object_component>
      <object_component id="oc-10a">
         <name>.data</name>
         <load_address>0x2000e5da</load_address>
         <run_address>0x2000e5da</run_address>
         <size>0x1</size>
         <input_file_ref idref="fl-26"/>
      </object_component>
      <object_component id="oc-2b3">
         <name>.data:GPIO_PORT_TO_BASE</name>
         <load_address>0x2000e568</load_address>
         <run_address>0x2000e568</run_address>
         <size>0x30</size>
         <input_file_ref idref="fl-31"/>
      </object_component>
      <object_component id="oc-c9">
         <name>.data:$O1$$</name>
         <load_address>0x2000e5ac</load_address>
         <run_address>0x2000e5ac</run_address>
         <size>0xc</size>
         <input_file_ref idref="fl-f4"/>
      </object_component>
      <object_component id="oc-71">
         <name>.data</name>
         <load_address>0x2000e5d0</load_address>
         <run_address>0x2000e5d0</run_address>
         <size>0x4</size>
         <input_file_ref idref="fl-fe"/>
      </object_component>
      <object_component id="oc-cc">
         <name>.data:$O1$$</name>
         <load_address>0x2000e5b8</load_address>
         <run_address>0x2000e5b8</run_address>
         <size>0x8</size>
         <input_file_ref idref="fl-100"/>
      </object_component>
      <object_component id="oc-563">
         <name>.data</name>
         <load_address>0x2000e5cc</load_address>
         <run_address>0x2000e5cc</run_address>
         <size>0x4</size>
         <input_file_ref idref="fl-117"/>
      </object_component>
      <object_component id="oc-382">
         <name>.bss:backChannelStringBuff</name>
         <uninitialized>true</uninitialized>
         <run_address>0x2000debc</run_address>
         <size>0x100</size>
         <input_file_ref idref="fl-9"/>
      </object_component>
      <object_component id="oc-430">
         <name>.bss</name>
         <uninitialized>true</uninitialized>
         <run_address>0x2000e134</run_address>
         <size>0x4</size>
         <input_file_ref idref="fl-e"/>
      </object_component>
      <object_component id="oc-406">
         <name>.bss</name>
         <uninitialized>true</uninitialized>
         <run_address>0x2000e138</run_address>
         <size>0x4</size>
         <input_file_ref idref="fl-10"/>
      </object_component>
      <object_component id="oc-414">
         <name>.bss:mag_trim</name>
         <uninitialized>true</uninitialized>
         <run_address>0x2000e10c</run_address>
         <size>0x10</size>
         <input_file_ref idref="fl-10"/>
      </object_component>
      <object_component id="oc-417">
         <name>.bss:akm_asa_data</name>
         <uninitialized>true</uninitialized>
         <run_address>0x2000e160</run_address>
         <size>0x3</size>
         <input_file_ref idref="fl-10"/>
      </object_component>
      <object_component id="oc-41a">
         <name>.bss:yas532_data</name>
         <uninitialized>true</uninitialized>
         <run_address>0x2000e04c</run_address>
         <size>0x70</size>
         <input_file_ref idref="fl-10"/>
      </object_component>
      <object_component id="oc-32f">
         <name>.bss:buf</name>
         <uninitialized>true</uninitialized>
         <run_address>0x2000e13c</run_address>
         <size>0x4</size>
         <input_file_ref idref="fl-15"/>
      </object_component>
      <object_component id="oc-32c">
         <name>.bss</name>
         <uninitialized>true</uninitialized>
         <run_address>0x2000e164</run_address>
         <size>0x2</size>
         <input_file_ref idref="fl-15"/>
      </object_component>
      <object_component id="oc-fc">
         <name>.bss:threadControlBlocks</name>
         <uninitialized>true</uninitialized>
         <run_address>0x2000d000</run_address>
         <size>0x478</size>
         <input_file_ref idref="fl-26"/>
      </object_component>
      <object_component id="oc-107">
         <name>.bss:threadStacks</name>
         <uninitialized>true</uninitialized>
         <run_address>0x20000000</run_address>
         <size>0xd000</size>
         <input_file_ref idref="fl-26"/>
      </object_component>
      <object_component id="oc-ff">
         <name>.bss:Pthread</name>
         <uninitialized>true</uninitialized>
         <run_address>0x2000dfbc</run_address>
         <size>0x90</size>
         <input_file_ref idref="fl-26"/>
      </object_component>
      <object_component id="oc-f8">
         <name>.bss</name>
         <uninitialized>true</uninitialized>
         <run_address>0x2000e11c</run_address>
         <size>0xc</size>
         <input_file_ref idref="fl-26"/>
      </object_component>
      <object_component id="oc-350">
         <name>.common:ButtonFunction</name>
         <uninitialized>true</uninitialized>
         <run_address>0x2000e140</run_address>
         <size>0x4</size>
      </object_component>
      <object_component id="oc-1f1">
         <name>.common:calibration</name>
         <uninitialized>true</uninitialized>
         <run_address>0x2000e14c</run_address>
         <size>0x4</size>
      </object_component>
      <object_component id="oc-35a">
         <name>.common:bme280</name>
         <uninitialized>true</uninitialized>
         <run_address>0x2000e0bc</run_address>
         <size>0x3c</size>
      </object_component>
      <object_component id="oc-410">
         <name>.common:accel_fifo</name>
         <uninitialized>true</uninitialized>
         <run_address>0x2000d478</run_address>
         <size>0x36c</size>
      </object_component>
      <object_component id="oc-40f">
         <name>.common:gyro_fifo</name>
         <uninitialized>true</uninitialized>
         <run_address>0x2000d7e4</run_address>
         <size>0x36c</size>
      </object_component>
      <object_component id="oc-40c">
         <name>.common:mag_fifo</name>
         <uninitialized>true</uninitialized>
         <run_address>0x2000db50</run_address>
         <size>0x36c</size>
      </object_component>
      <object_component id="oc-33a">
         <name>.common:s_bmi160</name>
         <uninitialized>true</uninitialized>
         <run_address>0x2000e0f8</run_address>
         <size>0x14</size>
      </object_component>
      <object_component id="oc-33d">
         <name>.common:gyroxyz</name>
         <uninitialized>true</uninitialized>
         <run_address>0x2000e12e</run_address>
         <size>0x6</size>
      </object_component>
      <object_component id="oc-33e">
         <name>.common:accelxyz</name>
         <uninitialized>true</uninitialized>
         <run_address>0x2000e128</run_address>
         <size>0x6</size>
      </object_component>
      <object_component id="oc-1d0">
         <name>.common:ui8Status</name>
         <uninitialized>true</uninitialized>
         <run_address>0x2000e167</run_address>
         <size>0x1</size>
      </object_component>
      <object_component id="oc-1cd">
         <name>.common:pData</name>
         <uninitialized>true</uninitialized>
         <run_address>0x2000e15c</run_address>
         <size>0x4</size>
      </object_component>
      <object_component id="oc-1d5">
         <name>.common:ui8DummyRead</name>
         <uninitialized>true</uninitialized>
         <run_address>0x2000e166</run_address>
         <size>0x1</size>
      </object_component>
      <object_component id="oc-1d1">
         <name>.common:g_ui32ByteCount</name>
         <uninitialized>true</uninitialized>
         <run_address>0x2000e150</run_address>
         <size>0x4</size>
      </object_component>
      <object_component id="oc-161">
         <name>.common:IntIsMasked</name>
         <uninitialized>true</uninitialized>
         <run_address>0x2000e163</run_address>
         <size>0x1</size>
      </object_component>
      <object_component id="oc-db">
         <name>.common:CurrentlyRunningThread</name>
         <uninitialized>true</uninitialized>
         <run_address>0x2000e144</run_address>
         <size>0x4</size>
      </object_component>
      <object_component id="oc-fb">
         <name>.common:SystemTime</name>
         <uninitialized>true</uninitialized>
         <run_address>0x2000e148</run_address>
         <size>0x4</size>
      </object_component>
      <object_component id="oc-2bb">
         <name>.common:hfxtFreq</name>
         <uninitialized>true</uninitialized>
         <run_address>0x2000e154</run_address>
         <size>0x4</size>
      </object_component>
      <object_component id="oc-2b8">
         <name>.common:lfxtFreq</name>
         <uninitialized>true</uninitialized>
         <run_address>0x2000e158</run_address>
         <size>0x4</size>
      </object_component>
      <object_component id="oc-2f">
         <name>.stack</name>
         <uninitialized>true</uninitialized>
         <run_address>0x2000fe00</run_address>
         <size>0x0</size>
         <input_file_ref idref="fl-f0"/>
      </object_component>
      <object_component id="oc-5b9">
         <name>.stack</name>
         <uninitialized>true</uninitialized>
         <run_address>0x2000fe00</run_address>
         <size>0x0</size>
      </object_component>
      <object_component id="oc-2a1">
         <name>.debug_info</name>
         <load_address>0x0</load_address>
         <run_address>0x0</run_address>
         <size>0x907</size>
         <input_file_ref idref="fl-2"/>
      </object_component>
      <object_component id="oc-3a4">
         <name>.debug_info</name>
         <load_address>0x907</load_address>
         <run_address>0x907</run_address>
         <size>0x323</size>
         <input_file_ref idref="fl-2"/>
      </object_component>
      <object_component id="oc-3a9">
         <name>.debug_info</name>
         <load_address>0xc2a</load_address>
         <run_address>0xc2a</run_address>
         <size>0x7d</size>
         <input_file_ref idref="fl-2"/>
      </object_component>
      <object_component id="oc-165">
         <name>.debug_info</name>
         <load_address>0xca7</load_address>
         <run_address>0xca7</run_address>
         <size>0x13e</size>
         <input_file_ref idref="fl-2"/>
      </object_component>
      <object_component id="oc-2cc">
         <name>.debug_info</name>
         <load_address>0xde5</load_address>
         <run_address>0xde5</run_address>
         <size>0x60f</size>
         <input_file_ref idref="fl-2"/>
      </object_component>
      <object_component id="oc-113">
         <name>.debug_info</name>
         <load_address>0x13f4</load_address>
         <run_address>0x13f4</run_address>
         <size>0x37e2</size>
         <input_file_ref idref="fl-2"/>
      </object_component>
      <object_component id="oc-234">
         <name>.debug_info</name>
         <load_address>0x4bd6</load_address>
         <run_address>0x4bd6</run_address>
         <size>0x1055</size>
         <input_file_ref idref="fl-2"/>
      </object_component>
      <object_component id="oc-2f0">
         <name>.debug_info</name>
         <load_address>0x5c2b</load_address>
         <run_address>0x5c2b</run_address>
         <size>0x9a</size>
         <input_file_ref idref="fl-2"/>
      </object_component>
      <object_component id="oc-3c0">
         <name>.debug_info</name>
         <load_address>0x5cc5</load_address>
         <run_address>0x5cc5</run_address>
         <size>0x1b5</size>
         <input_file_ref idref="fl-2"/>
      </object_component>
      <object_component id="oc-1fa">
         <name>.debug_info</name>
         <load_address>0x5e7a</load_address>
         <run_address>0x5e7a</run_address>
         <size>0xa5</size>
         <input_file_ref idref="fl-2"/>
      </object_component>
      <object_component id="oc-2d1">
         <name>.debug_info</name>
         <load_address>0x5f1f</load_address>
         <run_address>0x5f1f</run_address>
         <size>0x6c8</size>
         <input_file_ref idref="fl-2"/>
      </object_component>
      <object_component id="oc-118">
         <name>.debug_info</name>
         <load_address>0x65e7</load_address>
         <run_address>0x65e7</run_address>
         <size>0x8b</size>
         <input_file_ref idref="fl-2"/>
      </object_component>
      <object_component id="oc-10e">
         <name>.debug_info</name>
         <load_address>0x6672</load_address>
         <run_address>0x6672</run_address>
         <size>0x18b</size>
         <input_file_ref idref="fl-2"/>
      </object_component>
      <object_component id="oc-aa">
         <name>.debug_info</name>
         <load_address>0x67fd</load_address>
         <run_address>0x67fd</run_address>
         <size>0x2c</size>
         <input_file_ref idref="fl-2"/>
      </object_component>
      <object_component id="oc-459">
         <name>.debug_info</name>
         <load_address>0x6829</load_address>
         <run_address>0x6829</run_address>
         <size>0x4e</size>
         <input_file_ref idref="fl-2"/>
      </object_component>
      <object_component id="oc-465">
         <name>.debug_info</name>
         <load_address>0x6877</load_address>
         <run_address>0x6877</run_address>
         <size>0xee</size>
         <input_file_ref idref="fl-2"/>
      </object_component>
      <object_component id="oc-31a">
         <name>.debug_info</name>
         <load_address>0x6965</load_address>
         <run_address>0x6965</run_address>
         <size>0x8b1</size>
         <input_file_ref idref="fl-3"/>
      </object_component>
      <object_component id="oc-c2">
         <name>.debug_info</name>
         <load_address>0x7216</load_address>
         <run_address>0x7216</run_address>
         <size>0x11b</size>
         <input_file_ref idref="fl-3"/>
      </object_component>
      <object_component id="oc-387">
         <name>.debug_info</name>
         <load_address>0x7331</load_address>
         <run_address>0x7331</run_address>
         <size>0x51</size>
         <input_file_ref idref="fl-3"/>
      </object_component>
      <object_component id="oc-11d">
         <name>.debug_info</name>
         <load_address>0x7382</load_address>
         <run_address>0x7382</run_address>
         <size>0x8b</size>
         <input_file_ref idref="fl-3"/>
      </object_component>
      <object_component id="oc-46f">
         <name>.debug_info</name>
         <load_address>0x740d</load_address>
         <run_address>0x740d</run_address>
         <size>0xc8</size>
         <input_file_ref idref="fl-3"/>
      </object_component>
      <object_component id="oc-245">
         <name>.debug_info</name>
         <load_address>0x74d5</load_address>
         <run_address>0x74d5</run_address>
         <size>0x338</size>
         <input_file_ref idref="fl-3"/>
      </object_component>
      <object_component id="oc-239">
         <name>.debug_info</name>
         <load_address>0x780d</load_address>
         <run_address>0x780d</run_address>
         <size>0x2c</size>
         <input_file_ref idref="fl-3"/>
      </object_component>
      <object_component id="oc-46a">
         <name>.debug_info</name>
         <load_address>0x7839</load_address>
         <run_address>0x7839</run_address>
         <size>0x661</size>
         <input_file_ref idref="fl-3"/>
      </object_component>
      <object_component id="oc-9a">
         <name>.debug_info</name>
         <load_address>0x7e9a</load_address>
         <run_address>0x7e9a</run_address>
         <size>0x2a9</size>
         <input_file_ref idref="fl-4"/>
      </object_component>
      <object_component id="oc-2d">
         <name>.debug_info</name>
         <load_address>0x8143</load_address>
         <run_address>0x8143</run_address>
         <size>0xe7</size>
         <input_file_ref idref="fl-4"/>
      </object_component>
      <object_component id="oc-78">
         <name>.debug_info</name>
         <load_address>0x822a</load_address>
         <run_address>0x822a</run_address>
         <size>0x1ae</size>
         <input_file_ref idref="fl-4"/>
      </object_component>
      <object_component id="oc-36">
         <name>.debug_info</name>
         <load_address>0x83d8</load_address>
         <run_address>0x83d8</run_address>
         <size>0x84</size>
         <input_file_ref idref="fl-4"/>
      </object_component>
      <object_component id="oc-22f">
         <name>.debug_info</name>
         <load_address>0x845c</load_address>
         <run_address>0x845c</run_address>
         <size>0xe0</size>
         <input_file_ref idref="fl-5"/>
      </object_component>
      <object_component id="oc-d5">
         <name>.debug_info</name>
         <load_address>0x853c</load_address>
         <run_address>0x853c</run_address>
         <size>0x24c</size>
         <input_file_ref idref="fl-5"/>
      </object_component>
      <object_component id="oc-2fd">
         <name>.debug_info</name>
         <load_address>0x8788</load_address>
         <run_address>0x8788</run_address>
         <size>0x283</size>
         <input_file_ref idref="fl-7"/>
      </object_component>
      <object_component id="oc-2fa">
         <name>.debug_info</name>
         <load_address>0x8a0b</load_address>
         <run_address>0x8a0b</run_address>
         <size>0xdf</size>
         <input_file_ref idref="fl-7"/>
      </object_component>
      <object_component id="oc-1ea">
         <name>.debug_info</name>
         <load_address>0x8aea</load_address>
         <run_address>0x8aea</run_address>
         <size>0x1ac</size>
         <input_file_ref idref="fl-7"/>
      </object_component>
      <object_component id="oc-e9">
         <name>.debug_info</name>
         <load_address>0x8c96</load_address>
         <run_address>0x8c96</run_address>
         <size>0x261</size>
         <input_file_ref idref="fl-8"/>
      </object_component>
      <object_component id="oc-2eb">
         <name>.debug_info</name>
         <load_address>0x8ef7</load_address>
         <run_address>0x8ef7</run_address>
         <size>0x6c</size>
         <input_file_ref idref="fl-8"/>
      </object_component>
      <object_component id="oc-386">
         <name>.debug_info</name>
         <load_address>0x8f63</load_address>
         <run_address>0x8f63</run_address>
         <size>0x78d</size>
         <input_file_ref idref="fl-9"/>
      </object_component>
      <object_component id="oc-380">
         <name>.debug_info</name>
         <load_address>0x96f0</load_address>
         <run_address>0x96f0</run_address>
         <size>0x10c</size>
         <input_file_ref idref="fl-9"/>
      </object_component>
      <object_component id="oc-383">
         <name>.debug_info</name>
         <load_address>0x97fc</load_address>
         <run_address>0x97fc</run_address>
         <size>0x100</size>
         <input_file_ref idref="fl-9"/>
      </object_component>
      <object_component id="oc-27c">
         <name>.debug_info</name>
         <load_address>0x98fc</load_address>
         <run_address>0x98fc</run_address>
         <size>0xae3</size>
         <input_file_ref idref="fl-9"/>
      </object_component>
      <object_component id="oc-258">
         <name>.debug_info</name>
         <load_address>0xa3df</load_address>
         <run_address>0xa3df</run_address>
         <size>0x267</size>
         <input_file_ref idref="fl-a"/>
      </object_component>
      <object_component id="oc-351">
         <name>.debug_info</name>
         <load_address>0xa646</load_address>
         <run_address>0xa646</run_address>
         <size>0x5ad</size>
         <input_file_ref idref="fl-b"/>
      </object_component>
      <object_component id="oc-270">
         <name>.debug_info</name>
         <load_address>0xabf3</load_address>
         <run_address>0xabf3</run_address>
         <size>0x444</size>
         <input_file_ref idref="fl-b"/>
      </object_component>
      <object_component id="oc-1f2">
         <name>.debug_info</name>
         <load_address>0xb037</load_address>
         <run_address>0xb037</run_address>
         <size>0x5f0</size>
         <input_file_ref idref="fl-c"/>
      </object_component>
      <object_component id="oc-1e6">
         <name>.debug_info</name>
         <load_address>0xb627</load_address>
         <run_address>0xb627</run_address>
         <size>0xec</size>
         <input_file_ref idref="fl-c"/>
      </object_component>
      <object_component id="oc-1ef">
         <name>.debug_info</name>
         <load_address>0xb713</load_address>
         <run_address>0xb713</run_address>
         <size>0xdc</size>
         <input_file_ref idref="fl-c"/>
      </object_component>
      <object_component id="oc-93">
         <name>.debug_info</name>
         <load_address>0xb7ef</load_address>
         <run_address>0xb7ef</run_address>
         <size>0x1e92</size>
         <input_file_ref idref="fl-c"/>
      </object_component>
      <object_component id="oc-1df">
         <name>.debug_info</name>
         <load_address>0xd681</load_address>
         <run_address>0xd681</run_address>
         <size>0x18d</size>
         <input_file_ref idref="fl-c"/>
      </object_component>
      <object_component id="oc-1d8">
[...]
         <object_component_ref idref="oc-486"/>
      </symbol>
      <symbol id="sm-10c2">
         <name>PCM_getPowerState</name>
         <value>0x10d19</value>
         <object_component_ref idref="oc-3c7"/>
      </symbol>
      <symbol id="sm-10c3">
         <name>PCM_gotoLPM4</name>
         <value>0x10c8b</value>
         <object_component_ref idref="oc-3d3"/>
      </symbol>
      <symbol id="sm-10c4">
         <name>PCM_gotoLPM3</name>
         <value>0xffc5</value>
         <object_component_ref idref="oc-3cd"/>
      </symbol>
      <symbol id="sm-10c5">
         <name>PCM_gotoLPM0</name>
         <value>0x109e5</value>
         <object_component_ref idref="oc-212"/>
      </symbol>
      <symbol id="sm-10c6">
         <name>PCM_setPowerMode</name>
         <value>0x10d59</value>
         <object_component_ref idref="oc-48c"/>
      </symbol>
      <symbol id="sm-10d3">
         <name>RTC_C_holdClock</name>
         <value>0x10a9d</value>
         <object_component_ref idref="oc-493"/>
      </symbol>
      <symbol id="sm-1106">
         <name>SysCtl_getNMISourceStatus</name>
         <value>0x10d25</value>
         <object_component_ref idref="oc-4a5"/>
      </symbol>
      <symbol id="sm-1107">
         <name>SysCtl_enableNMISource</name>
         <value>0x10cad</value>
         <object_component_ref idref="oc-4b7"/>
      </symbol>
      <symbol id="sm-1108">
         <name>SysCtl_disableNMISource</name>
         <value>0x10c9d</value>
         <object_component_ref idref="oc-4ab"/>
      </symbol>
      <symbol id="sm-1109">
         <name>SysCtl_getTLVInfo</name>
         <value>0x10539</value>
         <object_component_ref idref="oc-47d"/>
      </symbol>
      <symbol id="sm-1115">
         <name>SysTick_enableInterrupt</name>
         <value>0x10bf5</value>
         <object_component_ref idref="oc-e1"/>
      </symbol>
      <symbol id="sm-113f">
         <name>UART_enableModule</name>
         <value>0x10d31</value>
         <object_component_ref idref="oc-36d"/>
      </symbol>
      <symbol id="sm-1140">
         <name>UART_transmitData</name>
         <value>0x10ac1</value>
         <object_component_ref idref="oc-379"/>
      </symbol>
      <symbol id="sm-1141">
         <name>UART_initModule</name>
         <value>0xfd15</value>
         <object_component_ref idref="oc-367"/>
      </symbol>
      <symbol id="sm-1157">
         <name>WDT_A_clearTimer</name>
         <value>0x10b55</value>
         <object_component_ref idref="oc-24b"/>
      </symbol>
      <symbol id="sm-1158">
         <name>WDT_A_holdTimer</name>
         <value>0x10b6d</value>
         <object_component_ref idref="oc-251"/>
      </symbol>
      <symbol id="sm-116a">
         <name>CPU_wfi</name>
         <value>0xd2fd</value>
         <object_component_ref idref="oc-30e"/>
      </symbol>
      <symbol id="sm-116b">
         <name>CPU_cpsie</name>
         <value>0x10cf5</value>
         <object_component_ref idref="oc-2ab"/>
      </symbol>
      <symbol id="sm-117c">
         <name>_c_int00</name>
         <value>0x103ed</value>
         <object_component_ref idref="oc-26"/>
      </symbol>
      <symbol id="sm-117d">
         <name>__stack</name>
         <value>0x2000fe00</value>
         <object_component_ref idref="oc-2f"/>
      </symbol>
      <symbol id="sm-119b">
         <name>__TI_decompress_lzss</name>
         <value>0x1019d</value>
         <object_component_ref idref="oc-14"/>
      </symbol>
      <symbol id="sm-11b2">
         <name>__TI_decompress_none</name>
         <value>0x10ce7</value>
         <object_component_ref idref="oc-1a"/>
      </symbol>
      <symbol id="sm-11c4">
         <name>__TI_zero_init</name>
         <value>0x10d3d</value>
         <object_component_ref idref="oc-20"/>
      </symbol>
      <symbol id="sm-11e5">
         <name>C$$EXIT</name>
         <value>0x10441</value>
         <object_component_ref idref="oc-6b"/>
      </symbol>
      <symbol id="sm-11e6">
         <name>abort</name>
         <value>0x10445</value>
         <object_component_ref idref="oc-6b"/>
      </symbol>
      <symbol id="sm-11e7">
         <name>exit</name>
         <value>0x1044d</value>
         <object_component_ref idref="oc-6b"/>
      </symbol>
      <symbol id="sm-11e8">
         <name>__TI_dtors_ptr</name>
         <value>0x2000e5b0</value>
         <object_component_ref idref="oc-c9"/>
      </symbol>
      <symbol id="sm-11e9">
         <name>__TI_cleanup_ptr</name>
         <value>0x2000e5ac</value>
         <object_component_ref idref="oc-c9"/>
      </symbol>
      <symbol id="sm-11ea">
         <name>__TI_enable_exit_profile_output</name>
         <value>0x2000e5b4</value>
         <object_component_ref idref="oc-c9"/>
      </symbol>
      <symbol id="sm-1209">
         <name>__aeabi_ldivmod</name>
         <value>0xe651</value>
         <object_component_ref idref="oc-438"/>
      </symbol>
      <symbol id="sm-1212">
         <name>__aeabi_lmul</name>
         <value>0x10b9d</value>
         <object_component_ref idref="oc-433"/>
      </symbol>
      <symbol id="sm-122d">
         <name>memcpy</name>
         <value>0xfc79</value>
         <object_component_ref idref="oc-3b"/>
      </symbol>
      <symbol id="sm-122e">
         <name>__aeabi_memcpy</name>
         <value>0xfc79</value>
         <object_component_ref idref="oc-3b"/>
      </symbol>
      <symbol id="sm-122f">
         <name>__aeabi_memcpy8</name>
         <value>0xfc79</value>
         <object_component_ref idref="oc-3b"/>
      </symbol>
      <symbol id="sm-1230">
         <name>__aeabi_memcpy4</name>
         <value>0xfc79</value>
         <object_component_ref idref="oc-3b"/>
      </symbol>
      <symbol id="sm-123f">
         <name>__aeabi_memset</name>
         <value>0x10043</value>
         <object_component_ref idref="oc-47"/>
      </symbol>
      <symbol id="sm-1240">
         <name>memset</name>
         <value>0x10049</value>
         <object_component_ref idref="oc-47"/>
      </symbol>
      <symbol id="sm-1241">
         <name>__aeabi_memset8</name>
         <value>0x10043</value>
         <object_component_ref idref="oc-47"/>
      </symbol>
      <symbol id="sm-1242">
         <name>__aeabi_memset4</name>
         <value>0x10043</value>
         <object_component_ref idref="oc-47"/>
      </symbol>
      <symbol id="sm-1243">
         <name>__aeabi_memclr8</name>
         <value>0x10041</value>
         <object_component_ref idref="oc-47"/>
      </symbol>
      <symbol id="sm-1244">
         <name>__aeabi_memclr4</name>
         <value>0x10041</value>
         <object_component_ref idref="oc-47"/>
      </symbol>
      <symbol id="sm-1245">
         <name>__aeabi_memclr</name>
         <value>0x10041</value>
         <object_component_ref idref="oc-47"/>
      </symbol>
      <symbol id="sm-124f">
         <name>__mpu_init</name>
         <value>0xf503</value>
         <object_component_ref idref="oc-53"/>
      </symbol>
      <symbol id="sm-1259">
         <name>_system_pre_init</name>
         <value>0x1038d</value>
         <object_component_ref idref="oc-59"/>
      </symbol>
      <symbol id="sm-127b">
         <name>snprintf</name>
         <value>0xfda9</value>
         <object_component_ref idref="oc-373"/>
      </symbol>
      <symbol id="sm-1284">
         <name>main_func_sp</name>
         <value>0x2000e5d0</value>
         <object_component_ref idref="oc-71"/>
      </symbol>
      <symbol id="sm-1293">
         <name>__aeabi_uidivmod</name>
         <value>0x107dd</value>
         <object_component_ref idref="oc-102"/>
      </symbol>
      <symbol id="sm-1294">
         <name>__aeabi_uidiv</name>
         <value>0x107dd</value>
         <object_component_ref idref="oc-102"/>
      </symbol>
      <symbol id="sm-12ad">
         <name>_nop</name>
         <value>0x10c2b</value>
         <object_component_ref idref="oc-222"/>
      </symbol>
      <symbol id="sm-12ae">
         <name>_lock</name>
         <value>0x2000e5b8</value>
         <object_component_ref idref="oc-cc"/>
      </symbol>
      <symbol id="sm-12af">
         <name>_unlock</name>
         <value>0x2000e5bc</value>
         <object_component_ref idref="oc-cc"/>
      </symbol>
      <symbol id="sm-12b0">
         <name>_register_lock</name>
         <value>0x10c23</value>
         <object_component_ref idref="oc-222"/>
      </symbol>
      <symbol id="sm-12b1">
         <name>_register_unlock</name>
         <value>0x10c1d</value>
         <object_component_ref idref="oc-222"/>
      </symbol>
      <symbol id="sm-13b2">
         <name>__TI_printfi</name>
         <value>0xb61d</value>
         <object_component_ref idref="oc-447"/>
      </symbol>
      <symbol id="sm-13c6">
         <name>_args_main</name>
         <value>0x10b85</value>
         <object_component_ref idref="oc-65"/>
      </symbol>
      <symbol id="sm-13dc">
         <name>atoi</name>
         <value>0x1066d</value>
         <object_component_ref idref="oc-524"/>
      </symbol>
      <symbol id="sm-1406">
         <name>__TI_auto_init</name>
         <value>0x1012d</value>
         <object_component_ref idref="oc-5f"/>
      </symbol>
      <symbol id="sm-1420">
         <name>copy_in</name>
         <value>0x106b9</value>
         <object_component_ref idref="oc-b3"/>
      </symbol>
      <symbol id="sm-142b">
         <name>_ctypes_</name>
         <value>0x11364</value>
         <object_component_ref idref="oc-56a"/>
      </symbol>
      <symbol id="sm-1442">
         <name>__aeabi_dsub</name>
         <value>0xec39</value>
         <object_component_ref idref="oc-50d"/>
      </symbol>
      <symbol id="sm-1443">
         <name>__aeabi_dadd</name>
         <value>0xec43</value>
         <object_component_ref idref="oc-50d"/>
      </symbol>
      <symbol id="sm-1465">
         <name>__aeabi_cdcmpeq</name>
         <value>0xfe3d</value>
         <object_component_ref idref="oc-4e9"/>
      </symbol>
      <symbol id="sm-1466">
         <name>__aeabi_cdcmple</name>
         <value>0xfe3d</value>
         <object_component_ref idref="oc-4e9"/>
      </symbol>
      <symbol id="sm-1467">
         <name>__aeabi_cdrcmple</name>
         <value>0xfec3</value>
         <object_component_ref idref="oc-4f8"/>
      </symbol>
      <symbol id="sm-147b">
         <name>__aeabi_ddiv</name>
         <value>0xf3cd</value>
         <object_component_ref idref="oc-4f3"/>
      </symbol>
      <symbol id="sm-1486">
         <name>__aeabi_dmul</name>
         <value>0xf609</value>
         <object_component_ref idref="oc-4ee"/>
      </symbol>
      <symbol id="sm-1490">
         <name>__aeabi_d2iz</name>
         <value>0x10795</value>
         <object_component_ref idref="oc-4fd"/>
      </symbol>
      <symbol id="sm-149a">
         <name>__aeabi_idiv0</name>
         <value>0xbf17</value>
         <object_component_ref idref="oc-296"/>
      </symbol>
      <symbol id="sm-14a4">
         <name>__aeabi_i2d</name>
         <value>0x10905</value>
         <object_component_ref idref="oc-508"/>
      </symbol>
      <symbol id="sm-14ae">
         <name>__aeabi_ldiv0</name>
         <value>0xedef</value>
         <object_component_ref idref="oc-4d3"/>
      </symbol>
      <symbol id="sm-14bd">
         <name>ltoa</name>
         <value>0x10495</value>
         <object_component_ref idref="oc-502"/>
      </symbol>
      <symbol id="sm-14cd">
         <name>memccpy</name>
         <value>0x10b09</value>
         <object_component_ref idref="oc-52a"/>
      </symbol>
      <symbol id="sm-14e8">
         <name>frexpl</name>
         <value>0x102cd</value>
         <object_component_ref idref="oc-512"/>
      </symbol>
      <symbol id="sm-14e9">
         <name>frexp</name>
         <value>0x102cd</value>
         <object_component_ref idref="oc-512"/>
      </symbol>
      <symbol id="sm-1506">
         <name>scalbn</name>
         <value>0xf705</value>
         <object_component_ref idref="oc-518"/>
      </symbol>
      <symbol id="sm-1507">
         <name>scalbnl</name>
         <value>0xf705</value>
         <object_component_ref idref="oc-518"/>
      </symbol>
      <symbol id="sm-1508">
         <name>ldexpl</name>
         <value>0xf705</value>
         <object_component_ref idref="oc-518"/>
      </symbol>
      <symbol id="sm-1509">
         <name>ldexp</name>
         <value>0xf705</value>
         <object_component_ref idref="oc-518"/>
      </symbol>
      <symbol id="sm-1513">
         <name>_system_post_cinit</name>
         <value>0xfa8f</value>
         <object_component_ref idref="oc-b9"/>
      </symbol>
      <symbol id="sm-1523">
         <name>strchr</name>
         <value>0x10bb5</value>
         <object_component_ref idref="oc-51e"/>
      </symbol>
      <symbol id="sm-1531">
         <name>strlen</name>
         <value>0x10c45</value>
         <object_component_ref idref="oc-4e3"/>
      </symbol>
      <symbol id="sm-154d">
         <name>__aeabi_uldivmod</name>
         <value>0xe86f</value>
         <object_component_ref idref="oc-4de"/>
      </symbol>
      <symbol id="sm-1555">
         <name>errno</name>
         <value>0x2000e5cc</value>
         <object_component_ref idref="oc-563"/>
      </symbol>
      <symbol id="sm-155f">
         <name>copysign</name>
         <value>0x10c31</value>
         <object_component_ref idref="oc-55d"/>
      </symbol>
      <symbol id="sm-1560">
         <name>copysignl</name>
         <value>0x10c31</value>
         <object_component_ref idref="oc-55d"/>
      </symbol>
      <symbol id="sm-1561">
         <name>__TI_static_base__</name>
         <value>0x0</value>
      </symbol>
      <symbol id="sm-1564">
         <name>SHT$$INIT_ARRAY$$Limit</name>
         <value>0x0</value>
      </symbol>
      <symbol id="sm-1565">
         <name>SHT$$INIT_ARRAY$$Base</name>
         <value>0x0</value>
      </symbol>
      <symbol id="sm-1566">
         <name>NMI_Handler</name>
         <value>0x10c69</value>
      </symbol>
      <symbol id="sm-1567">
         <name>HardFault_Handler</name>
         <value>0x10c69</value>
      </symbol>
      <symbol id="sm-1568">
         <name>MemManage_Handler</name>
         <value>0x10c69</value>
      </symbol>
      <symbol id="sm-1569">
         <name>BusFault_Handler</name>
         <value>0x10c69</value>
      </symbol>
      <symbol id="sm-156a">
         <name>UsageFault_Handler</name>
         <value>0x10c69</value>
      </symbol>
      <symbol id="sm-156b">
         <name>SVC_Handler</name>
         <value>0x10c69</value>
      </symbol>
      <symbol id="sm-156c">
         <name>DebugMon_Handler</name>
         <value>0x10c69</value>
      </symbol>
      <symbol id="sm-156d">
         <name>PendSV_Handler</name>
         <value>0x105ad</value>
      </symbol>
      <symbol id="sm-156e">
         <name>SysTick_Handler</name>
         <value>0xd371</value>
      </symbol>
      <symbol id="sm-156f">
         <name>PSS_IRQHandler</name>
         <value>0x10c69</value>
      </symbol>
      <symbol id="sm-1570">
         <name>CS_IRQHandler</name>
         <value>0x10c69</value>
      </symbol>
      <symbol id="sm-1571">
         <name>PCM_IRQHandler</name>
         <value>0x10c69</value>
      </symbol>
      <symbol id="sm-1572">
         <name>WDT_A_IRQHandler</name>
         <value>0x10c69</value>
      </symbol>
      <symbol id="sm-1573">
         <name>FPU_IRQHandler</name>
         <value>0x10c69</value>
      </symbol>
      <symbol id="sm-1574">
         <name>FLCTL_IRQHandler</name>
         <value>0x10c69</value>
      </symbol>
      <symbol id="sm-1575">
         <name>COMP_E0_IRQHandler</name>
         <value>0x10c69</value>
      </symbol>
      <symbol id="sm-1576">
         <name>COMP_E1_IRQHandler</name>
         <value>0x10c69</value>
      </symbol>
      <symbol id="sm-1577">
         <name>TA0_0_IRQHandler</name>
         <value>0x10c69</value>
      </symbol>
      <symbol id="sm-1578">
         <name>TA0_N_IRQHandler</name>
         <value>0x10c69</value>
      </symbol>
      <symbol id="sm-1579">
         <name>TA1_0_IRQHandler</name>
         <value>0x10c69</value>
      </symbol>
      <symbol id="sm-157a">
         <name>TA1_N_IRQHandler</name>
         <value>0x10c69</value>
      </symbol>
      <symbol id="sm-157b">
         <name>TA2_0_IRQHandler</name>
         <value>0x10c69</value>
      </symbol>
      <symbol id="sm-157c">
         <name>TA2_N_IRQHandler</name>
         <value>0x10c69</value>
      </symbol>
      <symbol id="sm-157d">
         <name>TA3_0_IRQHandler</name>
         <value>0x10c69</value>
      </symbol>
      <symbol id="sm-157e">
         <name>TA3_N_IRQHandler</name>
         <value>0x10c69</value>
      </symbol>
      <symbol id="sm-157f">
         <name>EUSCIA0_IRQHandler</name>
         <value>0xe071</value>
      </symbol>
      <symbol id="sm-1580">
         <name>EUSCIA1_IRQHandler</name>
         <value>0x10c69</value>
      </symbol>
      <symbol id="sm-1581">
         <name>EUSCIA2_IRQHandler</name>
         <value>0x10c69</value>
      </symbol>
      <symbol id="sm-1582">
         <name>EUSCIA3_IRQHandler</name>
         <value>0x10c69</value>
      </symbol>
      <symbol id="sm-1583">
         <name>EUSCIB0_IRQHandler</name>
         <value>0x10c69</value>
      </symbol>
      <symbol id="sm-1584">
         <name>EUSCIB1_IRQHandler</name>
         <value>0xe2e1</value>
      </symbol>
      <symbol id="sm-1585">
         <name>EUSCIB2_IRQHandler</name>
         <value>0x10c69</value>
      </symbol>
      <symbol id="sm-1586">
         <name>EUSCIB3_IRQHandler</name>
         <value>0x10c69</value>
      </symbol>
      <symbol id="sm-1587">
         <name>ADC14_IRQHandler</name>
         <value>0x10c69</value>
      </symbol>
      <symbol id="sm-1588">
         <name>T32_INT1_IRQHandler</name>
         <value>0x10c69</value>
      </symbol>
      <symbol id="sm-1589">
         <name>T32_INT2_IRQHandler</name>
         <value>0x10c69</value>
      </symbol>
      <symbol id="sm-158a">
         <name>T32_INTC_IRQHandler</name>
         <value>0x10c69</value>
      </symbol>
      <symbol id="sm-158b">
         <name>AES256_IRQHandler</name>
         <value>0x10c69</value>
      </symbol>
      <symbol id="sm-158c">
         <name>RTC_C_IRQHandler</name>
         <value>0x10c69</value>
      </symbol>
      <symbol id="sm-158d">
         <name>DMA_ERR_IRQHandler</name>
         <value>0x10c69</value>
      </symbol>
      <symbol id="sm-158e">
         <name>DMA_INT3_IRQHandler</name>
         <value>0x10c69</value>
      </symbol>
      <symbol id="sm-158f">
         <name>DMA_INT2_IRQHandler</name>
         <value>0x10c69</value>
      </symbol>
      <symbol id="sm-1590">
         <name>DMA_INT1_IRQHandler</name>
         <value>0x10c69</value>
      </symbol>
      <symbol id="sm-1591">
         <name>DMA_INT0_IRQHandler</name>
         <value>0x10c69</value>
      </symbol>
      <symbol id="sm-1592">
         <name>PORT1_IRQHandler</name>
         <value>0xe021</value>
      </symbol>
      <symbol id="sm-1593">
         <name>PORT2_IRQHandler</name>
         <value>0xe049</value>
      </symbol>
      <symbol id="sm-1594">
         <name>PORT3_IRQHandler</name>
         <value>0x10c69</value>
      </symbol>
      <symbol id="sm-1595">
         <name>PORT4_IRQHandler</name>
         <value>0xbf39</value>
      </symbol>
      <symbol id="sm-1596">
         <name>PORT5_IRQHandler</name>
         <value>0x10c69</value>
      </symbol>
      <symbol id="sm-1597">
         <name>PORT6_IRQHandler</name>
         <value>0x10c69</value>
      </symbol>
      <symbol id="sm-1598">
         <name>ClockSys_GetSysFreq</name>
         <value>0x10b25</value>
      </symbol>
      <symbol id="sm-1599">
         <name>bmi160_delay_ms</name>
         <value>0x10ae9</value>
      </symbol>
   </symbol_table>
   <title>Link successful</title>
</link_info>
